05-14 18:39:01.204  1271  1271 I MIUINDBG_TOMB_PARSER:     #00     #00 pc 0001153e  /data/app/com.xiaomi.dual-1/lib/arm/libva++.so (log+5)
05-14 18:39:01.204  1271  1271 I MIUINDBG_TOMB_PARSER:     #01     #01 pc 000119f3  /data/app/com.xiaomi.dual-1/lib/arm/libva++.so (new_recvfrom+22)
05-14 18:39:01.204  1271  1271 I MIUINDBG_TOMB_PARSER:     #02     #02 pc 00011a39  /data/app/com.xiaomi.dual-1/lib/arm/libva++.so (new_recvfrom+92)
05-14 18:39:01.204  1271  1271 I MIUINDBG_TOMB_PARSER:     #03     #03 pc 00011a39  /data/app/com.xiaomi.dual-1/lib/arm/libva++.so (new_recvfrom+92)
05-14 18:39:01.204  1271  1271 I MIUINDBG_TOMB_PARSER:     #04     #04 pc 00011a39  /data/app/com.xiaomi.dual-1/lib/arm/libva++.so (new_recvfrom+92)
05-14 18:39:01.204  1271  1271 I MIUINDBG_TOMB_PARSER:     #05     #05 pc 00011a39  /data/app/com.xiaomi.dual-1/lib/arm/libva++.so (new_recvfrom+92)
05-14 18:39:01.204  1271  1271 I MIUINDBG_TOMB_PARSER:     #06     #06 pc 00011a39  /data/app/com.xiaomi.dual-1/lib/arm/libva++.so (new_recvfrom+92)
05-14 18:39:01.204  1271  1271 I MIUINDBG_TOMB_PARSER:     #07     #07 pc 00011a39  /data/app/com.xiaomi.dual-1/lib/arm/libva++.so (new_recvfrom+92)
05-14 18:39:01.204  1271  1271 I MIUINDBG_TOMB_PARSER:     #08     #08 pc 00011a39  /data/app/com.xiaomi.dual-1/lib/arm/libva++.so (new_recvfrom+92)
05-14 18:39:01.210  1271  1271 I MIUINDBG_TOMB_PARSER:     #09     #09 pc 00011a39  /data/app/com.xiaomi.dual-1/lib/arm/libva++.so (new_recvfrom+92)
05-14 18:39:01.210  1271  1271 I MIUINDBG_TOMB_PARSER:     #10     #10 pc 00011a39  /data/app/com.xiaomi.dual-1/lib/arm/libva++.so (new_recvfrom+92)
05-14 18:39:01.210  1271  1271 I MIUINDBG_TOMB_PARSER:     #11     #11 pc 00011a39  /data/app/com.xiaomi.dual-1/lib/arm/libva++.so (new_recvfrom+92)
05-14 18:39:01.210  1271  1271 I MIUINDBG_TOMB_PARSER:     #12     #12 pc 00011a39  /data/app/com.xiaomi.dual-1/lib/arm/libva++.so (new_recvfrom+92)
05-14 18:39:01.210  1271  1271 I MIUINDBG_TOMB_PARSER:     #13     #13 pc 00011a39  /data/app/com.xiaomi.dual-1/lib/arm/libva++.so (new_recvfrom+92)
05-14 18:39:01.210  1271  1271 I MIUINDBG_TOMB_PARSER:     #14     #14 pc 00011a39  /data/app/com.xiaomi.dual-1/lib/arm/libva++.so (new_recvfrom+92)
05-14 18:39:01.210  1271  1271 I MIUINDBG_TOMB_PARSER:     #15     #15 pc 00011a39  /data/app/com.xiaomi.dual-1/lib/arm/libva++.so (new_recvfrom+92)
05-14 18:39:01.210  1271  1271 I MIUINDBG_TOMB_PARSER:     #16     #16 pc 00011a39  /data/app/com.xiaomi.dual-1/lib/arm/libva++.so (new_recvfrom+92)
05-14 18:39:01.210  1271  1271 I MIUINDBG_TOMB_PARSER:     #17     #17 pc 00011a39  /data/app/com.xiaomi.dual-1/lib/arm/libva++.so (new_recvfrom+92)
05-14 18:39:01.210  1271  1271 I MIUINDBG_TOMB_PARSER:     #18     #18 pc 00011a39  /data/app/com.xiaomi.dual-1/lib/arm/libva++.so (new_recvfrom+92)
05-14 18:39:01.210  1271  1271 I MIUINDBG_TOMB_PARSER:     #19     #19 pc 00011a39  /data/app/com.xiaomi.dual-1/lib/arm/libva++.so (new_recvfrom+92)
05-14 18:39:01.210  1271  1271 I MIUINDBG_TOMB_PARSER:     #20     #20 pc 00011a39  /data/app/com.xiaomi.dual-1/lib/arm/libva++.so (new_recvfrom+92)
05-14 18:39:01.210  1271  1271 I MIUINDBG_TOMB_PARSER:     #21     #21 pc 00011a39  /data/app/com.xiaomi.dual-1/lib/arm/libva++.so (new_recvfrom+92)
05-14 18:39:01.210  1271  1271 I MIUINDBG_TOMB_PARSER:     #22     #22 pc 00011a39  /data/app/com.xiaomi.dual-1/lib/arm/libva++.so (new_recvfrom+92)
05-14 18:39:01.210  1271  1271 I MIUINDBG_TOMB_PARSER:     #23     #23 pc 00011a39  /data/app/com.xiaomi.dual-1/lib/arm/libva++.so (new_recvfrom+92)
05-14 18:39:01.210  1271  1271 I MIUINDBG_TOMB_PARSER:     #24     #24 pc 00011a39  /data/app/com.xiaomi.dual-1/lib/arm/libva++.so (new_recvfrom+92)
05-14 18:39:01.210  1271  1271 I MIUINDBG_TOMB_PARSER:     #25     #25 pc 00011a39  /data/app/com.xiaomi.dual-1/lib/arm/libva++.so (new_recvfrom+92)
05-14 18:39:01.210  1271  1271 I MIUINDBG_TOMB_PARSER:     #26     #26 pc 00011a39  /data/app/com.xiaomi.dual-1/lib/arm/libva++.so (new_recvfrom+92)
05-14 18:39:01.216  1271  1271 I MIUINDBG_TOMB_PARSER:     #27     #27 pc 00011a39  /data/app/com.xiaomi.dual-1/lib/arm/libva++.so (new_recvfrom+92)
05-14 18:39:01.216  1271  1271 I MIUINDBG_TOMB_PARSER:     #28     #28 pc 00011a39  /data/app/com.xiaomi.dual-1/lib/arm/libva++.so (new_recvfrom+92)
05-14 18:39:01.216  1271  1271 I MIUINDBG_TOMB_PARSER:     #29     #29 pc 00011a39  /data/app/com.xiaomi.dual-1/lib/arm/libva++.so (new_recvfrom+92)
05-14 18:39:01.216  1271  1271 I MIUINDBG_TOMB_PARSER:     #30     #30 pc 00011a39  /data/app/com.xiaomi.dual-1/lib/arm/libva++.so (new_recvfrom+92)
05-14 18:39:01.216  1271  1271 I MIUINDBG_TOMB_PARSER:     #31     #31 pc 00011a39  /data/app/com.xiaomi.dual-1/lib/arm/libva++.so (new_recvfrom+92)
05-14 18:39:01.216  1271  1271 I MIUINDBG_TOMB_PARSER:     #32     #32 pc 00011a39  /data/app/com.xiaomi.dual-1/lib/arm/libva++.so (new_recvfrom+92)
05-14 18:39:01.216  1271  1271 I MIUINDBG_TOMB_PARSER:     #33     #33 pc 00011a39  /data/app/com.xiaomi.dual-1/lib/arm/libva++.so (new_recvfrom+92)
05-14 18:39:01.216  1271  1271 I MIUINDBG_TOMB_PARSER:     #34     #34 pc 00011a39  /data/app/com.xiaomi.dual-1/lib/arm/libva++.so (new_recvfrom+92)
05-14 18:39:01.216  1271  1271 I MIUINDBG_TOMB_PARSER:     #35     #35 pc 00011a39  /data/app/com.xiaomi.dual-1/lib/arm/libva++.so (new_recvfrom+92)
05-14 18:39:01.216  1271  1271 I MIUINDBG_TOMB_PARSER:     #36     #36 pc 00011a39  /data/app/com.xiaomi.dual-1/lib/arm/libva++.so (new_recvfrom+92)
05-14 18:39:01.216  1271  1271 I MIUINDBG_TOMB_PARSER:     #37     #37 pc 00011a39  /data/app/com.xiaomi.dual-1/lib/arm/libva++.so (new_recvfrom+92)
05-14 18:39:01.216  1271  1271 I MIUINDBG_TOMB_PARSER:     #38     #38 pc 00011a39  /data/app/com.xiaomi.dual-1/lib/arm/libva++.so (new_recvfrom+92)
05-14 18:39:01.216  1271  1271 I MIUINDBG_TOMB_PARSER:     #39     #39 pc 00011a39  /data/app/com.xiaomi.dual-1/lib/arm/libva++.so (new_recvfrom+92)
05-14 18:39:01.216  1271  1271 I MIUINDBG_TOMB_PARSER:     #40     #40 pc 00011a39  /data/app/com.xiaomi.dual-1/lib/arm/libva++.so (new_recvfrom+92)
05-14 18:39:01.216  1271  1271 I MIUINDBG_TOMB_PARSER:     #41     #41 pc 00011a39  /data/app/com.xiaomi.dual-1/lib/arm/libva++.so (new_recvfrom+92)
05-14 18:39:01.216  1271  1271 I MIUINDBG_TOMB_PARSER:     #42     #42 pc 00011a39  /data/app/com.xiaomi.dual-1/lib/arm/libva++.so (new_recvfrom+92)
05-14 18:39:01.216  1271  1271 I MIUINDBG_TOMB_PARSER:     #43     #43 pc 00011a39  /data/app/com.xiaomi.dual-1/lib/arm/libva++.so (new_recvfrom+92)
05-14 18:39:01.216  1271  1271 I MIUINDBG_TOMB_PARSER:     #44     #44 pc 00011a39  /data/app/com.xiaomi.dual-1/lib/arm/libva++.so (new_recvfrom+92)
05-14 18:39:01.216  1271  1271 I MIUINDBG_TOMB_PARSER:     #45     #45 pc 00011a39  /data/app/com.xiaomi.dual-1/lib/arm/libva++.so (new_recvfrom+92)
05-14 18:39:01.216  1271  1271 I MIUINDBG_TOMB_PARSER:     #46     #46 pc 00011a39  /data/app/com.xiaomi.dual-1/lib/arm/libva++.so (new_recvfrom+92)
05-14 18:39:01.216  1271  1271 I MIUINDBG_TOMB_PARSER:     #47     #47 pc 00011a39  /data/app/com.xiaomi.dual-1/lib/arm/libva++.so (new_recvfrom+92)
05-14 18:39:01.216  1271  1271 I MIUINDBG_TOMB_PARSER:     #48     #48 pc 00011a39  /data/app/com.xiaomi.dual-1/lib/arm/libva++.so (new_recvfrom+92)
05-14 18:39:01.216  1271  1271 I MIUINDBG_TOMB_PARSER:     #49     #49 pc 00011a39  /data/app/com.xiaomi.dual-1/lib/arm/libva++.so (new_recvfrom+92)
05-14 18:39:01.216  1271  1271 I MIUINDBG_TOMB_PARSER:     #50     #50 pc 00011a39  /data/app/com.xiaomi.dual-1/lib/arm/libva++.so (new_recvfrom+92)
05-14 18:39:01.216  1271  1271 I MIUINDBG_TOMB_PARSER:     #51     #51 pc 00011a39  /data/app/com.xiaomi.dual-1/lib/arm/libva++.so (new_recvfrom+92)
05-14 18:39:01.216  1271  1271 I MIUINDBG_TOMB_PARSER:     #52     #52 pc 00011a39  /data/app/com.xiaomi.dual-1/lib/arm/libva++.so (new_recvfrom+92)
05-14 18:39:01.216  1271  1271 I MIUINDBG_TOMB_PARSER:     #53     #53 pc 00011a39  /data/app/com.xiaomi.dual-1/lib/arm/libva++.so (new_recvfrom+92)
05-14 18:39:01.216  1271  1271 I MIUINDBG_TOMB_PARSER:     #54     #54 pc 00011a39  /data/app/com.xiaomi.dual-1/lib/arm/libva++.so (new_recvfrom+92)
05-14 18:39:01.216  1271  1271 I MIUINDBG_TOMB_PARSER:     #55     #55 pc 00011a39  /data/app/com.xiaomi.dual-1/lib/arm/libva++.so (new_recvfrom+92)
05-14 18:39:01.216  1271  1271 I MIUINDBG_TOMB_PARSER:     #56     #56 pc 00011a39  /data/app/com.xiaomi.dual-1/lib/arm/libva++.so (new_recvfrom+92)
05-14 18:39:01.216  1271  1271 I MIUINDBG_TOMB_PARSER:     #57     #57 pc 00011a39  /data/app/com.xiaomi.dual-1/lib/arm/libva++.so (new_recvfrom+92)
05-14 18:39:01.216  1271  1271 I MIUINDBG_TOMB_PARSER:     #58     #58 pc 00011a39  /data/app/com.xiaomi.dual-1/lib/arm/libva++.so (new_recvfrom+92)
05-14 18:39:01.216  1271  1271 I MIUINDBG_TOMB_PARSER:     #59     #59 pc 00011a39  /data/app/com.xiaomi.dual-1/lib/arm/libva++.so (new_recvfrom+92)
05-14 18:39:01.216  1271  1271 I MIUINDBG_TOMB_PARSER:     #60     #60 pc 00011a39  /data/app/com.xiaomi.dual-1/lib/arm/libva++.so (new_recvfrom+92)
05-14 18:39:01.216  1271  1271 I MIUINDBG_TOMB_PARSER:     #61     #61 pc 00011a39  /data/app/com.xiaomi.dual-1/lib/arm/libva++.so (new_recvfrom+92)
05-14 18:39:01.216  1271  1271 I MIUINDBG_TOMB_PARSER:     #62     #62 pc 00011a39  /data/app/com.xiaomi.dual-1/lib/arm/libva++.so (new_recvfrom+92)
05-14 18:39:01.216  1271  1271 I MIUINDBG_TOMB_PARSER:     #63     #63 pc 00011a39  /data/app/com.xiaomi.dual-1/lib/arm/libva++.so (new_recvfrom+92)
05-14 18:39:01.238  2119 10688 D GraphicsStats: Buffer count: 9
05-14 18:39:01.238  2119  5017 I ActivityManager: Process com.xiaomi.dual:p0 (pid 24559) has died
05-14 18:39:01.238  2119  5017 D ActivityManager: cleanUpApplicationRecord -- 24559
05-14 18:39:01.240  4063  5274 D PowerChecker.Notify: removeNotification, type = 0, uid = 10266, pkg = null
05-14 18:39:01.241  2119  2222 V UidProcStateHelper: process died:[24559,10266]
05-14 18:39:01.250  2119  5017 I Timeline: Timeline: App_transition_ready time:338760526
05-14 18:39:01.253  3675  3675 V PhoneStatusBarPolicy: updateManagedProfile mManagedProfileFocused: false mManagedProfileInQuietMode: false mKeyguardVisible: false mCurrentUserId:0 mCurrentProfileId:0 mSecondSpaceStatusIconVisible: true showIcon:false
05-14 18:39:01.256 24091 24114 W FlurryAgent: Flurry session resumed for context:io.virtualapp.home.HomeActivity@790ba3c
05-14 18:39:01.268  2119  8942 I OpenGLRenderer: Initialized EGL, version 1.4
05-14 18:39:01.290  2119 10717 I SplashScreenServiceDelegate: None for com.xiaomi.dual
05-14 18:39:01.295  2119  2272 I Timeline: Timeline: Activity_windows_visible id: ActivityRecord{1ea0c66 u0 com.xiaomi.dual/io.virtualapp.home.HomeActivity t2902} time:338760572
05-14 18:39:01.318  2119  5063 W System  : ClassLoader referenced unknown path: /system/framework/tcmclient.jar
05-14 18:39:01.340  3890  3956 I WtProcessController: MOVE TO FOREGROUND: com.xiaomi.dual 10266
05-14 18:39:01.340  4063  5007 D PowerKeeper.Event: notifyForegroundCompomentChanged ComponentInfo{com.xiaomi.dual/io.virtualapp.home.HomeActivity}
05-14 18:39:01.340  4063  6199 D PowerStateMachine: eventMessage id:100 name:foreground
05-14 18:39:01.340  3890  3956 I StatusController: Last foreground:com.xiaomi.dual uid:10266 Current foreground:com.xiaomi.dual uid:10266
05-14 18:39:01.340  4063  4503 D ProcessObserver: onScreenAppChanged, FgUid: 10266, FgPackageName: com.xiaomi.dual, foreground: true
05-14 18:39:01.340  4063  4503 D ProcessObserver: onScreenAppChanged, PreTaskUid: 1000, PreTaskPackageName: com.miui.bugreport, foreground: true
05-14 18:39:01.340  3890  3956 I WtProcessController: FOREGROUND INFO: name=com.xiaomi.dual uid=10266 pid=24091 TaskId:2907
05-14 18:39:01.342  4063  5007 D PowerKeeper.Event: notifyCpuStatsUpdate
05-14 18:39:01.353   330  2981 I miuiFirewall: miui firewall always allow android
05-14 18:39:01.376  2119  2129 I art     : Background partial concurrent mark sweep GC freed 10096(1232KB) AllocSpace objects, 35(2MB) LOS objects, 33% free, 41MB/62MB, paused 3.666ms total 162.871ms
05-14 18:39:01.448  2119  5063 W ErrorReport: Fail to sendHttpRequest
05-14 18:39:01.448  2119  5063 W ErrorReport: java.lang.IllegalArgumentException: HTTP entity may not be null
05-14 18:39:01.448  2119  5063 W ErrorReport: 	at org.apache.http.util.EntityUtils.toString(EntityUtils.java:115)
05-14 18:39:01.448  2119  5063 W ErrorReport: 	at org.apache.http.util.EntityUtils.toString(EntityUtils.java:151)
05-14 18:39:01.448  2119  5063 W ErrorReport: 	at miui.util.ErrorReport.c(SourceFile:396)
05-14 18:39:01.448  2119  5063 W ErrorReport: 	at miui.util.ErrorReport.sendReportRequest(SourceFile:353)
05-14 18:39:01.448  2119  5063 W ErrorReport: 	at miui.util.ErrorReport$1.a(SourceFile:369)
05-14 18:39:01.448  2119  5063 W ErrorReport: 	at miui.util.ErrorReport$1.doInBackground(SourceFile:366)
05-14 18:39:01.448  2119  5063 W ErrorReport: 	at android.os.AsyncTask$2.call(AsyncTask.java:295)
05-14 18:39:01.448  2119  5063 W ErrorReport: 	at java.util.concurrent.FutureTask.run(FutureTask.java:237)
05-14 18:39:01.448  2119  5063 W ErrorReport: 	at android.os.AsyncTask$SerialExecutor$1.run(AsyncTask.java:234)
05-14 18:39:01.448  2119  5063 W ErrorReport: 	at java.util.concurrent.ThreadPoolExecutor.runWorker(ThreadPoolExecutor.java:1113)
05-14 18:39:01.448  2119  5063 W ErrorReport: 	at java.util.concurrent.ThreadPoolExecutor$Worker.run(ThreadPoolExecutor.java:588)
05-14 18:39:01.448  2119  5063 W ErrorReport: 	at java.lang.Thread.run(Thread.java:818)
05-14 18:39:01.452  2119  5063 W ContextImpl: Calling a method in the system process without a qualified user: android.app.ContextImpl.bindService:1295 android.content.ContextWrapper.bindService:614 miui.os.DropBoxManager.cF:361 miui.os.DropBoxManager.a:350 miui.os.DropBoxManager.addText:314 
05-14 18:39:01.464   348   348 I Zygote  : Process 24559 exited due to signal (11)
05-14 18:39:01.467  2119  2222 V UidProcStateHelper: process state changed:[14123,10098,6]
05-14 18:39:01.475  2119  2222 V UidProcStateHelper: process state changed:[14123,10098,10]
05-14 18:39:01.563  2119  2272 I Timeline: Timeline: App_transition_stopped time:338760839
05-14 18:39:01.627  6131  6184 I octvm_klo: gethering logcat log done
05-14 18:39:01.627  6131  6184 I octvm_klo: klo unlock
05-14 18:39:01.828   374   500 I ThermalEngine: Sensor:batt_temp:304 mC
05-14 18:39:02.000  2119  2221 I ActiveServicesInjector: Low priority start of: ServiceRecord{d2f79b8 u0 com.xiaomi.xmsf/com.xiaomi.push.service.XMPushService}
05-14 18:39:02.003  3796  3796 W PushService: 2018-05-14 18:39:02,003 - [WARN::PushService] - [Thread:1] onStart() with intent.Action = com.xiaomi.mipush.SEND_MESSAGE, chid = null
05-14 18:39:02.004  3796  3987 W PushService: 2018-05-14 18:39:02,004 - [WARN::PushService] - [Thread:49] JOB: Handle intent action = com.xiaomi.mipush.SEND_MESSAGE
05-14 18:39:02.006  3796  3987 W PushService: 2018-05-14 18:39:02,005 - [WARN::PushService] - [Thread:49] try send mi push message. packagename:com.xiaomi.account action:Notification
05-14 18:39:02.010  3796  3987 W PushService: 2018-05-14 18:39:02,010 - [WARN::PushService] - [Thread:49] [Slim] Wrote {cmd=SECMSG;chid=5;len=301}
05-14 18:39:02.011  3796  3987 W PushService: 2018-05-14 18:39:02,011 - [WARN::PushService] - [Thread:49] [Slim] 06:39:02 下午 Sent  Blob [SECMSG,5,BzMNo-2812]
05-14 18:39:02.014 32321 32321 D wpa_supplicant: wlan0: Control interface command 'SIGNAL_POLL'
05-14 18:39:02.022 32321 32321 D wpa_supplicant: CTRL-DEBUG: global_ctrl_sock-sendto: sock=11 sndbuf=163840 outq=0 send_len=49
05-14 18:39:02.188  3796  6830 I art     : Note: end time exceeds epoch: 
05-14 18:39:02.346  2119  2221 I ActiveServicesInjector: Low priority start of: ServiceRecord{d2f79b8 u0 com.xiaomi.xmsf/com.xiaomi.push.service.XMPushService}
05-14 18:39:02.350  3796  3796 W PushService: 2018-05-14 18:39:02,349 - [WARN::PushService] - [Thread:1] onStart() with intent.Action = com.xiaomi.mipush.SEND_MESSAGE, chid = null
05-14 18:39:02.351  3796  3987 W PushService: 2018-05-14 18:39:02,351 - [WARN::PushService] - [Thread:49] JOB: Handle intent action = com.xiaomi.mipush.SEND_MESSAGE
05-14 18:39:02.353  3796  3987 W PushService: 2018-05-14 18:39:02,353 - [WARN::PushService] - [Thread:49] try send mi push message. packagename:com.miui.yellowpage action:Notification
05-14 18:39:02.355  3796  3987 W PushService: 2018-05-14 18:39:02,354 - [WARN::PushService] - [Thread:49] [Slim] Wrote {cmd=SECMSG;chid=5;len=302}
05-14 18:39:02.358  3796  3987 W PushService: 2018-05-14 18:39:02,357 - [WARN::PushService] - [Thread:49] [Slim] 06:39:02 下午 Sent  Blob [SECMSG,5,BzMNo-2813]
05-14 18:39:02.829   374   500 I ThermalEngine: Sensor:batt_temp:304 mC
05-14 18:39:03.616   634   634 D charger_monitor: vchg_loop stable: 0, is_settled = 0,usb_target_ua = 500000, usbin_current_now = 500000,fastchg_sts = 1, num_attempts = 0
05-14 18:39:03.647  3675  3675 D BatteryController: action=android.intent.action.BATTERY_CHANGED; mCharging=true
05-14 18:39:03.649  4063  5274 D PowerCheckerService: onBatteryChanged, mBatteryLevel = 100, status = 2, level = 100, plug = 2
05-14 18:39:03.651  3936  3936 I BatteryInfoReceiver: ACTION_BATTERY_CHANGED
05-14 18:39:03.660  4063  5283 D ThermalManager$ThermalTempInfoHelper: thermal sensor0 type is tsens_tz_sensor0
05-14 18:39:03.664  3675  3675 D BatteryController: action=android.intent.action.BATTERY_CHANGED; mCharging=true
05-14 18:39:03.666  3936  3936 I BatteryInfoReceiver: ACTION_BATTERY_CHANGED
05-14 18:39:03.666  4063  5274 D PowerCheckerService: onBatteryChanged, mBatteryLevel = 100, status = 2, level = 100, plug = 2
05-14 18:39:03.675  4063  5283 D ThermalManager$ThermalTempInfoHelper: thermal sensor1 type is tsens_tz_sensor1
05-14 18:39:03.677  4063  5283 D ThermalManager$ThermalTempInfoHelper: thermal sensor2 type is tsens_tz_sensor2
05-14 18:39:03.679  4063  5283 D ThermalManager$ThermalTempInfoHelper: thermal sensor3 type is tsens_tz_sensor3
05-14 18:39:03.681  4063  5283 D ThermalManager$ThermalTempInfoHelper: thermal sensor4 type is tsens_tz_sensor4
05-14 18:39:03.685  4063  5283 D ThermalManager$ThermalTempInfoHelper: thermal sensor5 type is tsens_tz_sensor5
05-14 18:39:03.689  4063  5283 D ThermalManager$ThermalTempInfoHelper: thermal sensor6 type is tsens_tz_sensor6
05-14 18:39:03.691  4063  5283 D ThermalManager$ThermalTempInfoHelper: thermal sensor7 type is tsens_tz_sensor7
05-14 18:39:03.693  4063  5283 D ThermalManager$ThermalTempInfoHelper: thermal sensor8 type is tsens_tz_sensor8
05-14 18:39:03.695  4063  5283 D ThermalManager$ThermalTempInfoHelper: thermal sensor9 type is tsens_tz_sensor9
05-14 18:39:03.697  4063  5283 D ThermalManager$ThermalTempInfoHelper: thermal sensor10 type is tsens_tz_sensor10
05-14 18:39:03.698  4063  5283 D ThermalManager$ThermalTempInfoHelper: thermal sensor11 type is pm8841_tz
05-14 18:39:03.700  4063  5283 D ThermalManager$ThermalTempInfoHelper: thermal sensor12 type is pm8941_tz
05-14 18:39:03.702  4063  5283 D ThermalManager$ThermalTempInfoHelper: thermal sensor13 type is pa_therm0
05-14 18:39:03.704  4063  5283 D ThermalManager$ThermalTempInfoHelper: thermal sensor14 type is pa_therm1
05-14 18:39:03.705  4063  5283 D ThermalManager$ThermalTempInfoHelper: thermal sensor15 type is emmc_therm
05-14 18:39:03.707  4063  5283 D ThermalManager$ThermalTempInfoHelper: thermal sensor16 type is msm_therm
05-14 18:39:03.710  4063  5283 D ThermalManager$ThermalTempInfoHelper: thermal sensor0 type is tsens_tz_sensor0
05-14 18:39:03.712  4063  5283 D ThermalManager$ThermalTempInfoHelper: thermal sensor1 type is tsens_tz_sensor1
05-14 18:39:03.714  4063  5283 D ThermalManager$ThermalTempInfoHelper: thermal sensor2 type is tsens_tz_sensor2
05-14 18:39:03.716  4063  5283 D ThermalManager$ThermalTempInfoHelper: thermal sensor3 type is tsens_tz_sensor3
05-14 18:39:03.718  4063  5283 D ThermalManager$ThermalTempInfoHelper: thermal sensor4 type is tsens_tz_sensor4
05-14 18:39:03.719  4063  5283 D ThermalManager$ThermalTempInfoHelper: thermal sensor5 type is tsens_tz_sensor5
05-14 18:39:03.721  4063  5283 D ThermalManager$ThermalTempInfoHelper: thermal sensor6 type is tsens_tz_sensor6
05-14 18:39:03.723  4063  5283 D ThermalManager$ThermalTempInfoHelper: thermal sensor7 type is tsens_tz_sensor7
05-14 18:39:03.725  4063  5283 D ThermalManager$ThermalTempInfoHelper: thermal sensor8 type is tsens_tz_sensor8
05-14 18:39:03.727  4063  5283 D ThermalManager$ThermalTempInfoHelper: thermal sensor9 type is tsens_tz_sensor9
05-14 18:39:03.729  4063  5283 D ThermalManager$ThermalTempInfoHelper: thermal sensor10 type is tsens_tz_sensor10
05-14 18:39:03.731  4063  5283 D ThermalManager$ThermalTempInfoHelper: thermal sensor11 type is pm8841_tz
05-14 18:39:03.733  4063  5283 D ThermalManager$ThermalTempInfoHelper: thermal sensor12 type is pm8941_tz
05-14 18:39:03.735  4063  5283 D ThermalManager$ThermalTempInfoHelper: thermal sensor13 type is pa_therm0
05-14 18:39:03.737  4063  5283 D ThermalManager$ThermalTempInfoHelper: thermal sensor14 type is pa_therm1
05-14 18:39:03.739  4063  5283 D ThermalManager$ThermalTempInfoHelper: thermal sensor15 type is emmc_therm
05-14 18:39:03.741  4063  5283 D ThermalManager$ThermalTempInfoHelper: thermal sensor16 type is msm_therm
05-14 18:39:03.744  4063  5283 D ThermalManager$ThermalTempInfoHelper: thermal sensor0 type is tsens_tz_sensor0
05-14 18:39:03.746  4063  5283 D ThermalManager$ThermalTempInfoHelper: thermal sensor1 type is tsens_tz_sensor1
05-14 18:39:03.748  4063  5283 D ThermalManager$ThermalTempInfoHelper: thermal sensor2 type is tsens_tz_sensor2
05-14 18:39:03.751  4063  5283 D ThermalManager$ThermalTempInfoHelper: thermal sensor3 type is tsens_tz_sensor3
05-14 18:39:03.753  4063  5283 D ThermalManager$ThermalTempInfoHelper: thermal sensor4 type is tsens_tz_sensor4
05-14 18:39:03.757  4063  5283 D ThermalManager$ThermalTempInfoHelper: thermal sensor5 type is tsens_tz_sensor5
05-14 18:39:03.760  4063  5283 D ThermalManager$ThermalTempInfoHelper: thermal sensor6 type is tsens_tz_sensor6
05-14 18:39:03.763  4063  5283 D ThermalManager$ThermalTempInfoHelper: thermal sensor7 type is tsens_tz_sensor7
05-14 18:39:03.765  4063  5283 D ThermalManager$ThermalTempInfoHelper: thermal sensor8 type is tsens_tz_sensor8
05-14 18:39:03.767  4063  5283 D ThermalManager$ThermalTempInfoHelper: thermal sensor9 type is tsens_tz_sensor9
05-14 18:39:03.769  4063  5283 D ThermalManager$ThermalTempInfoHelper: thermal sensor10 type is tsens_tz_sensor10
05-14 18:39:03.771  4063  5283 D ThermalManager$ThermalTempInfoHelper: thermal sensor11 type is pm8841_tz
05-14 18:39:03.774  4063  5283 D ThermalManager$ThermalTempInfoHelper: thermal sensor12 type is pm8941_tz
05-14 18:39:03.776  4063  5283 D ThermalManager$ThermalTempInfoHelper: thermal sensor13 type is pa_therm0
05-14 18:39:03.778  4063  5283 D ThermalManager$ThermalTempInfoHelper: thermal sensor14 type is pa_therm1
05-14 18:39:03.780  4063  5283 D ThermalManager$ThermalTempInfoHelper: thermal sensor15 type is emmc_therm
05-14 18:39:03.782  4063  5283 D ThermalManager$ThermalTempInfoHelper: thermal sensor16 type is msm_therm
05-14 18:39:03.793  4063  5283 D ThermalManager$ThermalTempInfoHelper: thermal sensor0 type is tsens_tz_sensor0
05-14 18:39:03.794  4063  5283 D ThermalManager$ThermalTempInfoHelper: thermal sensor1 type is tsens_tz_sensor1
05-14 18:39:03.795  4063  5283 D ThermalManager$ThermalTempInfoHelper: thermal sensor2 type is tsens_tz_sensor2
05-14 18:39:03.796  4063  5283 D ThermalManager$ThermalTempInfoHelper: thermal sensor3 type is tsens_tz_sensor3
05-14 18:39:03.798  4063  5283 D ThermalManager$ThermalTempInfoHelper: thermal sensor4 type is tsens_tz_sensor4
05-14 18:39:03.799  4063  5283 D ThermalManager$ThermalTempInfoHelper: thermal sensor5 type is tsens_tz_sensor5
05-14 18:39:03.800  4063  5283 D ThermalManager$ThermalTempInfoHelper: thermal sensor6 type is tsens_tz_sensor6
05-14 18:39:03.802  4063  5283 D ThermalManager$ThermalTempInfoHelper: thermal sensor7 type is tsens_tz_sensor7
05-14 18:39:03.803  4063  5283 D ThermalManager$ThermalTempInfoHelper: thermal sensor8 type is tsens_tz_sensor8
05-14 18:39:03.804  4063  5283 D ThermalManager$ThermalTempInfoHelper: thermal sensor9 type is tsens_tz_sensor9
05-14 18:39:03.806  4063  5283 D ThermalManager$ThermalTempInfoHelper: thermal sensor10 type is tsens_tz_sensor10
05-14 18:39:03.807  4063  5283 D ThermalManager$ThermalTempInfoHelper: thermal sensor11 type is pm8841_tz
05-14 18:39:03.808  4063  5283 D ThermalManager$ThermalTempInfoHelper: thermal sensor12 type is pm8941_tz
05-14 18:39:03.810  4063  5283 D ThermalManager$ThermalTempInfoHelper: thermal sensor13 type is pa_therm0
05-14 18:39:03.811  4063  5283 D ThermalManager$ThermalTempInfoHelper: thermal sensor14 type is pa_therm1
05-14 18:39:03.812  4063  5283 D ThermalManager$ThermalTempInfoHelper: thermal sensor15 type is emmc_therm
05-14 18:39:03.814  4063  5283 D ThermalManager$ThermalTempInfoHelper: thermal sensor16 type is msm_therm
05-14 18:39:03.831   374   500 I ThermalEngine: Sensor:batt_temp:304 mC
05-14 18:39:04.832   374   500 I ThermalEngine: Sensor:batt_temp:304 mC
05-14 18:39:05.027 32321 32321 D wpa_supplicant: wlan0: Control interface command 'SIGNAL_POLL'
05-14 18:39:05.045 32321 32321 D wpa_supplicant: CTRL-DEBUG: global_ctrl_sock-sendto: sock=11 sndbuf=163840 outq=0 send_len=49
05-14 18:39:05.833   374   500 I ThermalEngine: Sensor:batt_temp:304 mC
05-14 18:39:06.835   374   500 I ThermalEngine: Sensor:batt_temp:304 mC
05-14 18:39:07.376  3796  6830 I art     : Note: end time exceeds epoch: 
05-14 18:39:07.836   374   500 I ThermalEngine: Sensor:batt_temp:304 mC
05-14 18:39:08.050 32321 32321 D wpa_supplicant: wlan0: Control interface command 'SIGNAL_POLL'
05-14 18:39:08.064 32321 32321 D wpa_supplicant: CTRL-DEBUG: global_ctrl_sock-sendto: sock=11 sndbuf=163840 outq=0 send_len=49
05-14 18:39:08.837   374   500 I ThermalEngine: Sensor:batt_temp:304 mC
05-14 18:39:09.839   374   500 I ThermalEngine: Sensor:batt_temp:304 mC
05-14 18:39:09.934 24091 24115 W FlurryAgent: Analytics report sent.
05-14 18:39:10.840   374   500 I ThermalEngine: Sensor:batt_temp:304 mC
05-14 18:39:11.074 32321 32321 D wpa_supplicant: wlan0: Control interface command 'SIGNAL_POLL'
05-14 18:39:11.077 32321 32321 D wpa_supplicant: CTRL-DEBUG: global_ctrl_sock-sendto: sock=11 sndbuf=163840 outq=0 send_len=49
05-14 18:39:11.841   374   500 I ThermalEngine: Sensor:batt_temp:304 mC
05-14 18:39:12.843   374   500 I ThermalEngine: Sensor:batt_temp:304 mC
05-14 18:39:13.844   374   500 I ThermalEngine: Sensor:batt_temp:304 mC
05-14 18:39:14.084 32321 32321 D wpa_supplicant: wlan0: Control interface command 'SIGNAL_POLL'
05-14 18:39:14.100 32321 32321 D wpa_supplicant: CTRL-DEBUG: global_ctrl_sock-sendto: sock=11 sndbuf=163840 outq=0 send_len=49
05-14 18:39:14.576 11670 11670 W Binder:2119_1E: type=1400 audit(0.0:551498): avc: denied { ioctl } for path="socket:[3462770]" dev="sockfs" ino=3462770 ioctlcmd=7704 scontext=u:r:system_server:s0 tcontext=u:r:system_server:s0 tclass=unix_stream_socket permissive=0
05-14 18:39:14.586 11670 11670 W Binder:2119_1E: type=1400 audit(0.0:551499): avc: denied { ioctl } for path="socket:[3462770]" dev="sockfs" ino=3462770 ioctlcmd=7704 scontext=u:r:system_server:s0 tcontext=u:r:system_server:s0 tclass=unix_stream_socket permissive=0
05-14 18:39:14.845   374   500 I ThermalEngine: Sensor:batt_temp:304 mC
05-14 18:39:15.847   374   500 I ThermalEngine: Sensor:batt_temp:304 mC
05-14 18:39:16.848   374   500 I ThermalEngine: Sensor:batt_temp:304 mC
05-14 18:39:17.105 32321 32321 D wpa_supplicant: wlan0: Control interface command 'SIGNAL_POLL'
05-14 18:39:17.119 32321 32321 D wpa_supplicant: CTRL-DEBUG: global_ctrl_sock-sendto: sock=11 sndbuf=163840 outq=0 send_len=49
05-14 18:39:17.231 24091 24091 I Timeline: Timeline: Activity_launch_request time:338776507
05-14 18:39:17.235  2119  4976 I SplashScreenServiceDelegate: None for com.xiaomi.dual
05-14 18:39:17.235  2119  4976 I ActivityManager: START u0 {flg=0x10000000 cmp=com.xiaomi.dual/io.virtualapp.home.LoadingActivity (has extras)} from uid 10266 on display 0
05-14 18:39:17.238  3890  3956 I WtProcessController: mCurTask:2908
05-14 18:39:17.241  2119  4976 W CustomizeUtil: no getRealSize hack method
05-14 18:39:17.242  2119  4976 E ActivityManager: Invalid thumbnail dimensions: 0x0
05-14 18:39:17.252 24091 24091 D LauncherIconView: setProgress: p:100,mp:100.0
05-14 18:39:17.259  2119  3968 I Timeline: Timeline: App_transition_ready time:338776535
05-14 18:39:17.262  3890  3956 I WtProcessController: MOVE TO FOREGROUND: com.xiaomi.dual 10266
05-14 18:39:17.262  3890  3956 I WtProcessController: FOREGROUND INFO: name=com.xiaomi.dual uid=10266 pid=24091 TaskId:2908
05-14 18:39:17.264  4063  5007 I octvm_klo: KM_EVENT_LOGGER have allocated 3779 blocks.
05-14 18:39:17.265  4063  5007 D PowerKeeper.Event: notifyForegroundCompomentChanged ComponentInfo{com.xiaomi.dual/io.virtualapp.home.LoadingActivity}
05-14 18:39:17.266  4063  6199 D PowerStateMachine: eventMessage id:100 name:foreground
05-14 18:39:17.289 24091 24114 W FlurryAgent: Flurry session resumed for context:io.virtualapp.home.LoadingActivity@76e43c0
05-14 18:39:17.276 11659 11659 W Binder:2119_1D: type=1400 audit(0.0:551500): avc: denied { ioctl } for path="socket:[3468313]" dev="sockfs" ino=3468313 ioctlcmd=7704 scontext=u:r:system_server:s0 tcontext=u:r:system_server:s0 tclass=unix_stream_socket permissive=0
05-14 18:39:17.286 11659 11659 W Binder:2119_1D: type=1400 audit(0.0:551501): avc: denied { ioctl } for path="socket:[3468313]" dev="sockfs" ino=3468313 ioctlcmd=7704 scontext=u:r:system_server:s0 tcontext=u:r:system_server:s0 tclass=unix_stream_socket permissive=0
05-14 18:39:17.311  2119  2147 I ActivityManager: Start proc 24677:com.xiaomi.dual:p0/u0a266 for content provider com.xiaomi.dual/com.lody.virtual.client.stub.StubContentProvider$C0
05-14 18:39:17.316  2119  3803 I Timeline: Timeline: App_transition_ready time:338776592
05-14 18:39:17.351  4063  5007 D PowerKeeper.Event: notifyCpuStatsUpdate
05-14 18:39:17.368  2119  3803 I Timeline: Timeline: App_transition_ready time:338776645
05-14 18:39:17.369 24677 24677 I art     : Late-enabling -Xcheck:jni
05-14 18:39:17.383  2119  2272 I Timeline: Timeline: App_transition_ready time:338776659
05-14 18:39:17.383  2119  2272 I Timeline: Timeline: App_transition_stopped time:338776659
05-14 18:39:17.376  3866  3866 W Binder:2119_7: type=1400 audit(0.0:551502): avc: denied { ioctl } for path="socket:[3462770]" dev="sockfs" ino=3462770 ioctlcmd=7704 scontext=u:r:system_server:s0 tcontext=u:r:system_server:s0 tclass=unix_stream_socket permissive=0
05-14 18:39:17.386  2119  2272 I ActivityManager: Displayed com.xiaomi.dual/io.virtualapp.home.LoadingActivity: +129ms (total +17s459ms)
05-14 18:39:17.387  2119  2272 I Timeline: Timeline: Activity_windows_visible id: ActivityRecord{f8458d6 u0 com.xiaomi.dual/io.virtualapp.home.LoadingActivity t2908} time:338776663
05-14 18:39:17.388  3675  3675 V PhoneStatusBarPolicy: updateManagedProfile mManagedProfileFocused: false mManagedProfileInQuietMode: false mKeyguardVisible: false mCurrentUserId:0 mCurrentProfileId:0 mSecondSpaceStatusIconVisible: true showIcon:false
05-14 18:39:17.376  3866  3866 W Binder:2119_7: type=1400 audit(0.0:551503): avc: denied { ioctl } for path="socket:[3462770]" dev="sockfs" ino=3462770 ioctlcmd=7704 scontext=u:r:system_server:s0 tcontext=u:r:system_server:s0 tclass=unix_stream_socket permissive=0
05-14 18:39:17.395  2119  2146 I SplashScreenServiceDelegate: None for com.xiaomi.dual
05-14 18:39:17.410  2119  2129 I art     : Background partial concurrent mark sweep GC freed 10290(953KB) AllocSpace objects, 9(604KB) LOS objects, 33% free, 41MB/61MB, paused 2.941ms total 149.585ms
05-14 18:39:17.430  2119  2222 V UidProcStateHelper: process state changed:[24677,10266,4]
05-14 18:39:17.459 24677 24677 I MultiDex: VM with version 2.1.0 has multidex support
05-14 18:39:17.460 24677 24677 I MultiDex: Installing application
05-14 18:39:17.460 24677 24677 I MultiDex: VM has multidex support, MultiDex support library is disabled.
05-14 18:39:17.466 24677 24677 D legency : filename:files
05-14 18:39:17.466 24677 24677 D legency : filename:.YFlurrySenderIndex.info.AnalyticsData_48RJJP7ZCZZBB6KMMWW5_239
05-14 18:39:17.466 24677 24677 D legency : filename:.YFlurrySenderIndex.info.AnalyticsMain
05-14 18:39:17.466 24677 24677 D legency : filename:.yflurryreport.-4284ecc46c5ffd39
05-14 18:39:17.466 24677 24677 D legency : filename:io.paperdb
05-14 18:39:17.466 24677 24677 D legency : filename:MENU.pt
05-14 18:39:17.466 24677 24677 D legency : filename:MENU_CURRENT.pt
05-14 18:39:17.466 24677 24677 D legency : filename:.yflurrydatasenderblock.39e45aa3-142a-4845-8185-ecb1a4f109a9
05-14 18:39:17.467 24677 24677 D legency : filename:.yflurrydatasenderblock.e2c5b5e5-0662-46b1-a57b-b10158b1b5c6
05-14 18:39:17.849   374   500 I ThermalEngine: Sensor:batt_temp:305 mC
05-14 18:39:17.917 24677 24677 D MethodInvocationStub: Unable to build HookDelegate: BinderInvocationStub.
05-14 18:39:17.933 24677 24677 D MethodInvocationStub: Unable to build HookDelegate: BinderInvocationStub.
05-14 18:39:18.027 24121 24214 I Timeline: Timeline: Activity_launch_request time:338777303
05-14 18:39:18.034  2119  2222 V UidProcStateHelper: process state changed:[24677,10266,16]
05-14 18:39:18.036  2119 11659 I SplashScreenServiceDelegate: None for com.xiaomi.dual
05-14 18:39:18.037  2119 11659 I ActivityManager: START u0 {typ=legency.june.networktest/legency.june.networktest.MainActivity flg=0x18280000 cmp=com.xiaomi.dual/com.lody.virtual.client.stub.StubActivity$C0 (has extras)} from uid 10266 on display 0
05-14 18:39:18.040  3890  3956 I WtProcessController: mCurTask:2909
05-14 18:39:18.041  2119 11659 E ActivityManager: Invalid thumbnail dimensions: 0x0
05-14 18:39:18.060  3890  3956 I WtProcessController: MOVE TO FOREGROUND: com.xiaomi.dual 10266
05-14 18:39:18.060  3890  3956 I StatusController: Last foreground:com.xiaomi.dual uid:10266 Current foreground:com.xiaomi.dual uid:10266
05-14 18:39:18.060  3890  3956 I WtProcessController: FOREGROUND INFO: name=com.xiaomi.dual uid=10266 pid=24677 TaskId:2909
05-14 18:39:18.061  4063  4503 D ProcessObserver: onScreenAppChanged, FgUid: 10266, FgPackageName: com.xiaomi.dual, foreground: true
05-14 18:39:18.061  4063  4503 D ProcessObserver: onScreenAppChanged, PreTaskUid: 1000, PreTaskPackageName: com.miui.bugreport, foreground: true
05-14 18:39:18.061  2119  3943 I Timeline: Timeline: App_transition_ready time:338777338
05-14 18:39:18.063  2119  2222 V UidProcStateHelper: process state changed:[24677,10266,2]
05-14 18:39:18.064  4063  4503 D ProcessObserver: onForegroundActivitiesChanged, pid: 24677 uid: 10266 foregroundActivities: true
05-14 18:39:18.066  4063  5007 D PowerKeeper.Event: notifyForegroundCompomentChanged ComponentInfo{com.xiaomi.dual/com.lody.virtual.client.stub.StubActivity$C0}
05-14 18:39:18.067  4063  6199 D PowerStateMachine: eventMessage id:100 name:foreground
05-14 18:39:18.072 24091 24114 W FlurryAgent: Flurry session paused for context:io.virtualapp.home.HomeActivity@790ba3c
05-14 18:39:18.085 24677 24677 I VClientImpl: Binding application legency.june.networktest (legency.june.networktest)
05-14 18:39:18.100  2119  3866 I Timeline: Timeline: App_transition_ready time:338777376
05-14 18:39:18.106 24677 24677 W une.networktest: type=1400 audit(0.0:551504): avc: denied { execmod } for path="/system/bin/linker" dev="mmcblk0p23" ino=32860 scontext=u:r:untrusted_app:s0:c512,c768 tcontext=u:object_r:system_file:s0 tclass=file permissive=0
05-14 18:39:18.120 24677 24677 D VA++    : do_dlopen : libart.so, return : 0xb662c4e4.
05-14 18:39:18.138 24677 24677 D NativeEngine: DexOrJarPath = /data/app/legency.june.networktest-1/base.apk, OutputPath = null.
05-14 18:39:18.139 24677 24677 D VA++    : do_dlopen : /data/app/legency.june.networktest-1/oat/arm/base.odex, return : 0xb5db04e4.
05-14 18:39:18.140 24677 24677 D NativeEngine: DexOrJarPath = /data/app/legency.june.networktest-1/base.apk, OutputPath = null.
05-14 18:39:18.144 24677 24677 D asdasd  : loadClass(String name, boolean resolve)android.app.Application
05-14 18:39:18.176 24677 24677 W IconCustomizer: can't load transform_config.xml
05-14 18:39:18.200 24677 24677 W art     : Before Android 4.1, method android.graphics.PorterDuffColorFilter android.support.graphics.drawable.VectorDrawableCompat.updateTintFilter(android.graphics.PorterDuffColorFilter, android.content.res.ColorStateList, android.graphics.PorterDuff$Mode) would have incorrectly overridden the package-private method in android.graphics.drawable.Drawable
05-14 18:39:18.225 24677 24677 D AccessibilityManager: current package=legency.june.networktest, accessibility manager mIsFinalEnabled=false, mOptimizeEnabled=false, mIsUiAutomationEnabled=false, mIsInterestedPackage=false
05-14 18:39:18.226 24677 24717 D NativeEngine: DexOrJarPath = /system/framework/volley.jar, OutputPath = null.
05-14 18:39:18.228 24677 24717 D VA++    : do_dlopen : /system/framework/oat/arm/volley.odex, return : 0xb5db0684.
05-14 18:39:18.229 24677 24717 D VA++    : do_dlopen : /data/dalvik-cache/arm/system@framework@volley.jar@classes.dex, return : 0xb5db0824.
05-14 18:39:18.230 24677 24717 D NativeEngine: DexOrJarPath = /system/app/MiuiContentCatcher/MiuiContentCatcher.apk, OutputPath = null.
05-14 18:39:18.232 24677 24717 D VA++    : do_dlopen : /data/dalvik-cache/arm/system@app@MiuiContentCatcher@MiuiContentCatcher.apk@classes.dex, return : 0xb5db0684.
05-14 18:39:18.234 24677 24717 W System  : ClassLoader referenced unknown path: /system/app/MiuiContentCatcher/lib/arm
05-14 18:39:18.236 24677 24677 V BoostFramework: BoostFramework() : mPerf = com.qualcomm.qti.Performance@9885b04
05-14 18:39:18.237 24677 24677 V BoostFramework: BoostFramework() : mPerf = com.qualcomm.qti.Performance@3e228ed
05-14 18:39:18.293  2119  3970 I SplashScreenServiceDelegate: None for com.xiaomi.dual
05-14 18:39:18.293 24091 24114 W FlurryAgent: Flurry session paused for context:io.virtualapp.home.LoadingActivity@76e43c0
05-14 18:39:18.294 24677 24718 W System  : ClassLoader referenced unknown path: /system/framework/tcmclient.jar
05-14 18:39:18.300 24677 24718 E VA++    : IOH socket new fd:32 10 1 0
05-14 18:39:18.300 24677 24718 E VA++    : IOHOOK fd 32 connect addr family:10 host=14.215.177.38:443
05-14 18:39:18.296  5628  5628 W Binder:321_5: type=1400 audit(0.0:551505): avc: denied { ioctl } for path="socket:[3468372]" dev="sockfs" ino=3468372 ioctlcmd=7704 scontext=u:r:surfaceflinger:s0 tcontext=u:r:surfaceflinger:s0 tclass=unix_stream_socket permissive=0
05-14 18:39:18.296  5628  5628 W Binder:321_5: type=1400 audit(0.0:551506): avc: denied { ioctl } for path="socket:[3468372]" dev="sockfs" ino=3468372 ioctlcmd=7704 scontext=u:r:surfaceflinger:s0 tcontext=u:r:surfaceflinger:s0 tclass=unix_stream_socket permissive=0
05-14 18:39:18.315  2119 11707 I Timeline: Timeline: App_transition_ready time:338777592
05-14 18:39:18.306   512   512 W Binder:321_1: type=1400 audit(0.0:551507): avc: denied { ioctl } for path="socket:[3467320]" dev="sockfs" ino=3467320 ioctlcmd=7704 scontext=u:r:surfaceflinger:s0 tcontext=u:r:surfaceflinger:s0 tclass=unix_stream_socket permissive=0
05-14 18:39:18.306   512   512 W Binder:321_1: type=1400 audit(0.0:551508): avc: denied { ioctl } for path="socket:[3467320]" dev="sockfs" ino=3467320 ioctlcmd=7704 scontext=u:r:surfaceflinger:s0 tcontext=u:r:surfaceflinger:s0 tclass=unix_stream_socket permissive=0
05-14 18:39:18.317 24677 24721 D OpenGLRenderer: Use EGL_SWAP_BEHAVIOR_PRESERVED: true
05-14 18:39:18.318  2119  4149 I Timeline: Timeline: App_transition_ready time:338777595
05-14 18:39:18.343 24677 24677 F libc    : Fatal signal 11 (SIGSEGV), code 2, fault addr 0xbe724ff4 in tid 24677 (une.networktest)
05-14 18:39:18.409 24677 24718 E VA++    : IOHOOK fd 32 connectFinished addr family:10 host=14.215.177.38:443
05-14 18:39:18.413 24677 24718 E VA++    : IOHOOK fd 32 write 
05-14 18:39:18.413 24677 24718 E VA++    : IOHOOK fd 32 read 
05-14 18:39:18.425 24677 24718 E VA++    : IOHOOK fd 32 read 
05-14 18:39:18.425 24677 24718 E VA++    : IOHOOK fd 32 read 
05-14 18:39:18.426 24677 24718 E VA++    : IOHOOK fd 32 read 
05-14 18:39:18.426 24677 24718 E VA++    : IOHOOK fd 32 read 
05-14 18:39:18.445  1271  1271 F DEBUG   : *** *** *** *** *** *** *** *** *** *** *** *** *** *** *** ***
05-14 18:39:18.445  1271  1271 F DEBUG   : Build fingerprint: 'Xiaomi/virgo/virgo:6.0.1/MMB29M/7.11.16:user/release-keys'
05-14 18:39:18.445  1271  1271 F DEBUG   : Revision: '0'
05-14 18:39:18.445  1271  1271 F DEBUG   : ABI: 'arm'
05-14 18:39:18.445  1271  1271 F DEBUG   : pid: 24677, tid: 24677, name: une.networktest  >>> legency.june.networktest <<<
05-14 18:39:18.445  1271  1271 F DEBUG   : signal 11 (SIGSEGV), code 2 (SEGV_ACCERR), fault addr 0xbe724ff4
05-14 18:39:18.457  1271  1271 F DEBUG   :     r0 00000022  r1 b363746f  r2 00000000  r3 00000040
05-14 18:39:18.457  1271  1271 F DEBUG   :     r4 00000000  r5 00000022  r6 00000960  r7 be7250a0
05-14 18:39:18.457  1271  1271 F DEBUG   :     r8 00000000  r9 00000960  sl 00000040  fp b6e640f2
05-14 18:39:18.457  1271  1271 F DEBUG   :     ip b363cba0  sp be724ff8  lr b36149f7  pc b361453e  cpsr 600d0030
05-14 18:39:18.473  1271  1271 F DEBUG   : 
05-14 18:39:18.473  1271  1271 F DEBUG   : backtrace:
05-14 18:39:18.473  1271  1271 F DEBUG   :     #00 pc 0001153e  /data/app/com.xiaomi.dual-1/lib/arm/libva++.so (log+5)
05-14 18:39:18.473  1271  1271 F DEBUG   :     #01 pc 000119f3  /data/app/com.xiaomi.dual-1/lib/arm/libva++.so (new_recvfrom+22)
05-14 18:39:18.473  1271  1271 F DEBUG   :     #02 pc 00011a39  /data/app/com.xiaomi.dual-1/lib/arm/libva++.so (new_recvfrom+92)
05-14 18:39:18.474  1271  1271 F DEBUG   :     #03 pc 00011a39  /data/app/com.xiaomi.dual-1/lib/arm/libva++.so (new_recvfrom+92)
05-14 18:39:18.474  1271  1271 F DEBUG   :     #04 pc 00011a39  /data/app/com.xiaomi.dual-1/lib/arm/libva++.so (new_recvfrom+92)
05-14 18:39:18.474  1271  1271 F DEBUG   :     #05 pc 00011a39  /data/app/com.xiaomi.dual-1/lib/arm/libva++.so (new_recvfrom+92)
05-14 18:39:18.474  1271  1271 F DEBUG   :     #06 pc 00011a39  /data/app/com.xiaomi.dual-1/lib/arm/libva++.so (new_recvfrom+92)
05-14 18:39:18.474  1271  1271 F DEBUG   :     #07 pc 00011a39  /data/app/com.xiaomi.dual-1/lib/arm/libva++.so (new_recvfrom+92)
05-14 18:39:18.474  1271  1271 F DEBUG   :     #08 pc 00011a39  /data/app/com.xiaomi.dual-1/lib/arm/libva++.so (new_recvfrom+92)
05-14 18:39:18.474  1271  1271 F DEBUG   :     #09 pc 00011a39  /data/app/com.xiaomi.dual-1/lib/arm/libva++.so (new_recvfrom+92)
05-14 18:39:18.474  1271  1271 F DEBUG   :     #10 pc 00011a39  /data/app/com.xiaomi.dual-1/lib/arm/libva++.so (new_recvfrom+92)
05-14 18:39:18.474  1271  1271 F DEBUG   :     #11 pc 00011a39  /data/app/com.xiaomi.dual-1/lib/arm/libva++.so (new_recvfrom+92)
05-14 18:39:18.474  1271  1271 F DEBUG   :     #12 pc 00011a39  /data/app/com.xiaomi.dual-1/lib/arm/libva++.so (new_recvfrom+92)
05-14 18:39:18.474  1271  1271 F DEBUG   :     #13 pc 00011a39  /data/app/com.xiaomi.dual-1/lib/arm/libva++.so (new_recvfrom+92)
05-14 18:39:18.474  1271  1271 F DEBUG   :     #14 pc 00011a39  /data/app/com.xiaomi.dual-1/lib/arm/libva++.so (new_recvfrom+92)
05-14 18:39:18.474  1271  1271 F DEBUG   :     #15 pc 00011a39  /data/app/com.xiaomi.dual-1/lib/arm/libva++.so (new_recvfrom+92)
05-14 18:39:18.474  1271  1271 F DEBUG   :     #16 pc 00011a39  /data/app/com.xiaomi.dual-1/lib/arm/libva++.so (new_recvfrom+92)
05-14 18:39:18.474  1271  1271 F DEBUG   :     #17 pc 00011a39  /data/app/com.xiaomi.dual-1/lib/arm/libva++.so (new_recvfrom+92)
05-14 18:39:18.474  1271  1271 F DEBUG   :     #18 pc 00011a39  /data/app/com.xiaomi.dual-1/lib/arm/libva++.so (new_recvfrom+92)
05-14 18:39:18.474  1271  1271 F DEBUG   :     #19 pc 00011a39  /data/app/com.xiaomi.dual-1/lib/arm/libva++.so (new_recvfrom+92)
05-14 18:39:18.474  1271  1271 F DEBUG   :     #20 pc 00011a39  /data/app/com.xiaomi.dual-1/lib/arm/libva++.so (new_recvfrom+92)
05-14 18:39:18.476  1271  1271 F DEBUG   :     #21 pc 00011a39  /data/app/com.xiaomi.dual-1/lib/arm/libva++.so (new_recvfrom+92)
05-14 18:39:18.476  1271  1271 F DEBUG   :     #22 pc 00011a39  /data/app/com.xiaomi.dual-1/lib/arm/libva++.so (new_recvfrom+92)
05-14 18:39:18.477  1271  1271 F DEBUG   :     #23 pc 00011a39  /data/app/com.xiaomi.dual-1/lib/arm/libva++.so (new_recvfrom+92)
05-14 18:39:18.477  1271  1271 F DEBUG   :     #24 pc 00011a39  /data/app/com.xiaomi.dual-1/lib/arm/libva++.so (new_recvfrom+92)
05-14 18:39:18.477  1271  1271 F DEBUG   :     #25 pc 00011a39  /data/app/com.xiaomi.dual-1/lib/arm/libva++.so (new_recvfrom+92)
05-14 18:39:18.477  1271  1271 F DEBUG   :     #26 pc 00011a39  /data/app/com.xiaomi.dual-1/lib/arm/libva++.so (new_recvfrom+92)
05-14 18:39:18.478  1271  1271 F DEBUG   :     #27 pc 00011a39  /data/app/com.xiaomi.dual-1/lib/arm/libva++.so (new_recvfrom+92)
05-14 18:39:18.478  1271  1271 F DEBUG   :     #28 pc 00011a39  /data/app/com.xiaomi.dual-1/lib/arm/libva++.so (new_recvfrom+92)
05-14 18:39:18.478  1271  1271 F DEBUG   :     #29 pc 00011a39  /data/app/com.xiaomi.dual-1/lib/arm/libva++.so (new_recvfrom+92)
05-14 18:39:18.479  1271  1271 F DEBUG   :     #30 pc 00011a39  /data/app/com.xiaomi.dual-1/lib/arm/libva++.so (new_recvfrom+92)
05-14 18:39:18.479  1271  1271 F DEBUG   :     #31 pc 00011a39  /data/app/com.xiaomi.dual-1/lib/arm/libva++.so (new_recvfrom+92)
05-14 18:39:18.479  1271  1271 F DEBUG   :     #32 pc 00011a39  /data/app/com.xiaomi.dual-1/lib/arm/libva++.so (new_recvfrom+92)
05-14 18:39:18.479  1271  1271 F DEBUG   :     #33 pc 00011a39  /data/app/com.xiaomi.dual-1/lib/arm/libva++.so (new_recvfrom+92)
05-14 18:39:18.480  1271  1271 F DEBUG   :     #34 pc 00011a39  /data/app/com.xiaomi.dual-1/lib/arm/libva++.so (new_recvfrom+92)
05-14 18:39:18.480  1271  1271 F DEBUG   :     #35 pc 00011a39  /data/app/com.xiaomi.dual-1/lib/arm/libva++.so (new_recvfrom+92)
05-14 18:39:18.480  1271  1271 F DEBUG   :     #36 pc 00011a39  /data/app/com.xiaomi.dual-1/lib/arm/libva++.so (new_recvfrom+92)
05-14 18:39:18.480  1271  1271 F DEBUG   :     #37 pc 00011a39  /data/app/com.xiaomi.dual-1/lib/arm/libva++.so (new_recvfrom+92)
05-14 18:39:18.481  1271  1271 F DEBUG   :     #38 pc 00011a39  /data/app/com.xiaomi.dual-1/lib/arm/libva++.so (new_recvfrom+92)
05-14 18:39:18.481  1271  1271 F DEBUG   :     #39 pc 00011a39  /data/app/com.xiaomi.dual-1/lib/arm/libva++.so (new_recvfrom+92)
05-14 18:39:18.481  1271  1271 F DEBUG   :     #40 pc 00011a39  /data/app/com.xiaomi.dual-1/lib/arm/libva++.so (new_recvfrom+92)
05-14 18:39:18.482  1271  1271 F DEBUG   :     #41 pc 00011a39  /data/app/com.xiaomi.dual-1/lib/arm/libva++.so (new_recvfrom+92)
05-14 18:39:18.482  1271  1271 F DEBUG   :     #42 pc 00011a39  /data/app/com.xiaomi.dual-1/lib/arm/libva++.so (new_recvfrom+92)
05-14 18:39:18.482  1271  1271 F DEBUG   :     #43 pc 00011a39  /data/app/com.xiaomi.dual-1/lib/arm/libva++.so (new_recvfrom+92)
05-14 18:39:18.483  1271  1271 F DEBUG   :     #44 pc 00011a39  /data/app/com.xiaomi.dual-1/lib/arm/libva++.so (new_recvfrom+92)
05-14 18:39:18.483  1271  1271 F DEBUG   :     #45 pc 00011a39  /data/app/com.xiaomi.dual-1/lib/arm/libva++.so (new_recvfrom+92)
05-14 18:39:18.483  1271  1271 F DEBUG   :     #46 pc 00011a39  /data/app/com.xiaomi.dual-1/lib/arm/libva++.so (new_recvfrom+92)
05-14 18:39:18.483  1271  1271 F DEBUG   :     #47 pc 00011a39  /data/app/com.xiaomi.dual-1/lib/arm/libva++.so (new_recvfrom+92)
05-14 18:39:18.484  1271  1271 F DEBUG   :     #48 pc 00011a39  /data/app/com.xiaomi.dual-1/lib/arm/libva++.so (new_recvfrom+92)
05-14 18:39:18.484  1271  1271 F DEBUG   :     #49 pc 00011a39  /data/app/com.xiaomi.dual-1/lib/arm/libva++.so (new_recvfrom+92)
05-14 18:39:18.484  1271  1271 F DEBUG   :     #50 pc 00011a39  /data/app/com.xiaomi.dual-1/lib/arm/libva++.so (new_recvfrom+92)
05-14 18:39:18.485  1271  1271 F DEBUG   :     #51 pc 00011a39  /data/app/com.xiaomi.dual-1/lib/arm/libva++.so (new_recvfrom+92)
05-14 18:39:18.485  1271  1271 F DEBUG   :     #52 pc 00011a39  /data/app/com.xiaomi.dual-1/lib/arm/libva++.so (new_recvfrom+92)
05-14 18:39:18.485  1271  1271 F DEBUG   :     #53 pc 00011a39  /data/app/com.xiaomi.dual-1/lib/arm/libva++.so (new_recvfrom+92)
05-14 18:39:18.485  1271  1271 F DEBUG   :     #54 pc 00011a39  /data/app/com.xiaomi.dual-1/lib/arm/libva++.so (new_recvfrom+92)
05-14 18:39:18.486  1271  1271 F DEBUG   :     #55 pc 00011a39  /data/app/com.xiaomi.dual-1/lib/arm/libva++.so (new_recvfrom+92)
05-14 18:39:18.486  1271  1271 F DEBUG   :     #56 pc 00011a39  /data/app/com.xiaomi.dual-1/lib/arm/libva++.so (new_recvfrom+92)
05-14 18:39:18.486  1271  1271 F DEBUG   :     #57 pc 00011a39  /data/app/com.xiaomi.dual-1/lib/arm/libva++.so (new_recvfrom+92)
05-14 18:39:18.487  1271  1271 F DEBUG   :     #58 pc 00011a39  /data/app/com.xiaomi.dual-1/lib/arm/libva++.so (new_recvfrom+92)
05-14 18:39:18.487  1271  1271 F DEBUG   :     #59 pc 00011a39  /data/app/com.xiaomi.dual-1/lib/arm/libva++.so (new_recvfrom+92)
05-14 18:39:18.487  1271  1271 F DEBUG   :     #60 pc 00011a39  /data/app/com.xiaomi.dual-1/lib/arm/libva++.so (new_recvfrom+92)
05-14 18:39:18.487  1271  1271 F DEBUG   :     #61 pc 00011a39  /data/app/com.xiaomi.dual-1/lib/arm/libva++.so (new_recvfrom+92)
05-14 18:39:18.488  1271  1271 F DEBUG   :     #62 pc 00011a39  /data/app/com.xiaomi.dual-1/lib/arm/libva++.so (new_recvfrom+92)
05-14 18:39:18.488  1271  1271 F DEBUG   :     #63 pc 00011a39  /data/app/com.xiaomi.dual-1/lib/arm/libva++.so (new_recvfrom+92)
05-14 18:39:18.850   374   500 I ThermalEngine: Sensor:batt_temp:304 mC
05-14 18:39:19.241  2119 24729 W ActivityManager:   Force finishing activity com.xiaomi.dual/com.lody.virtual.client.stub.StubActivity$C0
