05-14 18:38:56.591  4063 24416 D ComCloudTableConfigureHelper: [{"name":"hide_mode","switch":"true","value":"[{\"sub_name\":\"feature_list\",\"sub_switch\":\"true\",\"sub_value\":\"[{\\\"group_id\\\":5,\\\"added\\\":\\\"true\\\",\\\"action_key\\\":\\\"set_data_connection\\\",\\\"action_value\\\":false},{\\\"group_id\\\":5,\\\"added\\\":\\\"true\\\",\\\"action_key\\\":\\\"set_location\\\",\\\"action_value\\\":false},{\\\"group_id\\\":5,\\\"added\\\":\\\"true\\\",\\\"action_key\\\":\\\"set_sensor\\\",\\\"action_value\\\":true},{\\\"group_id\\\":5,\\\"added\\\":\\\"true\\\",\\\"action_key\\\":\\\"app_delay\\\",\\\"action_value\\\":\\\"3\\\"},{\\\"group_id\\\":5,\\\"added\\\":\\\"true\\\",\\\"action_key\\\":\\\"set_location_delay\\\",\\\"action_value\\\":\\\"1\\\"},{\\\"group_id\\\":5,\\\"added\\\":\\\"true\\\",\\\"action_key\\\":\\\"sensor_delay\\\",\\\"action_value\\\":\\\"-1\\\"},{\\\"group_id\\\":5,\\\"added\\\":\\\"true\\\",\\\"action_key\\\":\\\"kill_delay\\\",\\\"action_value\\\":\\\"-2\\\"},{\\\"group_id\\\":5,\\\"added\\\":\\\"true\\\",\\\"action_key\\\":\\\"set_delay_count\\\",\\\"action_value\\\":\\\"20\\\"},{\\\"group_id\\\":5,\\\"added\\\":\\\"true\\\",\\\"action_key\\\":\\\"set_data_kb\\\",\\\"action_value\\\":\\\"100\\\"},{\\\"group_id\\\":5,\\\"added\\\":\\\"true\\\",\\\"action_key\\\":\\\"set_inactive_count\\\",\\\"action_value\\\":\\\"-1\\\"}]\"},{\"sub_name\":\"hide_mode\",\"sub_switch\":\"true\",\"sub_value\":true},{\"sub_name\":\"idle_mode\",\"sub_switch\":\"true\",\"sub_value\":true},{\"sub_name\":\"light_idle_mode\",\"sub_switch\":\"true\",\"sub_value\":true},{\"sub_name\":\"miui_idle\",\"sub_switch\":\"true\",\"sub_value\":false},{\"sub_name\":\"miui_standby\",\"sub_switch\":\"true\",\"sub_value\":true},{\"sub_name\":\"no_core_system_apps\",\"sub_switch\":\"true\",\"sub_value\":\"com.android.fileexplorer:com.miui.yellowpage\"},{\"sub_name\":\"doze_whitelist_apps\",\"sub_switch\":\"true\",\"sub_value\":\"com.tencent.mobileqq:com.tencent.qqlite:com.tencent.mm:com.xiaomi.channel:com.whatsapp:com.android.cts.net.hostside\"},{\"sub_name\":\"music_apps\",\"sub_switch\":\"true\",\"sub_value\":\"com.tencent.qqmusic:cn.kuwo.player:com.kugou.android:com.ting.mp3.android:com.netease.cloudmusic:fm.xiami.main:com.changba:com.duomi.android:com.sds.android.ttpod:com.ximalaya.ting.android:cn.kuwo.tingshu:com.yibasan.lizhifm:com.yinyuetai.ui:com.imusic.iting:com.itings.radio:wawayaya.kids_song:com.iflytek.womusicclient:cmccwm.mobilemusic:com.gwsoft.imusic.controller:fm.qingting.qtradio:bubei.tingshu:com.duoduo.child.story:com.kunpeng.babyting:com.bsbportal.music:tv.accedo.airtel.wynk:com.saavn.android:com.gaana:com.luojilab.player:com.skysoft.kkbox.android:com.airtel.ng.android.music:\"},{\"sub_name\":\"level_ultimate_special_apps\",\"sub_switch\":\"true\",\"sub_value\":\"com.tencent.mobileqq:com.tencent.qqlite:com.tencent.mobileqqi:com.tencent.minihd.qq:com.tencent.mm:com.xiaomi.channel:com.mi.suliao:com.duowan.mobile:com.duowan.gamevoice:com.wali.live:com.alibaba.mobileim:com.yy.yymeet:cn.com.fetion:im.yixin:im.chaoxin:cc.iloc:com.yx:com.cootek.smartdialer:com.cootek.walkietalkie:com.tencent.lightalk:com.whatsapp:com.bsb.hike:com.tencent.pb:com.facebook.orca:com.imo.android.imoim:com.imo.android.imoimbeta:com.viber.voip:org.telegram.messenger:com.tinder:com.sgiggle.production:com.alibaba.android.rimet:jp.naver.line.android:com.skype.raider:com.jb.gosms:com.bbm:kik.android:com.yy.yymeet.cmcc:com.yeecall.app:com.tencent.qqmusic:cn.kuwo.player:com.kugou.android:com.ting.mp3.android:com.netease.cloudmusic:fm.xiami.main:com.changba:com.duomi.android:com.sds.android.ttpod:com.ximalaya.ting.android:cn.kuwo.tingshu:com.yibasan.lizhifm:com.yinyuetai.ui:com.imusic.iting:com.itings.radio:wawayaya.kids_song:com.iflytek.womusicclient:cmccwm.mobilemusic:com.gwsoft.imusic.controller:fm.qingting.qtradio:bubei.tingshu:com.duoduo.child.story:com.kunpeng.babyting:com.bsbportal.music:tv.accedo.airtel.wynk:com.saavn.android:com.gaana:com.luojilab.player:com.skysoft.kkbox.android:com.airtel.ng.android.music:com.kingsoft.email:com.xiaomi.facephoto​
05-14 18:38:56.591  4063 24416 D ComCloudTableConfigureHelper: setcomfeatureRule: 
05-14 18:38:56.591  4063 24416 D ComCloudTableConfigureHelper: uri2: content://com.miui.powerkeeper.configure/ComCloudTable/hide_mode
05-14 18:38:56.594  4063 24416 D ComCloudTableConfigureHelper: update
05-14 18:38:56.595 23371 23371 V DefaultRequestEnv: Connected to account service
05-14 18:38:56.598  4063 24452 D PowerChecker.UsageRecord: updateUsageAttributeLocked mMaxDrainedPower = 0.0, mMinDrainedPower = 0.0, mWhichBatteryScreenOffRealtime = 0, mWhichBatteryRealtime = 116000
05-14 18:38:56.598  4063 24452 D PowerChecker.UsageRecord: updateUsageAttributeLocked sippers.size() = 7
05-14 18:38:56.604  4063 24452 D PowerChecker.UsageRecord: battery level when history start: 98
05-14 18:38:56.612 24420 24420 D SimpleTask: insertTask(): tag=238384890_schedule_remote_query
05-14 18:38:56.613 24420 24475 D YellowPage.YellowPageJobService: onStartJob(): jobId=schedule_remote_query onBackground
05-14 18:38:56.618 23371 24415 W System  : ClassLoader referenced unknown path: /system/framework/tcmclient.jar
05-14 18:38:56.618 23371 24415 W System  : ClassLoader referenced unknown path: /system/framework/com.qualcomm.qti.GBAHttpAuthentication.jar
05-14 18:38:56.623 24420 24459 I art     : Rejecting re-init on previously-failed class java.lang.Class<com.android.webview.chromium.ServiceWorkerControllerAdapter>
05-14 18:38:56.628 24420 24459 I art     : Rejecting re-init on previously-failed class java.lang.Class<com.android.webview.chromium.ServiceWorkerControllerAdapter>
05-14 18:38:56.633  4063 24452 D PowerChecker.UsageRecord: tppRecords = [], tppRecords size is 0
05-14 18:38:56.633  4063 24452 D PowerChecker.UsageRecord: tppRecords = [], tppRecords size is 0
05-14 18:38:56.633  4063 24452 D PowerChecker.UsageRecord: mScreenOnAverageTPP = 0, mScreenOffAverageTPP = 0
05-14 18:38:56.633  4063 24452 D SimpleSettingsFakeProvider: getMiscSetting, name = analytics_upload, requestingUserId = 0
05-14 18:38:56.634  4063 24452 D SimpleSettingsFakeProvider: getMiscSetting, name = analytics_upload_params, requestingUserId = 0
05-14 18:38:56.652 24420 24459 I cr_LibraryLoader: Time to load native libraries: 8 ms (timestamps 5920-5928)
05-14 18:38:56.659  4063 24452 D PowerChecker.UsageRecord: moduleStats.moduleName = root ,  moduleStats.toString() = 0.000394 mAh
05-14 18:38:56.659  4063 24452 D PowerChecker.UsageRecord: moduleStats.moduleName = system ,  moduleStats.toString() = 0.00426 mAh
05-14 18:38:56.659  4063 24452 D PowerChecker.UsageRecord: moduleStats.moduleName = radio ,  moduleStats.toString() = 0.000394 mAh
05-14 18:38:56.659  4063 24452 D PowerChecker.UsageRecord: toJson()---->{"rt":"2018-05-14 18:38:56","cp":"0.0108","ac":"0","un":"0","ov":"0","scr":"0.00477","cs":"0.0000967","pcs":"0","wf":"0.000129","bt":"0","idle":"0","oth":"0","tob":116,"toff":0,"thap":7.332083347840752E-4,"romCore":[{"pkg":"root","pwr":"0.000394"},{"pkg":"system","pwr":"0.00426"},{"pkg":"radio","pwr":"0.000394"}]}
05-14 18:38:56.660  4063 24452 D SimpleSettingsFakeProvider: getMiscSetting, name = analytics_upload, requestingUserId = 0
05-14 18:38:56.661  4063 24452 D SimpleSettingsFakeProvider: getMiscSetting, name = analytics_upload_params, requestingUserId = 0
05-14 18:38:56.661  4063 24452 D PowerChecker.UsageRecord: toJsonAverageTPP()---->{"tpp":0,"ontpp":0,"offtpp":0}
05-14 18:38:56.677  4063  5283 D SimpleSettingsFakeProvider: getMiscSetting, name = key_thermal_last_data_md5, requestingUserId = 0
05-14 18:38:56.678  4063  5283 I PowerKeeper.Feedback: No need to get remote data: ccd9741beb2cbc6790d94a177ff46d18
05-14 18:38:56.679  4063 24454 D SimpleSettingsFakeProvider: getMiscSetting, name = key_BroadcastManageService_last_data_md5_, requestingUserId = 0
05-14 18:38:56.680  4063 24454 I BroadcastManageService: No need to get remote data: 6a05a1909b9d00d9496e96955df376aelocal md5 = 6a05a1909b9d00d9496e96955df376ae
05-14 18:38:56.681  4063 24416 D SimpleSettingsFakeProvider: insertMiscSetting, name = powerkeeper_cloudcontrol_last_com_feature_data_md5, value = 00f2830558c31ebf5ca68380f8ea282f, requestingUserId = 0
05-14 18:38:56.684  4063  5088 D SimpleSettingsFakeProvider: getMiscSetting, name = vip_feedback_id_list_last_data_md5, requestingUserId = 0
05-14 18:38:56.685 24420 24475 D YellowPage.MiStatSdkHelper: recordJobExecuted(): jobId=schedule_remote_query, isDeadline=false
05-14 18:38:56.687 24420 24475 W YellowPage.MiStatSdkHelper: recordCountEvent(): not inited
05-14 18:38:56.694 24420 24420 D YellowPage.YellowPageJobService: onStartJob(): jobId=schedule_remote_query, onPost
05-14 18:38:56.695  2119  2222 V UidProcStateHelper: process state changed:[24420,10003,10]
05-14 18:38:56.696  4063 24416 D SimpleSettingsFakeProvider: getMiscSetting, name = powerkeeper_cloudcontrol_last_com_feature_data_md5, requestingUserId = 0
05-14 18:38:56.700  4063 24416 I ComCloudNet: local_saved_md5: 00f2830558c31ebf5ca68380f8ea282f
05-14 18:38:56.701  4063 24455 D SimpleSettingsFakeProvider: getMiscSetting, name = key_gps_black_last_data_md5, requestingUserId = 0
05-14 18:38:56.702  4063 24455 I PowerKeeper.GPS: No need to get remote data: 99914b932bd37a50b983c5e7c90ae93b
05-14 18:38:56.702  4063  5274 D SimpleSettingsFakeProvider: getMiscSetting, name = key_abnormal_consume_last_data_md5, requestingUserId = 0
05-14 18:38:56.705  4063 24453 D SimpleSettingsFakeProvider: getMiscSetting, name = key_function_data_md5, requestingUserId = 0
05-14 18:38:56.705  4063  5274 I PowerChecker.ClUpdate: No need to get remote data: 39cef666fe23d7f71876d92524ffdba6
05-14 18:38:56.705  4063 24416 D SimpleSettingsFakeProvider: insertMiscSetting, name = powerkeeper_cloudcontrol_last_com_feature_data_md5, value = 2018-05-14 18:38:56, requestingUserId = 0
05-14 18:38:56.706  4063 24453 I CloudFunctionConfig: No need to get remote data: 46a766ae6156c78979e319e3b541b187
05-14 18:38:56.709 24420 24459 I chromium: [INFO:library_loader_hooks.cc(163)] Chromium logging enabled: level = 0, default verbosity = 0
05-14 18:38:56.709 24420 24459 I cr_LibraryLoader: Expected native library version number "57.0.2987.132", actual native library version number "57.0.2987.132"
05-14 18:38:56.713 24420 24420 D YellowPage.JobDispatcher: scheduleJob(): jobId=schedule_remote_query, success=true
05-14 18:38:56.713 24420 24420 D SimpleTask: removeTask(): tag=238384890_schedule_remote_query
05-14 18:38:56.717  2119  2222 V UidProcStateHelper: process state changed:[24420,10003,16]
05-14 18:38:56.717  2119  2221 I ActiveServicesInjector: Low priority start of: ServiceRecord{cd93951 u0 com.miui.core/com.miui.internal.server.CoreService}
05-14 18:38:56.730 23371 24415 E Micloud : MiCloudServerException: 401 HTTP/1.1 401 Unauthorized
05-14 18:38:56.734 23371 24415 E Micloud : CloudServer Exception: 
05-14 18:38:56.734 23371 24415 E Micloud : com.xiaomi.micloudsdk.exception.CloudServerException: status: 401
05-14 18:38:56.734 23371 24415 E Micloud : 	at com.xiaomi.micloudsdk.request.CloudRequestHelper.httpPostRequest(CloudRequestHelper.java:136)
05-14 18:38:56.734 23371 24415 E Micloud : 	at com.xiaomi.micloudsdk.request.CloudRequestHelper.httpPostRequestWithDecodeData(CloudRequestHelper.java:62)
05-14 18:38:56.734 23371 24415 E Micloud : 	at com.xiaomi.micloudsdk.request.Request.execute(Request.java:289)
05-14 18:38:56.734 23371 24415 E Micloud : 	at com.xiaomi.micloudsdk.request.Request.requestServer(Request.java:211)
05-14 18:38:56.734 23371 24415 E Micloud : 	at com.xiaomi.micloudsdk.CommonSdk.getMiCloudStatusInfo(CommonSdk.java:43)
05-14 18:38:56.734 23371 24415 E Micloud : 	at com.miui.cloudservice.sync.MiCloudStatusService.b(SourceFile:273)
05-14 18:38:56.734 23371 24415 E Micloud : 	at com.miui.cloudservice.sync.MiCloudStatusService.a(SourceFile:74)
05-14 18:38:56.734 23371 24415 E Micloud : 	at com.miui.cloudservice.sync.MiCloudStatusService$b.handleMessage(SourceFile:394)
05-14 18:38:56.734 23371 24415 E Micloud : 	at android.os.Handler.dispatchMessage(Handler.java:102)
05-14 18:38:56.734 23371 24415 E Micloud : 	at android.os.Looper.loop(Looper.java:157)
05-14 18:38:56.734 23371 24415 E Micloud : 	at android.os.HandlerThread.run(HandlerThread.java:61)
05-14 18:38:56.737  4063  5120 D SimpleSettingsFakeProvider: getMiscSetting, name = key_cpu_last_data_md5_ProfileCloudUpdate, requestingUserId = 0
05-14 18:38:56.738  4063  5038 D SimpleSettingsFakeProvider: getMiscSetting, name = powerkeeper_cloudcontrol_last_data_md5, requestingUserId = 0
05-14 18:38:56.741 23371 24415 E Micloud : CloudServer 401 Exception: retry=0
05-14 18:38:56.741 23371 24415 E Micloud : com.xiaomi.micloudsdk.exception.CloudServerException: status: 401
05-14 18:38:56.741 23371 24415 E Micloud : 	at com.xiaomi.micloudsdk.request.CloudRequestHelper.httpPostRequest(CloudRequestHelper.java:136)
05-14 18:38:56.741 23371 24415 E Micloud : 	at com.xiaomi.micloudsdk.request.CloudRequestHelper.httpPostRequestWithDecodeData(CloudRequestHelper.java:62)
05-14 18:38:56.741 23371 24415 E Micloud : 	at com.xiaomi.micloudsdk.request.Request.execute(Request.java:289)
05-14 18:38:56.741 23371 24415 E Micloud : 	at com.xiaomi.micloudsdk.request.Request.requestServer(Request.java:211)
05-14 18:38:56.741 23371 24415 E Micloud : 	at com.xiaomi.micloudsdk.CommonSdk.getMiCloudStatusInfo(CommonSdk.java:43)
05-14 18:38:56.741 23371 24415 E Micloud : 	at com.miui.cloudservice.sync.MiCloudStatusService.b(SourceFile:273)
05-14 18:38:56.741 23371 24415 E Micloud : 	at com.miui.cloudservice.sync.MiCloudStatusService.a(SourceFile:74)
05-14 18:38:56.741 23371 24415 E Micloud : 	at com.miui.cloudservice.sync.MiCloudStatusService$b.handleMessage(SourceFile:394)
05-14 18:38:56.741 23371 24415 E Micloud : 	at android.os.Handler.dispatchMessage(Handler.java:102)
05-14 18:38:56.741 23371 24415 E Micloud : 	at android.os.Looper.loop(Looper.java:157)
05-14 18:38:56.741 23371 24415 E Micloud : 	at android.os.HandlerThread.run(HandlerThread.java:61)
05-14 18:38:56.741 23371 24415 D DefaultRequestEnv: invalidateAuthToken
05-14 18:38:56.823   374   500 I ThermalEngine: Sensor:batt_temp:305 mC
05-14 18:38:56.942 24420 24480 D YellowPage: YellowPageHandler:local yellowPage update time less than 1 week!
05-14 18:38:56.944 24420 24480 D YellowPage: TaskQueue:consulting retry policy of task [#getCloudPhoneInfo, attempts:1, prev delay:0, retry policy:{max attempts: 1, fixed delay:0}]
05-14 18:38:56.944 24420 24480 D YellowPage: TaskQueue:should retry task #getCloudPhoneInfo: false
05-14 18:38:56.959  4063  5088 I VipFeedbackManager: No need to get remote data: 603b9693030f568ce96e1dd97ab90fdc
05-14 18:38:56.961  4063  5038 I CloudUpdateHideMode: Feature No need to get remote data: 702c5742881357da7c1b17b9cf5a73ef6f4a06a5
05-14 18:38:56.961  4063  5038 D SimpleSettingsFakeProvider: getMiscSetting, name = key_app_list_md5_url, requestingUserId = 0
05-14 18:38:56.961  4063  5120 I ProfileCloudUpdate: No need to get remote data: d37998aeb9cd2ed96c252c285ef67f0e
05-14 18:38:56.962  4063  5038 I CloudUpdate: type:mod-MINOTELTE_dev__avs-23__bvs-7.11.16__mnc-00__mcc-86__pvs-40100
05-14 18:38:56.962  4063  5038 D SimpleSettingsFakeProvider: getMiscSetting, name = cloud_current_enviroment, requestingUserId = 0
05-14 18:38:56.963  4063  5038 I CloudUpdate: toCheckURL------> https://ccc.sys.miui.com/api/v1/base/profile/power_applist/applist-hash/mod-MINOTELTE_dev__avs-23__bvs-7.11.16__mnc-00__mcc-86__pvs-40100
05-14 18:38:56.963  4063  5038 D CloudUpdate: currUrl : https://ccc.sys.miui.com/api/v1/base/profile/power_applist/applist-hash/mod-MINOTELTE_dev__avs-23__bvs-7.11.16__mnc-00__mcc-86__pvs-40100?r=1526294336&t=0bd206c6a2ef05b05a0730625803fff6
05-14 18:38:56.963  4063  5038 D CloudUpdate: use HTTPS protocol
05-14 18:38:57.012  4063  5038 D CloudUpdateHideMode: {"data":"{\"hash\":\"69c3b49cca658714b8dc8d7bb9daea4b47c7664c\",\"exloc\":\"MiuiSys/03ffd34819268464836d6dd253e1bfa7df5ee4878\"}"}
05-14 18:38:57.012  4063  5038 I CloudUpdateHideMode: app_remoteMd5: 69c3b49cca658714b8dc8d7bb9daea4b47c7664c
05-14 18:38:57.012  4063  5038 D SimpleSettingsFakeProvider: getMiscSetting, name = powerkeeper_cloudcontrol_last_applist_data_md5, requestingUserId = 0
05-14 18:38:57.017  4063  5038 I CloudUpdateHideMode: applist if null --->false
05-14 18:38:57.017  4063  5038 I CloudUpdateHideMode: Applist No need to get remote  data: 69c3b49cca658714b8dc8d7bb9daea4b47c7664c
05-14 18:38:57.017  2119  2221 I ActiveServicesInjector: Low priority start of: ServiceRecord{fbac5a9 u0 com.xiaomi.account/com.xiaomi.mipush.sdk.PushMessageHandler}
05-14 18:38:57.026 24435 24470 D GuestAccountBackupAM: this does not need to rename account
05-14 18:38:57.032  2119  2222 V UidProcStateHelper: process state changed:[24435,10093,6]
05-14 18:38:57.034 24420 24459 D YellowPage: XiaomiAccount:getAuthToken:future cUserId is null
05-14 18:38:57.041 24435 24470 I DynamicDumpReceiver: Dynamic receiver registered
05-14 18:38:57.054 24435 24435 V XmAuthenticationService: return the xm AccountAuthenticator binder
05-14 18:38:57.058 24435 24487 V AccountPushMessageReceiver: onCommandResult is called, command: register, resultCode: 0, reason: null, category: null
05-14 18:38:57.067 24435 24489 D SystemAccountAuthentica: getting AuthToken, type: micloud, package name: com.miui.cloudservice
05-14 18:38:57.070 24435 24487 D CloudTelephonyManager: blockingGetDeviceId is called by com.xiaomi.account with timeout: 30000
05-14 18:38:57.091 24435 24489 D CloudTelephonyManager: blockingGetDeviceId is called by com.xiaomi.account with timeout: 30000
05-14 18:38:57.093 24420 24459 D YellowPage: XiaomiAccount:getAuthToken:future cUserId is null
05-14 18:38:57.097 24435 24489 D CloudTelephonyManager: blockingGetDeviceId is called by com.xiaomi.account with timeout: 30000
05-14 18:38:57.106  2119  3569 D WifiService: New client listening to asynchronous messages
05-14 18:38:57.110 24435 24489 D CloudTelephonyManager: blockingGetDeviceId is called by com.xiaomi.account with timeout: 30000
05-14 18:38:57.111 24435 24489 I SecurityDeviceCredentialManager: getService: sService != null. 
05-14 18:38:57.111 24435 24489 I SecurityDeviceCredentialManager: getService: binder alive. 
05-14 18:38:57.112  4888  4953 I ##XLogger##: #&^RDS22qrsaLuS5+7KoMcGzYfFrUjoUBcyf7UT40Y7GMmA4xVMgtwJgh++ZQ4dD8JXJ9d5yg9qEl41PU/kY1bkwwICA0oiqWnQH23zL5zyu6d09dEFAgHIsaR662V7kmAUcWtZqgp1cizL8PI5BYsAwLjTX144n+MmBpaC/VAzY9k=!!3iHDZSJIUKhfugNAMVlW7tmrqEcSaALfai3ypsJ+txui1wF5/CBHIh6npGvRu3XmpFB5XL5M7bmzfIyYZdPhjs0yJ+KZ9ZHYhn5AgHBpH4OF3FQpQxJm1WHXl3Iceo6Y9akFtRv0VGYbs+57XUY5Ct9hsuBgaNQky6Nmws7m8S58I4VQqG6Sldr62bMrmj2kM6zhWdGn9/8sIxzHz+iHO+KBh1I3+/cIJhDYh1zcknFg6zjjJymO5DMu9Ns8fo29^&#
05-14 18:38:57.115 24435 24489 W System  : ClassLoader referenced unknown path: /system/framework/tcmclient.jar
05-14 18:38:57.144 24420 24459 D YellowPage: XiaomiAccount:getAuthToken:future cUserId is null
05-14 18:38:57.164  2119 11613 I Sensors : HAL: ProximitySensor::enable = 0
05-14 18:38:57.168  2119  2221 I ActiveServicesInjector: Low priority start of: ServiceRecord{d2f79b8 u0 com.xiaomi.xmsf/com.xiaomi.push.service.XMPushService}
05-14 18:38:57.169  3796  3796 W PushService: 2018-05-14 18:38:57,169 - [WARN::PushService] - [Thread:1] onStart() with intent.Action = null, chid = null
05-14 18:38:57.170  3796  3796 W PushService: 2018-05-14 18:38:57,170 - [WARN::PushService] - [Thread:1] onStart() with intent.Action = null, chid = null
05-14 18:38:57.170  3796  3796 W PushService: 2018-05-14 18:38:57,170 - [WARN::PushService] - [Thread:1] onStart() with intent.Action = null, chid = null
05-14 18:38:57.170  3796  3796 W PushService: 2018-05-14 18:38:57,170 - [WARN::PushService] - [Thread:1] onStart() with intent.Action = com.xiaomi.mipush.SEND_MESSAGE, chid = null
05-14 18:38:57.170  3796  3987 W PushService: 2018-05-14 18:38:57,170 - [WARN::PushService] - [Thread:49] JOB: Handle intent action = com.xiaomi.mipush.SEND_MESSAGE
05-14 18:38:57.171  3796  3796 W PushService: 2018-05-14 18:38:57,170 - [WARN::PushService] - [Thread:1] onStart() with intent.Action = com.xiaomi.mipush.SEND_MESSAGE, chid = null
05-14 18:38:57.171  3796  3987 W PushService: 2018-05-14 18:38:57,171 - [WARN::PushService] - [Thread:49] try send mi push message. packagename:com.xiaomi.account action:Notification
05-14 18:38:57.172  3796  3987 W PushService: 2018-05-14 18:38:57,171 - [WARN::PushService] - [Thread:49] [Slim] Wrote {cmd=SECMSG;chid=5;len=287}
05-14 18:38:57.172  3796  3987 W PushService: 2018-05-14 18:38:57,172 - [WARN::PushService] - [Thread:49] [Slim] 06:38:57 下午 Sent  Blob [SECMSG,5,BzMNo-2808]
05-14 18:38:57.172  3796  3987 W PushService: 2018-05-14 18:38:57,172 - [WARN::PushService] - [Thread:49] JOB: Handle intent action = com.xiaomi.mipush.SEND_MESSAGE
05-14 18:38:57.172  3796  3987 W PushService: 2018-05-14 18:38:57,172 - [WARN::PushService] - [Thread:49] try send mi push message. packagename:com.xiaomi.account action:Notification
05-14 18:38:57.173  3796  3987 W PushService: 2018-05-14 18:38:57,173 - [WARN::PushService] - [Thread:49] [Slim] Wrote {cmd=SECMSG;chid=5;len=349}
05-14 18:38:57.173  3796  3987 W PushService: 2018-05-14 18:38:57,173 - [WARN::PushService] - [Thread:49] [Slim] 06:38:57 下午 Sent  Blob [SECMSG,5,BzMNo-2809]
05-14 18:38:57.175 24420 24459 D YellowPage: Sync:initiate
05-14 18:38:57.177 24420 24457 D YellowPage: b:getPresetDataVersion(): version=5
05-14 18:38:57.177 24420 24457 D AntiNumberReleaseTask: shouldRelease(): dataFileExist=true, localVersion=19, builtinVersion=5
05-14 18:38:57.178 24420 24457 D YellowPage: c:getDataVersion(): version=1
05-14 18:38:57.179 24420 24459 D YellowPage: Sync:remove periodic syncs & yellowpage account done.
05-14 18:38:57.179 24420 24459 D YellowPage: Push:initiate
05-14 18:38:57.183  3675  3675 V BoostFramework: BoostFramework() : mPerf = com.qualcomm.qti.Performance@588af1c
05-14 18:38:57.183  3675  3675 V BoostFramework: BoostFramework() : mPerf = com.qualcomm.qti.Performance@c354725
05-14 18:38:57.183 24420 24457 D YellowPage: c:getPresetRawDataVersion(): version=1
05-14 18:38:57.185 24420 24457 D c       : shouldRelease(): localVersion=1, builtinVersion=1, importDone=true
05-14 18:38:57.185 24420 24457 D YellowPage: YellowPageDatabaseHelper:checkToUpdateAntispamCategory() start
05-14 18:38:57.185 24420 24457 D YellowPage: YellowPageDatabaseHelper:mAntispamData is null
05-14 18:38:57.185 24420 24459 D MI_STAT : initialize com.miui.yellowpage, 2882303761517329915, com.miui.yellowpage, false
05-14 18:38:57.192 24420 24459 I YellowPage.MiStatSdkHelper: init(): done
05-14 18:38:57.194 24420 24457 D YellowPage: YellowPageDatabaseHelper:Antispam need not update 
05-14 18:38:57.194 24420 24457 D YellowPage: YellowPageDatabaseHelper:checkToUpdateAntispamCategory() end
05-14 18:38:57.195 24420 24457 D YellowPage.YellowPageProvider: initialize() use 740 ms
05-14 18:38:57.195 24420 24459 D YellowPage.JobDispatcher: canScheduleJob(): unsupport jobId:2
05-14 18:38:57.202 24420 24459 D YellowPage.JobDispatcher: canScheduleJob(): unsupport jobId:6
05-14 18:38:57.205  3936  3957 I PowerCenterProvider: call METHOD_GET_BATTERY_INFO
05-14 18:38:57.206  3936  3957 D BatteryHistoryLoadMgr: getHistoryInfo begin
05-14 18:38:57.217  3675  3675 D PhoneStatusBar: disable: 0x03e80010 -> 0x02880010 (diff: 0x01600000)
05-14 18:38:57.217  3675  3675 D PhoneStatusBar: disable: < expand icons alerts TICKER system_info back* home* recent* CLOCK full hide KEYGUARD none float >
05-14 18:38:57.281  3936  3957 D BatteryHistoryLoadMgr: getHistoryInfo end
05-14 18:38:57.283  3936  3957 I BatteryChargeTimeHelper: Use history time, 0.0 0ms
05-14 18:38:57.283  3936  3957 I PowerUtils: Device name:virgo
05-14 18:38:57.283  3936  3957 W PowerUtils: should not use this capacity value 3010
05-14 18:38:57.283  3936  3957 D BatteryLeftUsageTime: Use theory time, history 0 theory 43344000
05-14 18:38:57.296 24435 24489 D RequestWithIP: visit with ip, host=c.id.mi.com, ip=118.26.252.7:80, time=186, result=true
05-14 18:38:57.319  2119  2221 I ActiveServicesInjector: Low priority start of: ServiceRecord{fbac5a9 u0 com.xiaomi.account/com.xiaomi.mipush.sdk.PushMessageHandler}
05-14 18:38:57.321 24435 24487 V AccountPushMessageReceiver: onCommandResult is called, command: set-alias, resultCode: 0, reason: null, category: null
05-14 18:38:57.324 24435 24505 D CloudTelephonyManager: blockingGetDeviceId is called by com.xiaomi.account with timeout: 30000
05-14 18:38:57.324 24435 24505 I SecurityDeviceCredentialManager: getService: sService != null. 
05-14 18:38:57.325 24435 24505 I SecurityDeviceCredentialManager: getService: binder alive. 
05-14 18:38:57.326  4888  4971 I ##XLogger##: #&^RDS22qrsaLuS5+7KoMcGzYfFrUjoUBcyf7UT40Y7GMmA4xVMgtwJgh++ZQ4dD8JXJ9d5yg9qEl41PU/kY1bkwwICA0oiqWnQH23zL5zyu6d09dEFAgHIsaR662V7kmAUcWtZqgp1cizL8PI5BYsAwLjTX144n+MmBpaC/VAzY9k=!!3iHDZSJIUKhfugNAMVlW7tmrqEcSaALfai3ypsJ+txui1wF5/CBHIh6npGvRu3XmpFB5XL5M7bmzfIyYZdPhjs0yJ+KZ9ZHYhn5AgHBpH4OF3FQpQxJm1WHXl3Iceo6Y9akFtRv0VGYbs+57XUY5Ct9hsuBgaNQky6Nmws7m8S58I4VQqG6Sldr62bMrmj2kM6zhWdGn9/8sIxzHz+iHO3oe+P0WvVOnnVXjRz1Z8xBRtuNDIupFrc/k72BHaaI1^&#
05-14 18:38:57.328 24435 24489 D CloudTelephonyManager: blockingGetDeviceId is called by com.xiaomi.account with timeout: 30000
05-14 18:38:57.330 24435 24506 D CloudTelephonyManager: blockingGetDeviceId is called by com.xiaomi.account with timeout: 30000
05-14 18:38:57.330 24435 24489 D PassportLoginRequest: login byPassToken with CA-Request succeeded to receive data from server
05-14 18:38:57.330 24435 24506 I SecurityDeviceCredentialManager: getService: sService != null. 
05-14 18:38:57.330 24435 24507 D CloudTelephonyManager: blockingGetDeviceId is called by com.xiaomi.account with timeout: 30000
05-14 18:38:57.331 24435 24506 I SecurityDeviceCredentialManager: getService: binder alive. 
05-14 18:38:57.331 24435 24507 I SecurityDeviceCredentialManager: getService: sService != null. 
05-14 18:38:57.331 24435 24507 I SecurityDeviceCredentialManager: getService: binder alive. 
05-14 18:38:57.332  4888  7768 I ##XLogger##: #&^RDS22qrsaLuS5+7KoMcGzYfFrUjoUBcyf7UT40Y7GMmA4xVMgtwJgh++ZQ4dD8JXJ9d5yg9qEl41PU/kY1bkwwICA0oiqWnQH23zL5zyu6d09dEFAgHIsaR662V7kmAUcWtZqgp1cizL8PI5BYsAwLjTX144n+MmBpaC/VAzY9k=!!3iHDZSJIUKhfugNAMVlW7tmrqEcSaALfai3ypsJ+txui1wF5/CBHIh6npGvRu3XmpFB5XL5M7bmzfIyYZdPhjs0yJ+KZ9ZHYhn5AgHBpH4OF3FQpQxJm1WHXl3Iceo6Y9akFtRv0VGYbs+57XUY5Ct9hsuBgaNQky6Nmws7m8S58I4VQqG6Sldr62bMrmj2kM6zhWdGn9/8sIxzHz+iHO7i8hratVWAMVLIIk9Z4HYCPbJ1FtmaPhhpKfrjBVx10^&#
05-14 18:38:57.332  4888  6954 I ##XLogger##: #&^RDS22qrsaLuS5+7KoMcGzYfFrUjoUBcyf7UT40Y7GMmA4xVMgtwJgh++ZQ4dD8JXJ9d5yg9qEl41PU/kY1bkwwICA0oiqWnQH23zL5zyu6d09dEFAgHIsaR662V7kmAUcWtZqgp1cizL8PI5BYsAwLjTX144n+MmBpaC/VAzY9k=!!3iHDZSJIUKhfugNAMVlW7tmrqEcSaALfai3ypsJ+txui1wF5/CBHIh6npGvRu3XmpFB5XL5M7bmzfIyYZdPhjs0yJ+KZ9ZHYhn5AgHBpH4OF3FQpQxJm1WHXl3Iceo6Y9akFtRv0VGYbs+57XUY5Ct9hsuBgaNQky6Nmws7m8S58I4VQqG6Sldr62bMrmj2kM6zhWdGn9/8sIxzHz+iHO9EROjhDe4/Dgft9jEqe2nEMqAFpXUazM7YgC2eh0UbR^&#
05-14 18:38:57.334 24435 24489 D CloudTelephonyManager: blockingGetDeviceId is called by com.xiaomi.account with timeout: 30000
05-14 18:38:57.335 24435 24489 I SecurityDeviceCredentialManager: getService: sService != null. 
05-14 18:38:57.336 24435 24489 I SecurityDeviceCredentialManager: getService: binder alive. 
05-14 18:38:57.339  4888  7386 I ##XLogger##: #&^RDS22qrsaLuS5+7KoMcGzYfFrUjoUBcyf7UT40Y7GMmA4xVMgtwJgh++ZQ4dD8JXJ9d5yg9qEl41PU/kY1bkwwICA0oiqWnQH23zL5zyu6d09dEFAgHIsaR662V7kmAUcWtZqgp1cizL8PI5BYsAwLjTX144n+MmBpaC/VAzY9k=!!3iHDZSJIUKhfugNAMVlW7tmrqEcSaALfai3ypsJ+txui1wF5/CBHIh6npGvRu3XmpFB5XL5M7bmzfIyYZdPhjs0yJ+KZ9ZHYhn5AgHBpH4OF3FQpQxJm1WHXl3Iceo6Y9akFtRv0VGYbs+57XUY5Ct9hsuBgaNQky6Nmws7m8S58I4VQqG6Sldr62bMrmj2kM6zhWdGn9/8sIxzHz+iHOwtT+upyFiaSijrie19AoerkMmwO9pv/LFAz1hpR92S2^&#
05-14 18:38:57.381 24435 24505 D RequestWithIP: visit with ip, host=c.id.mi.com, ip=118.26.252.7, time=57, result=true
05-14 18:38:57.381 24435 24505 D CloudTelephonyManager: blockingGetDeviceId is called by com.xiaomi.account with timeout: 30000
05-14 18:38:57.382 24435 24505 I SecurityDeviceCredentialManager: getService: sService != null. 
05-14 18:38:57.382 24435 24505 I SecurityDeviceCredentialManager: getService: binder alive. 
05-14 18:38:57.383  4888  7768 I ##XLogger##: #&^RDS22qrsaLuS5+7KoMcGzYfFrUjoUBcyf7UT40Y7GMmA4xVMgtwJgh++ZQ4dD8JXJ9d5yg9qEl41PU/kY1bkwwICA0oiqWnQH23zL5zyu6d09dEFAgHIsaR662V7kmAUcWtZqgp1cizL8PI5BYsAwLjTX144n+MmBpaC/VAzY9k=!!3iHDZSJIUKhfugNAMVlW7tmrqEcSaALfai3ypsJ+txui1wF5/CBHIh6npGvRu3XmpFB5XL5M7bmzfIyYZdPhjs0yJ+KZ9ZHYhn5AgHBpH4OF3FQpQxJm1WHXl3Iceo6Y9akFtRv0VGYbs+57XUY5Ct9hsuBgaNQky6Nmws7m8S58I4VQqG6Sldr62bMrmj2kM6zhWdGn9/8sIxzHz+iHO7i8hratVWAMVLIIk9Z4HYCPbJ1FtmaPhhpKfrjBVx10^&#
05-14 18:38:57.439 24435 24505 D RequestWithIP: visit with ip, host=c.id.mi.com, ip=118.26.252.7:80, time=58, result=true
05-14 18:38:57.504  2119  2222 V UidProcStateHelper: process state changed:[24435,10093,10]
05-14 18:38:57.512 23371 24415 W System  : ClassLoader referenced unknown path: /system/framework/tcmclient.jar
05-14 18:38:57.513   634   634 D charger_monitor: vchg_loop stable: 0, is_settled = 0,usb_target_ua = 500000, usbin_current_now = 500000,fastchg_sts = 1, num_attempts = 0
05-14 18:38:57.522  6131  6184 I octvm_klo: battery status event:[status,health,present,plugged,technology]:[2,2,1,2,Li-poly]
05-14 18:38:57.522  6131  6184 I octvm_klo: [1526294337]:USB charging start...
05-14 18:38:57.524  4063  5274 D PowerCheckerService: onBatteryChanged, mBatteryLevel = 100, status = 2, level = 100, plug = 2
05-14 18:38:57.525  3936  3936 I BatteryInfoReceiver: ACTION_BATTERY_CHANGED
05-14 18:38:57.527  4063  5283 D ThermalManager$ThermalTempInfoHelper: thermal sensor0 type is tsens_tz_sensor0
05-14 18:38:57.529  4063  5283 D ThermalManager$ThermalTempInfoHelper: thermal sensor1 type is tsens_tz_sensor1
05-14 18:38:57.530  4063  5283 D ThermalManager$ThermalTempInfoHelper: thermal sensor2 type is tsens_tz_sensor2
05-14 18:38:57.532  4063  5283 D ThermalManager$ThermalTempInfoHelper: thermal sensor3 type is tsens_tz_sensor3
05-14 18:38:57.536  3675  3675 D BatteryController: action=android.intent.action.BATTERY_CHANGED; mCharging=true
05-14 18:38:57.538   634   634 D charger_monitor: vchg_loop stable: 0, is_settled = 0,usb_target_ua = 500000, usbin_current_now = 500000,fastchg_sts = 1, num_attempts = 0
05-14 18:38:57.538  3936  3936 I BatteryInfoReceiver: ACTION_BATTERY_CHANGED
05-14 18:38:57.540  4063  5274 D PowerCheckerService: onBatteryChanged, mBatteryLevel = 100, status = 2, level = 100, plug = 2
05-14 18:38:57.542  4063  5283 D ThermalManager$ThermalTempInfoHelper: thermal sensor4 type is tsens_tz_sensor4
05-14 18:38:57.543  3936  6427 I PowerCenterProvider: call METHOD_GET_POWER_SUPPLY_INFO
05-14 18:38:57.544  4063  5283 D ThermalManager$ThermalTempInfoHelper: thermal sensor5 type is tsens_tz_sensor5
05-14 18:38:57.545  4063  5283 D ThermalManager$ThermalTempInfoHelper: thermal sensor6 type is tsens_tz_sensor6
05-14 18:38:57.546  4063  5283 D ThermalManager$ThermalTempInfoHelper: thermal sensor7 type is tsens_tz_sensor7
05-14 18:38:57.548  4063  5283 D ThermalManager$ThermalTempInfoHelper: thermal sensor8 type is tsens_tz_sensor8
05-14 18:38:57.549  4063  5283 D ThermalManager$ThermalTempInfoHelper: thermal sensor9 type is tsens_tz_sensor9
05-14 18:38:57.554  4063  5283 D ThermalManager$ThermalTempInfoHelper: thermal sensor10 type is tsens_tz_sensor10
05-14 18:38:57.554  3675  3675 D BatteryController: action=android.intent.action.BATTERY_CHANGED; mCharging=true
05-14 18:38:57.556  3936 15846 I PowerCenterProvider: call METHOD_GET_POWER_SUPPLY_INFO
05-14 18:38:57.559  4063  5283 D ThermalManager$ThermalTempInfoHelper: thermal sensor11 type is pm8841_tz
05-14 18:38:57.562   634   634 D charger_monitor: vchg_loop stable: 0, is_settled = 0,usb_target_ua = 500000, usbin_current_now = 500000,fastchg_sts = 1, num_attempts = 0
05-14 18:38:57.564  4063  5283 D ThermalManager$ThermalTempInfoHelper: thermal sensor12 type is pm8941_tz
05-14 18:38:57.569  3936  3936 I BatteryInfoReceiver: ACTION_BATTERY_CHANGED
05-14 18:38:57.570  4063  5274 D PowerCheckerService: onBatteryChanged, mBatteryLevel = 100, status = 2, level = 100, plug = 2
05-14 18:38:57.572  4063  5283 D ThermalManager$ThermalTempInfoHelper: thermal sensor13 type is pa_therm0
05-14 18:38:57.573  3675  3675 D BatteryController: action=android.intent.action.BATTERY_CHANGED; mCharging=true
05-14 18:38:57.575  4063  5283 D ThermalManager$ThermalTempInfoHelper: thermal sensor14 type is pa_therm1
05-14 18:38:57.576  4063  5283 D ThermalManager$ThermalTempInfoHelper: thermal sensor15 type is emmc_therm
05-14 18:38:57.578  4063  5283 D ThermalManager$ThermalTempInfoHelper: thermal sensor16 type is msm_therm
05-14 18:38:57.579  4063  5274 D PowerCheckerService: onBatteryChanged, mBatteryLevel = 100, status = 2, level = 100, plug = 2
05-14 18:38:57.580  3936  3936 I BatteryInfoReceiver: ACTION_BATTERY_CHANGED
05-14 18:38:57.581  4063  5283 D ThermalManager$ThermalTempInfoHelper: thermal sensor0 type is tsens_tz_sensor0
05-14 18:38:57.584  4063  5283 D ThermalManager$ThermalTempInfoHelper: thermal sensor1 type is tsens_tz_sensor1
05-14 18:38:57.586  4063  5283 D ThermalManager$ThermalTempInfoHelper: thermal sensor2 type is tsens_tz_sensor2
05-14 18:38:57.588  4063  5283 D ThermalManager$ThermalTempInfoHelper: thermal sensor3 type is tsens_tz_sensor3
05-14 18:38:57.589  3675  3675 D BatteryController: action=android.intent.action.BATTERY_CHANGED; mCharging=true
05-14 18:38:57.589  3936  4236 I PowerCenterProvider: call METHOD_GET_POWER_SUPPLY_INFO
05-14 18:38:57.590  3936  5535 I PowerCenterProvider: call METHOD_GET_POWER_SUPPLY_INFO
05-14 18:38:57.591  4063  5283 D ThermalManager$ThermalTempInfoHelper: thermal sensor4 type is tsens_tz_sensor4
05-14 18:38:57.592  4063  5283 D ThermalManager$ThermalTempInfoHelper: thermal sensor5 type is tsens_tz_sensor5
05-14 18:38:57.594  4063  5283 D ThermalManager$ThermalTempInfoHelper: thermal sensor6 type is tsens_tz_sensor6
05-14 18:38:57.595  4063  5283 D ThermalManager$ThermalTempInfoHelper: thermal sensor7 type is tsens_tz_sensor7
05-14 18:38:57.596  4063  5283 D ThermalManager$ThermalTempInfoHelper: thermal sensor8 type is tsens_tz_sensor8
05-14 18:38:57.597  4063  5283 D ThermalManager$ThermalTempInfoHelper: thermal sensor9 type is tsens_tz_sensor9
05-14 18:38:57.599  4063  5283 D ThermalManager$ThermalTempInfoHelper: thermal sensor10 type is tsens_tz_sensor10
05-14 18:38:57.602  4063  5283 D ThermalManager$ThermalTempInfoHelper: thermal sensor11 type is pm8841_tz
05-14 18:38:57.604  4063  5283 D ThermalManager$ThermalTempInfoHelper: thermal sensor12 type is pm8941_tz
05-14 18:38:57.606  4063  5283 D ThermalManager$ThermalTempInfoHelper: thermal sensor13 type is pa_therm0
05-14 18:38:57.607  4063  5283 D ThermalManager$ThermalTempInfoHelper: thermal sensor14 type is pa_therm1
05-14 18:38:57.610  4063  5283 D ThermalManager$ThermalTempInfoHelper: thermal sensor15 type is emmc_therm
05-14 18:38:57.611  4063  5283 D ThermalManager$ThermalTempInfoHelper: thermal sensor16 type is msm_therm
05-14 18:38:57.614  4063  5283 D ThermalManager$ThermalTempInfoHelper: thermal sensor0 type is tsens_tz_sensor0
05-14 18:38:57.615  4063  5283 D ThermalManager$ThermalTempInfoHelper: thermal sensor1 type is tsens_tz_sensor1
05-14 18:38:57.618  4063  5283 D ThermalManager$ThermalTempInfoHelper: thermal sensor2 type is tsens_tz_sensor2
05-14 18:38:57.619  2119  2221 I ActiveServicesInjector: Low priority start of: ServiceRecord{a274a1d u0 com.miui.yellowpage/com.xiaomi.mipush.sdk.PushMessageHandler}
05-14 18:38:57.620  4063  5283 D ThermalManager$ThermalTempInfoHelper: thermal sensor3 type is tsens_tz_sensor3
05-14 18:38:57.622  4063  5283 D ThermalManager$ThermalTempInfoHelper: thermal sensor4 type is tsens_tz_sensor4
05-14 18:38:57.623 23371 24415 D MiCloudStatusService: getMiCloudStatusInfo exception type = 0
05-14 18:38:57.624  2119  2222 V UidProcStateHelper: process state changed:[24420,10003,10]
05-14 18:38:57.626  4063  5283 D ThermalManager$ThermalTempInfoHelper: thermal sensor5 type is tsens_tz_sensor5
05-14 18:38:57.628  4063  5283 D ThermalManager$ThermalTempInfoHelper: thermal sensor6 type is tsens_tz_sensor6
05-14 18:38:57.630  4063  5283 D ThermalManager$ThermalTempInfoHelper: thermal sensor7 type is tsens_tz_sensor7
05-14 18:38:57.632  2119  2222 V UidProcStateHelper: process state changed:[24420,10003,16]
05-14 18:38:57.632  4063  5283 D ThermalManager$ThermalTempInfoHelper: thermal sensor8 type is tsens_tz_sensor8
05-14 18:38:57.635  4063  5283 D ThermalManager$ThermalTempInfoHelper: thermal sensor9 type is tsens_tz_sensor9
05-14 18:38:57.637  4063  5283 D ThermalManager$ThermalTempInfoHelper: thermal sensor10 type is tsens_tz_sensor10
05-14 18:38:57.639  4063  5283 D ThermalManager$ThermalTempInfoHelper: thermal sensor11 type is pm8841_tz
05-14 18:38:57.641  4063  5283 D ThermalManager$ThermalTempInfoHelper: thermal sensor12 type is pm8941_tz
05-14 18:38:57.642  4063  5283 D ThermalManager$ThermalTempInfoHelper: thermal sensor13 type is pa_therm0
05-14 18:38:57.644  4063  5283 D ThermalManager$ThermalTempInfoHelper: thermal sensor14 type is pa_therm1
05-14 18:38:57.646  4063  5283 D ThermalManager$ThermalTempInfoHelper: thermal sensor15 type is emmc_therm
05-14 18:38:57.647  4063  5283 D ThermalManager$ThermalTempInfoHelper: thermal sensor16 type is msm_therm
05-14 18:38:57.651  4063  5283 D ThermalManager$ThermalTempInfoHelper: thermal sensor0 type is tsens_tz_sensor0
05-14 18:38:57.653  4063  5283 D ThermalManager$ThermalTempInfoHelper: thermal sensor1 type is tsens_tz_sensor1
05-14 18:38:57.655  4063  5283 D ThermalManager$ThermalTempInfoHelper: thermal sensor2 type is tsens_tz_sensor2
05-14 18:38:57.657  4063  5283 D ThermalManager$ThermalTempInfoHelper: thermal sensor3 type is tsens_tz_sensor3
05-14 18:38:57.659  4063  5283 D ThermalManager$ThermalTempInfoHelper: thermal sensor4 type is tsens_tz_sensor4
05-14 18:38:57.660  4063  5283 D ThermalManager$ThermalTempInfoHelper: thermal sensor5 type is tsens_tz_sensor5
05-14 18:38:57.662  4063  5283 D ThermalManager$ThermalTempInfoHelper: thermal sensor6 type is tsens_tz_sensor6
05-14 18:38:57.664  4063  5283 D ThermalManager$ThermalTempInfoHelper: thermal sensor7 type is tsens_tz_sensor7
05-14 18:38:57.665  4063  5283 D ThermalManager$ThermalTempInfoHelper: thermal sensor8 type is tsens_tz_sensor8
05-14 18:38:57.670  4063  5283 D ThermalManager$ThermalTempInfoHelper: thermal sensor9 type is tsens_tz_sensor9
05-14 18:38:57.672  4063  5283 D ThermalManager$ThermalTempInfoHelper: thermal sensor10 type is tsens_tz_sensor10
05-14 18:38:57.674  4063  5283 D ThermalManager$ThermalTempInfoHelper: thermal sensor11 type is pm8841_tz
05-14 18:38:57.676  4063  5283 D ThermalManager$ThermalTempInfoHelper: thermal sensor12 type is pm8941_tz
05-14 18:38:57.679  4063  5283 D ThermalManager$ThermalTempInfoHelper: thermal sensor13 type is pa_therm0
05-14 18:38:57.681  4063  5283 D ThermalManager$ThermalTempInfoHelper: thermal sensor14 type is pa_therm1
05-14 18:38:57.684  4063  5283 D ThermalManager$ThermalTempInfoHelper: thermal sensor15 type is emmc_therm
05-14 18:38:57.687  4063  5283 D ThermalManager$ThermalTempInfoHelper: thermal sensor16 type is msm_therm
05-14 18:38:57.690  4063  5283 D ThermalManager$ThermalTempInfoHelper: thermal sensor0 type is tsens_tz_sensor0
05-14 18:38:57.692  4063  5283 D ThermalManager$ThermalTempInfoHelper: thermal sensor1 type is tsens_tz_sensor1
05-14 18:38:57.693  4063  5283 D ThermalManager$ThermalTempInfoHelper: thermal sensor2 type is tsens_tz_sensor2
05-14 18:38:57.693 23371 24415 V MiCloudNotificationHelper: register micloud notification
05-14 18:38:57.695  4063  5283 D ThermalManager$ThermalTempInfoHelper: thermal sensor3 type is tsens_tz_sensor3
05-14 18:38:57.696 23371 24415 V MiCloudNotificationHelper: cancelNotification: name: MiCloudQuotaWarningNotification
05-14 18:38:57.696 23371 24415 V SyncSettingStatusProvider: delete sync setting
05-14 18:38:57.696  4063  5283 D ThermalManager$ThermalTempInfoHelper: thermal sensor4 type is tsens_tz_sensor4
05-14 18:38:57.698  4063  5283 D ThermalManager$ThermalTempInfoHelper: thermal sensor5 type is tsens_tz_sensor5
05-14 18:38:57.701  4063  5283 D ThermalManager$ThermalTempInfoHelper: thermal sensor6 type is tsens_tz_sensor6
05-14 18:38:57.703  4063  5283 D ThermalManager$ThermalTempInfoHelper: thermal sensor7 type is tsens_tz_sensor7
05-14 18:38:57.704 23371 24415 D CloudSyncUtils: not find when clear change state
05-14 18:38:57.705  4063  5283 D ThermalManager$ThermalTempInfoHelper: thermal sensor8 type is tsens_tz_sensor8
05-14 18:38:57.706  2119  2221 W BroadcastQueueInjector: Unable to launch app com.miui.gallery/10021 for broadcast Intent { act=com.xiaomi.action.MICLOUD_STATUS_INFO_CHANGED flg=0x10 (has extras) }: process is not permitted to  auto start
05-14 18:38:57.709  4063  5283 D ThermalManager$ThermalTempInfoHelper: thermal sensor9 type is tsens_tz_sensor9
05-14 18:38:57.710  4063  5283 D ThermalManager$ThermalTempInfoHelper: thermal sensor10 type is tsens_tz_sensor10
05-14 18:38:57.711  4063  5283 D ThermalManager$ThermalTempInfoHelper: thermal sensor11 type is pm8841_tz
05-14 18:38:57.713  4063  5283 D ThermalManager$ThermalTempInfoHelper: thermal sensor12 type is pm8941_tz
05-14 18:38:57.715  4063  5283 D ThermalManager$ThermalTempInfoHelper: thermal sensor13 type is pa_therm0
05-14 18:38:57.717  4063  5283 D ThermalManager$ThermalTempInfoHelper: thermal sensor14 type is pa_therm1
05-14 18:38:57.719  4063  5283 D ThermalManager$ThermalTempInfoHelper: thermal sensor15 type is emmc_therm
05-14 18:38:57.721  4063  5283 D ThermalManager$ThermalTempInfoHelper: thermal sensor16 type is msm_therm
05-14 18:38:57.723 23371 24415 I Micloud : Original URL: http://statusapi.micloud.xiaomi.net/mic/status/v2/user/quota/free/status. 
05-14 18:38:57.723 23371 24415 I Micloud : New URL: http://statusapi.micloud.xiaomi.net. 
05-14 18:38:57.723 23371 24415 I Micloud : Final URL: http://statusapi.micloud.xiaomi.net/mic/status/v2/user/quota/free/status. 
05-14 18:38:57.725  4063  5283 D ThermalManager$ThermalTempInfoHelper: thermal sensor0 type is tsens_tz_sensor0
05-14 18:38:57.727  4063  5283 D ThermalManager$ThermalTempInfoHelper: thermal sensor1 type is tsens_tz_sensor1
05-14 18:38:57.730  4063  5283 D ThermalManager$ThermalTempInfoHelper: thermal sensor2 type is tsens_tz_sensor2
05-14 18:38:57.731 23371 24415 W System  : ClassLoader referenced unknown path: /system/framework/tcmclient.jar
05-14 18:38:57.732  4063  5283 D ThermalManager$ThermalTempInfoHelper: thermal sensor3 type is tsens_tz_sensor3
05-14 18:38:57.735  4063  5283 D ThermalManager$ThermalTempInfoHelper: thermal sensor4 type is tsens_tz_sensor4
05-14 18:38:57.737  4063  5283 D ThermalManager$ThermalTempInfoHelper: thermal sensor5 type is tsens_tz_sensor5
05-14 18:38:57.739  4063  5283 D ThermalManager$ThermalTempInfoHelper: thermal sensor6 type is tsens_tz_sensor6
05-14 18:38:57.741  4063  5283 D ThermalManager$ThermalTempInfoHelper: thermal sensor7 type is tsens_tz_sensor7
05-14 18:38:57.744  4063  5283 D ThermalManager$ThermalTempInfoHelper: thermal sensor8 type is tsens_tz_sensor8
05-14 18:38:57.746  4063  5283 D ThermalManager$ThermalTempInfoHelper: thermal sensor9 type is tsens_tz_sensor9
05-14 18:38:57.748  4063  5283 D ThermalManager$ThermalTempInfoHelper: thermal sensor10 type is tsens_tz_sensor10
05-14 18:38:57.751  4063  5283 D ThermalManager$ThermalTempInfoHelper: thermal sensor11 type is pm8841_tz
05-14 18:38:57.753  4063  5283 D ThermalManager$ThermalTempInfoHelper: thermal sensor12 type is pm8941_tz
05-14 18:38:57.756  4063  5283 D ThermalManager$ThermalTempInfoHelper: thermal sensor13 type is pa_therm0
05-14 18:38:57.759  4063  5283 D ThermalManager$ThermalTempInfoHelper: thermal sensor14 type is pa_therm1
05-14 18:38:57.761  4063  5283 D ThermalManager$ThermalTempInfoHelper: thermal sensor15 type is emmc_therm
05-14 18:38:57.763  4063  5283 D ThermalManager$ThermalTempInfoHelper: thermal sensor16 type is msm_therm
05-14 18:38:57.767  4063  5283 D ThermalManager$ThermalTempInfoHelper: thermal sensor0 type is tsens_tz_sensor0
05-14 18:38:57.770  4063  5283 D ThermalManager$ThermalTempInfoHelper: thermal sensor1 type is tsens_tz_sensor1
05-14 18:38:57.770  2119  2221 I ActiveServicesInjector: Low priority start of: ServiceRecord{d2f79b8 u0 com.xiaomi.xmsf/com.xiaomi.push.service.XMPushService}
05-14 18:38:57.771  3796  3796 W PushService: 2018-05-14 18:38:57,771 - [WARN::PushService] - [Thread:1] onStart() with intent.Action = null, chid = null
05-14 18:38:57.772  3796  3796 W PushService: 2018-05-14 18:38:57,772 - [WARN::PushService] - [Thread:1] onStart() with intent.Action = com.xiaomi.mipush.SEND_MESSAGE, chid = null
05-14 18:38:57.772  3796  3987 W PushService: 2018-05-14 18:38:57,772 - [WARN::PushService] - [Thread:49] JOB: Handle intent action = com.xiaomi.mipush.SEND_MESSAGE
05-14 18:38:57.772  3796  3987 W PushService: 2018-05-14 18:38:57,772 - [WARN::PushService] - [Thread:49] try send mi push message. packagename:com.miui.yellowpage action:Notification
05-14 18:38:57.773  3796  3987 W PushService: 2018-05-14 18:38:57,773 - [WARN::PushService] - [Thread:49] [Slim] Wrote {cmd=SECMSG;chid=5;len=288}
05-14 18:38:57.773  3796  3987 W PushService: 2018-05-14 18:38:57,773 - [WARN::PushService] - [Thread:49] [Slim] 06:38:57 下午 Sent  Blob [SECMSG,5,BzMNo-2810]
05-14 18:38:57.774  4063  5283 D ThermalManager$ThermalTempInfoHelper: thermal sensor2 type is tsens_tz_sensor2
05-14 18:38:57.776  4063  5283 D ThermalManager$ThermalTempInfoHelper: thermal sensor3 type is tsens_tz_sensor3
05-14 18:38:57.778  4063  5283 D ThermalManager$ThermalTempInfoHelper: thermal sensor4 type is tsens_tz_sensor4
05-14 18:38:57.781  4063  5283 D ThermalManager$ThermalTempInfoHelper: thermal sensor5 type is tsens_tz_sensor5
05-14 18:38:57.785  4063  5283 D ThermalManager$ThermalTempInfoHelper: thermal sensor6 type is tsens_tz_sensor6
05-14 18:38:57.787  4063  5283 D ThermalManager$ThermalTempInfoHelper: thermal sensor7 type is tsens_tz_sensor7
05-14 18:38:57.790  4063  5283 D ThermalManager$ThermalTempInfoHelper: thermal sensor8 type is tsens_tz_sensor8
05-14 18:38:57.792  4063  5283 D ThermalManager$ThermalTempInfoHelper: thermal sensor9 type is tsens_tz_sensor9
05-14 18:38:57.795  4063  5283 D ThermalManager$ThermalTempInfoHelper: thermal sensor10 type is tsens_tz_sensor10
05-14 18:38:57.797  4063  5283 D ThermalManager$ThermalTempInfoHelper: thermal sensor11 type is pm8841_tz
05-14 18:38:57.800  4063  5283 D ThermalManager$ThermalTempInfoHelper: thermal sensor12 type is pm8941_tz
05-14 18:38:57.803  4063  5283 D ThermalManager$ThermalTempInfoHelper: thermal sensor13 type is pa_therm0
05-14 18:38:57.806  4063  5283 D ThermalManager$ThermalTempInfoHelper: thermal sensor14 type is pa_therm1
05-14 18:38:57.808  4063  5283 D ThermalManager$ThermalTempInfoHelper: thermal sensor15 type is emmc_therm
05-14 18:38:57.810  4063  5283 D ThermalManager$ThermalTempInfoHelper: thermal sensor16 type is msm_therm
05-14 18:38:57.814  4063  5283 D ThermalManager$ThermalTempInfoHelper: thermal sensor0 type is tsens_tz_sensor0
05-14 18:38:57.817  4063  5283 D ThermalManager$ThermalTempInfoHelper: thermal sensor1 type is tsens_tz_sensor1
05-14 18:38:57.819  4063  5283 D ThermalManager$ThermalTempInfoHelper: thermal sensor2 type is tsens_tz_sensor2
05-14 18:38:57.821 23371 24415 I MiCloudStatusService: MSG_QUERY_MICLOUD_MEMBER_STATUS: userId: 2
05-14 18:38:57.822 23371 24415 I Micloud : Original URL: http://statusapi.micloud.xiaomi.net/mic/status/v2/user/level. 
05-14 18:38:57.822 23371 24415 I Micloud : New URL: http://statusapi.micloud.xiaomi.net. 
05-14 18:38:57.822 23371 24415 I Micloud : Final URL: http://statusapi.micloud.xiaomi.net/mic/status/v2/user/level. 
05-14 18:38:57.823  4063  5283 D ThermalManager$ThermalTempInfoHelper: thermal sensor3 type is tsens_tz_sensor3
05-14 18:38:57.824   374   500 I ThermalEngine: Sensor:batt_temp:305 mC
05-14 18:38:57.826  4063  5283 D ThermalManager$ThermalTempInfoHelper: thermal sensor4 type is tsens_tz_sensor4
05-14 18:38:57.828  4063  5283 D ThermalManager$ThermalTempInfoHelper: thermal sensor5 type is tsens_tz_sensor5
05-14 18:38:57.831 23371 24415 W System  : ClassLoader referenced unknown path: /system/framework/tcmclient.jar
05-14 18:38:57.831  4063  5283 D ThermalManager$ThermalTempInfoHelper: thermal sensor6 type is tsens_tz_sensor6
05-14 18:38:57.834  4063  5283 D ThermalManager$ThermalTempInfoHelper: thermal sensor7 type is tsens_tz_sensor7
05-14 18:38:57.837  4063  5283 D ThermalManager$ThermalTempInfoHelper: thermal sensor8 type is tsens_tz_sensor8
05-14 18:38:57.839  4063  5283 D ThermalManager$ThermalTempInfoHelper: thermal sensor9 type is tsens_tz_sensor9
05-14 18:38:57.842  4063  5283 D ThermalManager$ThermalTempInfoHelper: thermal sensor10 type is tsens_tz_sensor10
05-14 18:38:57.844  4063  5283 D ThermalManager$ThermalTempInfoHelper: thermal sensor11 type is pm8841_tz
05-14 18:38:57.847  4063  5283 D ThermalManager$ThermalTempInfoHelper: thermal sensor12 type is pm8941_tz
05-14 18:38:57.849  4063  5283 D ThermalManager$ThermalTempInfoHelper: thermal sensor13 type is pa_therm0
05-14 18:38:57.852  4063  5283 D ThermalManager$ThermalTempInfoHelper: thermal sensor14 type is pa_therm1
05-14 18:38:57.855  4063  5283 D ThermalManager$ThermalTempInfoHelper: thermal sensor15 type is emmc_therm
05-14 18:38:57.857  4063  5283 D ThermalManager$ThermalTempInfoHelper: thermal sensor16 type is msm_therm
05-14 18:38:57.924 23371 24415 D MiCloudStatusService: getMiCloudMemberStatusInfo exception type = 0
