05-14 18:39:19.242  3890  3956 I WtProcessController: Receive am_crash event for pid: 2119 pkg = com.xiaomi.dual:p0
05-14 18:39:19.243  3890  3956 W KloServer: Aborted broadcast does not supprt for: android
05-14 18:39:19.243  2119 24729 I Timeline: Timeline: App_transition_ready time:338778519
05-14 18:39:19.251  1271  1271 F DEBUG   : 
05-14 18:39:19.251  1271  1271 F DEBUG   : Tombstone written to: /data/tombstones/tombstone_03
05-14 18:39:19.251  1271  1271 E DEBUG   : AM write failed: Broken pipe
05-14 18:39:19.252  2119  2168 I BootReceiver: Copying /data/tombstones/tombstone_03 to DropBox (SYSTEM_TOMBSTONE)
05-14 18:39:19.256  2119 24729 W CustomizeUtil: no getRealSize hack method
05-14 18:39:19.257  2119 24729 E ActivityManager: Invalid thumbnail dimensions: 0x0
05-14 18:39:19.263  6131  6184 I octvm_klo: get event file: /data/tombstones/tombstone_03
05-14 18:39:19.263  6131  6184 I octvm_klo: klo lock
05-14 18:39:19.274  6131  6184 I octvm_klo: summary:[signal 11 (SIGSEGV), code 2 (SEGV_ACCERR), fault addr 0xbe724ff4
05-14 18:39:19.274  6131  6184 I octvm_klo: ]
05-14 18:39:19.274  6131  6184 I octvm_klo: summary: [/data/app/com.xiaomi.dual-1/lib/arm/libva++.so (log+5)]
05-14 18:39:19.274  6131  6184 I octvm_klo: start gathering logcat log...
05-14 18:39:19.280  1271  1271 I MIUINDBG_TOMB_PARSER: thread info pid: 24677, tid: 24677
05-14 18:39:19.280  1271  1271 I MIUINDBG_TOMB_PARSER: pid: 24677, tid: 24677, name: une.networktest  >>> legency.june.networktest <<<
05-14 18:39:19.280  1271  1271 I MIUINDBG_TOMB_PARSER: signal 11 (SIGSEGV), code 2 (SEGV_ACCERR)
05-14 18:39:19.281  1271  1271 I MIUINDBG_TOMB_PARSER: backtrace:
05-14 18:39:19.281  1271  1271 I MIUINDBG_TOMB_PARSER:     #00     #00 pc 0001153e  /data/app/com.xiaomi.dual-1/lib/arm/libva++.so (log+5)
05-14 18:39:19.281  1271  1271 I MIUINDBG_TOMB_PARSER:     #01     #01 pc 000119f3  /data/app/com.xiaomi.dual-1/lib/arm/libva++.so (new_recvfrom+22)
05-14 18:39:19.281  1271  1271 I MIUINDBG_TOMB_PARSER:     #02     #02 pc 00011a39  /data/app/com.xiaomi.dual-1/lib/arm/libva++.so (new_recvfrom+92)
05-14 18:39:19.281  1271  1271 I MIUINDBG_TOMB_PARSER:     #03     #03 pc 00011a39  /data/app/com.xiaomi.dual-1/lib/arm/libva++.so (new_recvfrom+92)
05-14 18:39:19.281  1271  1271 I MIUINDBG_TOMB_PARSER:     #04     #04 pc 00011a39  /data/app/com.xiaomi.dual-1/lib/arm/libva++.so (new_recvfrom+92)
05-14 18:39:19.281  1271  1271 I MIUINDBG_TOMB_PARSER:     #05     #05 pc 00011a39  /data/app/com.xiaomi.dual-1/lib/arm/libva++.so (new_recvfrom+92)
05-14 18:39:19.281  1271  1271 I MIUINDBG_TOMB_PARSER:     #06     #06 pc 00011a39  /data/app/com.xiaomi.dual-1/lib/arm/libva++.so (new_recvfrom+92)
05-14 18:39:19.281  1271  1271 I MIUINDBG_TOMB_PARSER:     #07     #07 pc 00011a39  /data/app/com.xiaomi.dual-1/lib/arm/libva++.so (new_recvfrom+92)
05-14 18:39:19.281  1271  1271 I MIUINDBG_TOMB_PARSER:     #08     #08 pc 00011a39  /data/app/com.xiaomi.dual-1/lib/arm/libva++.so (new_recvfrom+92)
05-14 18:39:19.281  1271  1271 I MIUINDBG_TOMB_PARSER:     #09     #09 pc 00011a39  /data/app/com.xiaomi.dual-1/lib/arm/libva++.so (new_recvfrom+92)
05-14 18:39:19.281  1271  1271 I MIUINDBG_TOMB_PARSER:     #10     #10 pc 00011a39  /data/app/com.xiaomi.dual-1/lib/arm/libva++.so (new_recvfrom+92)
05-14 18:39:19.281  1271  1271 I MIUINDBG_TOMB_PARSER:     #11     #11 pc 00011a39  /data/app/com.xiaomi.dual-1/lib/arm/libva++.so (new_recvfrom+92)
05-14 18:39:19.282  1271  1271 I MIUINDBG_TOMB_PARSER:     #12     #12 pc 00011a39  /data/app/com.xiaomi.dual-1/lib/arm/libva++.so (new_recvfrom+92)
05-14 18:39:19.282  1271  1271 I MIUINDBG_TOMB_PARSER:     #13     #13 pc 00011a39  /data/app/com.xiaomi.dual-1/lib/arm/libva++.so (new_recvfrom+92)
05-14 18:39:19.282  1271  1271 I MIUINDBG_TOMB_PARSER:     #14     #14 pc 00011a39  /data/app/com.xiaomi.dual-1/lib/arm/libva++.so (new_recvfrom+92)
05-14 18:39:19.282  1271  1271 I MIUINDBG_TOMB_PARSER:     #15     #15 pc 00011a39  /data/app/com.xiaomi.dual-1/lib/arm/libva++.so (new_recvfrom+92)
05-14 18:39:19.282  1271  1271 I MIUINDBG_TOMB_PARSER:     #16     #16 pc 00011a39  /data/app/com.xiaomi.dual-1/lib/arm/libva++.so (new_recvfrom+92)
05-14 18:39:19.282  1271  1271 I MIUINDBG_TOMB_PARSER:     #17     #17 pc 00011a39  /data/app/com.xiaomi.dual-1/lib/arm/libva++.so (new_recvfrom+92)
05-14 18:39:19.282  1271  1271 I MIUINDBG_TOMB_PARSER:     #18     #18 pc 00011a39  /data/app/com.xiaomi.dual-1/lib/arm/libva++.so (new_recvfrom+92)
05-14 18:39:19.282  1271  1271 I MIUINDBG_TOMB_PARSER:     #19     #19 pc 00011a39  /data/app/com.xiaomi.dual-1/lib/arm/libva++.so (new_recvfrom+92)
05-14 18:39:19.282  1271  1271 I MIUINDBG_TOMB_PARSER:     #20     #20 pc 00011a39  /data/app/com.xiaomi.dual-1/lib/arm/libva++.so (new_recvfrom+92)
05-14 18:39:19.282  1271  1271 I MIUINDBG_TOMB_PARSER:     #21     #21 pc 00011a39  /data/app/com.xiaomi.dual-1/lib/arm/libva++.so (new_recvfrom+92)
05-14 18:39:19.282  1271  1271 I MIUINDBG_TOMB_PARSER:     #22     #22 pc 00011a39  /data/app/com.xiaomi.dual-1/lib/arm/libva++.so (new_recvfrom+92)
05-14 18:39:19.282  1271  1271 I MIUINDBG_TOMB_PARSER:     #23     #23 pc 00011a39  /data/app/com.xiaomi.dual-1/lib/arm/libva++.so (new_recvfrom+92)
05-14 18:39:19.282  1271  1271 I MIUINDBG_TOMB_PARSER:     #24     #24 pc 00011a39  /data/app/com.xiaomi.dual-1/lib/arm/libva++.so (new_recvfrom+92)
05-14 18:39:19.282  1271  1271 I MIUINDBG_TOMB_PARSER:     #25     #25 pc 00011a39  /data/app/com.xiaomi.dual-1/lib/arm/libva++.so (new_recvfrom+92)
05-14 18:39:19.282  1271  1271 I MIUINDBG_TOMB_PARSER:     #26     #26 pc 00011a39  /data/app/com.xiaomi.dual-1/lib/arm/libva++.so (new_recvfrom+92)
05-14 18:39:19.282  1271  1271 I MIUINDBG_TOMB_PARSER:     #27     #27 pc 00011a39  /data/app/com.xiaomi.dual-1/lib/arm/libva++.so (new_recvfrom+92)
05-14 18:39:19.282  1271  1271 I MIUINDBG_TOMB_PARSER:     #28     #28 pc 00011a39  /data/app/com.xiaomi.dual-1/lib/arm/libva++.so (new_recvfrom+92)
05-14 18:39:19.282  1271  1271 I MIUINDBG_TOMB_PARSER:     #29     #29 pc 00011a39  /data/app/com.xiaomi.dual-1/lib/arm/libva++.so (new_recvfrom+92)
05-14 18:39:19.282  1271  1271 I MIUINDBG_TOMB_PARSER:     #30     #30 pc 00011a39  /data/app/com.xiaomi.dual-1/lib/arm/libva++.so (new_recvfrom+92)
05-14 18:39:19.282  1271  1271 I MIUINDBG_TOMB_PARSER:     #31     #31 pc 00011a39  /data/app/com.xiaomi.dual-1/lib/arm/libva++.so (new_recvfrom+92)
05-14 18:39:19.282  1271  1271 I MIUINDBG_TOMB_PARSER:     #32     #32 pc 00011a39  /data/app/com.xiaomi.dual-1/lib/arm/libva++.so (new_recvfrom+92)
05-14 18:39:19.282  1271  1271 I MIUINDBG_TOMB_PARSER:     #33     #33 pc 00011a39  /data/app/com.xiaomi.dual-1/lib/arm/libva++.so (new_recvfrom+92)
05-14 18:39:19.282  1271  1271 I MIUINDBG_TOMB_PARSER:     #34     #34 pc 00011a39  /data/app/com.xiaomi.dual-1/lib/arm/libva++.so (new_recvfrom+92)
05-14 18:39:19.282  1271  1271 I MIUINDBG_TOMB_PARSER:     #35     #35 pc 00011a39  /data/app/com.xiaomi.dual-1/lib/arm/libva++.so (new_recvfrom+92)
05-14 18:39:19.282  1271  1271 I MIUINDBG_TOMB_PARSER:     #36     #36 pc 00011a39  /data/app/com.xiaomi.dual-1/lib/arm/libva++.so (new_recvfrom+92)
05-14 18:39:19.282  1271  1271 I MIUINDBG_TOMB_PARSER:     #37     #37 pc 00011a39  /data/app/com.xiaomi.dual-1/lib/arm/libva++.so (new_recvfrom+92)
05-14 18:39:19.282  1271  1271 I MIUINDBG_TOMB_PARSER:     #38     #38 pc 00011a39  /data/app/com.xiaomi.dual-1/lib/arm/libva++.so (new_recvfrom+92)
05-14 18:39:19.282  1271  1271 I MIUINDBG_TOMB_PARSER:     #39     #39 pc 00011a39  /data/app/com.xiaomi.dual-1/lib/arm/libva++.so (new_recvfrom+92)
05-14 18:39:19.282  1271  1271 I MIUINDBG_TOMB_PARSER:     #40     #40 pc 00011a39  /data/app/com.xiaomi.dual-1/lib/arm/libva++.so (new_recvfrom+92)
05-14 18:39:19.282  1271  1271 I MIUINDBG_TOMB_PARSER:     #41     #41 pc 00011a39  /data/app/com.xiaomi.dual-1/lib/arm/libva++.so (new_recvfrom+92)
05-14 18:39:19.282  1271  1271 I MIUINDBG_TOMB_PARSER:     #42     #42 pc 00011a39  /data/app/com.xiaomi.dual-1/lib/arm/libva++.so (new_recvfrom+92)
05-14 18:39:19.282  1271  1271 I MIUINDBG_TOMB_PARSER:     #43     #43 pc 00011a39  /data/app/com.xiaomi.dual-1/lib/arm/libva++.so (new_recvfrom+92)
05-14 18:39:19.282  1271  1271 I MIUINDBG_TOMB_PARSER:     #44     #44 pc 00011a39  /data/app/com.xiaomi.dual-1/lib/arm/libva++.so (new_recvfrom+92)
05-14 18:39:19.286  1271  1271 I MIUINDBG_TOMB_PARSER:     #45     #45 pc 00011a39  /data/app/com.xiaomi.dual-1/lib/arm/libva++.so (new_recvfrom+92)
05-14 18:39:19.286  1271  1271 I MIUINDBG_TOMB_PARSER:     #46     #46 pc 00011a39  /data/app/com.xiaomi.dual-1/lib/arm/libva++.so (new_recvfrom+92)
05-14 18:39:19.286  1271  1271 I MIUINDBG_TOMB_PARSER:     #47     #47 pc 00011a39  /data/app/com.xiaomi.dual-1/lib/arm/libva++.so (new_recvfrom+92)
05-14 18:39:19.286  1271  1271 I MIUINDBG_TOMB_PARSER:     #48     #48 pc 00011a39  /data/app/com.xiaomi.dual-1/lib/arm/libva++.so (new_recvfrom+92)
05-14 18:39:19.286  1271  1271 I MIUINDBG_TOMB_PARSER:     #49     #49 pc 00011a39  /data/app/com.xiaomi.dual-1/lib/arm/libva++.so (new_recvfrom+92)
05-14 18:39:19.286  1271  1271 I MIUINDBG_TOMB_PARSER:     #50     #50 pc 00011a39  /data/app/com.xiaomi.dual-1/lib/arm/libva++.so (new_recvfrom+92)
05-14 18:39:19.286  1271  1271 I MIUINDBG_TOMB_PARSER:     #51     #51 pc 00011a39  /data/app/com.xiaomi.dual-1/lib/arm/libva++.so (new_recvfrom+92)
05-14 18:39:19.286  1271  1271 I MIUINDBG_TOMB_PARSER:     #52     #52 pc 00011a39  /data/app/com.xiaomi.dual-1/lib/arm/libva++.so (new_recvfrom+92)
05-14 18:39:19.286  1271  1271 I MIUINDBG_TOMB_PARSER:     #53     #53 pc 00011a39  /data/app/com.xiaomi.dual-1/lib/arm/libva++.so (new_recvfrom+92)
05-14 18:39:19.286  1271  1271 I MIUINDBG_TOMB_PARSER:     #54     #54 pc 00011a39  /data/app/com.xiaomi.dual-1/lib/arm/libva++.so (new_recvfrom+92)
05-14 18:39:19.286  1271  1271 I MIUINDBG_TOMB_PARSER:     #55     #55 pc 00011a39  /data/app/com.xiaomi.dual-1/lib/arm/libva++.so (new_recvfrom+92)
05-14 18:39:19.286  1271  1271 I MIUINDBG_TOMB_PARSER:     #56     #56 pc 00011a39  /data/app/com.xiaomi.dual-1/lib/arm/libva++.so (new_recvfrom+92)
05-14 18:39:19.286  1271  1271 I MIUINDBG_TOMB_PARSER:     #57     #57 pc 00011a39  /data/app/com.xiaomi.dual-1/lib/arm/libva++.so (new_recvfrom+92)
05-14 18:39:19.286  1271  1271 I MIUINDBG_TOMB_PARSER:     #58     #58 pc 00011a39  /data/app/com.xiaomi.dual-1/lib/arm/libva++.so (new_recvfrom+92)
05-14 18:39:19.286  1271  1271 I MIUINDBG_TOMB_PARSER:     #59     #59 pc 00011a39  /data/app/com.xiaomi.dual-1/lib/arm/libva++.so (new_recvfrom+92)
05-14 18:39:19.286  1271  1271 I MIUINDBG_TOMB_PARSER:     #60     #60 pc 00011a39  /data/app/com.xiaomi.dual-1/lib/arm/libva++.so (new_recvfrom+92)
05-14 18:39:19.286  1271  1271 I MIUINDBG_TOMB_PARSER:     #61     #61 pc 00011a39  /data/app/com.xiaomi.dual-1/lib/arm/libva++.so (new_recvfrom+92)
05-14 18:39:19.286  1271  1271 I MIUINDBG_TOMB_PARSER:     #62     #62 pc 00011a39  /data/app/com.xiaomi.dual-1/lib/arm/libva++.so (new_recvfrom+92)
05-14 18:39:19.286  1271  1271 I MIUINDBG_TOMB_PARSER:     #63     #63 pc 00011a39  /data/app/com.xiaomi.dual-1/lib/arm/libva++.so (new_recvfrom+92)
05-14 18:39:19.338  2119  5017 D GraphicsStats: Buffer count: 9
05-14 18:39:19.358  2119  2222 V BoostFramework: BoostFramework() : mPerf = com.qualcomm.qti.Performance@41a5ce6
05-14 18:39:19.358  2119  2222 V BoostFramework: BoostFramework() : mPerf = com.qualcomm.qti.Performance@76bd227
05-14 18:39:19.369  2119  7291 I ActivityManager: Process com.xiaomi.dual:p0 (pid 24677) has died
05-14 18:39:19.369  2119  7291 D ActivityManager: cleanUpApplicationRecord -- 24677
05-14 18:39:19.377  3890  3956 I WtProcessController: MOVE TO FOREGROUND: com.xiaomi.dual 10266
05-14 18:39:19.378  3890  3956 I StatusController: Last foreground:com.xiaomi.dual uid:10266 Current foreground:com.xiaomi.dual uid:10266
05-14 18:39:19.378  4063  4503 D ProcessObserver: onScreenAppChanged, FgUid: 10266, FgPackageName: com.xiaomi.dual, foreground: true
05-14 18:39:19.378  3890  3956 I WtProcessController: FOREGROUND INFO: name=com.xiaomi.dual uid=10266 pid=24091 TaskId:2909
05-14 18:39:19.378  4063  4503 D ProcessObserver: onScreenAppChanged, PreTaskUid: 1000, PreTaskPackageName: com.miui.bugreport, foreground: true
05-14 18:39:19.379  2119  7291 I Timeline: Timeline: App_transition_ready time:338778655
05-14 18:39:19.379  3675  3675 V PhoneStatusBarPolicy: updateManagedProfile mManagedProfileFocused: false mManagedProfileInQuietMode: false mKeyguardVisible: false mCurrentUserId:0 mCurrentProfileId:0 mSecondSpaceStatusIconVisible: true showIcon:false
05-14 18:39:19.380  4063  5007 D PowerKeeper.Event: notifyForegroundCompomentChanged ComponentInfo{com.xiaomi.dual/io.virtualapp.home.HomeActivity}
05-14 18:39:19.380  4063  6199 D PowerStateMachine: eventMessage id:100 name:foreground
05-14 18:39:19.385  2119  2222 V UidProcStateHelper: process died:[24677,10266]
05-14 18:39:19.385 24091 24114 W FlurryAgent: Flurry session resumed for context:io.virtualapp.home.HomeActivity@790ba3c
05-14 18:39:19.385  4063  5274 D PowerChecker.Notify: removeNotification, type = 0, uid = 10266, pkg = null
05-14 18:39:19.388  4063  5007 I octvm_klo: KM_EVENT_LOGGER have allocated 3780 blocks.
05-14 18:39:19.392  2119  2272 I Timeline: Timeline: Activity_windows_visible id: ActivityRecord{1ea0c66 u0 com.xiaomi.dual/io.virtualapp.home.HomeActivity t2902} time:338778668
05-14 18:39:19.399  2119  5763 W System  : ClassLoader referenced unknown path: /system/framework/tcmclient.jar
05-14 18:39:19.403   330  2981 I miuiFirewall: miui firewall always allow android
05-14 18:39:19.416  2119  8942 I OpenGLRenderer: Initialized EGL, version 1.4
05-14 18:39:19.422  2119  3968 I SplashScreenServiceDelegate: None for com.xiaomi.dual
05-14 18:39:19.437  2119  2129 I art     : Background partial concurrent mark sweep GC freed 7339(969KB) AllocSpace objects, 28(3MB) LOS objects, 33% free, 42MB/63MB, paused 1.955ms total 164.134ms
05-14 18:39:19.494   348   348 I Zygote  : Process 24677 exited due to signal (11)
05-14 18:39:19.528  2119  5763 W ErrorReport: Fail to sendHttpRequest
05-14 18:39:19.528  2119  5763 W ErrorReport: java.lang.IllegalArgumentException: HTTP entity may not be null
05-14 18:39:19.528  2119  5763 W ErrorReport: 	at org.apache.http.util.EntityUtils.toString(EntityUtils.java:115)
05-14 18:39:19.528  2119  5763 W ErrorReport: 	at org.apache.http.util.EntityUtils.toString(EntityUtils.java:151)
05-14 18:39:19.528  2119  5763 W ErrorReport: 	at miui.util.ErrorReport.c(SourceFile:396)
05-14 18:39:19.528  2119  5763 W ErrorReport: 	at miui.util.ErrorReport.sendReportRequest(SourceFile:353)
05-14 18:39:19.528  2119  5763 W ErrorReport: 	at miui.util.ErrorReport$1.a(SourceFile:369)
05-14 18:39:19.528  2119  5763 W ErrorReport: 	at miui.util.ErrorReport$1.doInBackground(SourceFile:366)
05-14 18:39:19.528  2119  5763 W ErrorReport: 	at android.os.AsyncTask$2.call(AsyncTask.java:295)
05-14 18:39:19.528  2119  5763 W ErrorReport: 	at java.util.concurrent.FutureTask.run(FutureTask.java:237)
05-14 18:39:19.528  2119  5763 W ErrorReport: 	at android.os.AsyncTask$SerialExecutor$1.run(AsyncTask.java:234)
05-14 18:39:19.528  2119  5763 W ErrorReport: 	at java.util.concurrent.ThreadPoolExecutor.runWorker(ThreadPoolExecutor.java:1113)
05-14 18:39:19.528  2119  5763 W ErrorReport: 	at java.util.concurrent.ThreadPoolExecutor$Worker.run(ThreadPoolExecutor.java:588)
05-14 18:39:19.528  2119  5763 W ErrorReport: 	at java.lang.Thread.run(Thread.java:818)
05-14 18:39:19.529  2119  5763 W ContextImpl: Calling a method in the system process without a qualified user: android.app.ContextImpl.bindService:1295 android.content.ContextWrapper.bindService:614 miui.os.DropBoxManager.cF:361 miui.os.DropBoxManager.a:350 miui.os.DropBoxManager.addText:314 
05-14 18:39:19.540  2119  2222 V UidProcStateHelper: process state changed:[14123,10098,6]
05-14 18:39:19.548  2119  2222 V UidProcStateHelper: process state changed:[14123,10098,10]
05-14 18:39:19.708  2119  2272 I Timeline: Timeline: App_transition_stopped time:338778984
05-14 18:39:19.723  6131  6184 I octvm_klo: gethering logcat log done
05-14 18:39:19.723  6131  6184 I octvm_klo: klo unlock
05-14 18:39:19.851   374   500 I ThermalEngine: Sensor:batt_temp:304 mC
05-14 18:39:20.125 32321 32321 D wpa_supplicant: wlan0: Control interface command 'SIGNAL_POLL'
05-14 18:39:20.140 32321 32321 D wpa_supplicant: CTRL-DEBUG: global_ctrl_sock-sendto: sock=11 sndbuf=163840 outq=0 send_len=49
05-14 18:39:20.853   374   500 I ThermalEngine: Sensor:batt_temp:305 mC
