05-14 18:37:14.195  1271  1271 F DEBUG   :     #38 pc 00011a39  /data/app/com.xiaomi.dual-1/lib/arm/libva++.so (new_recvfrom+92)
05-14 18:37:14.195  1271  1271 F DEBUG   :     #39 pc 00011a39  /data/app/com.xiaomi.dual-1/lib/arm/libva++.so (new_recvfrom+92)
05-14 18:37:14.195  1271  1271 F DEBUG   :     #40 pc 00011a39  /data/app/com.xiaomi.dual-1/lib/arm/libva++.so (new_recvfrom+92)
05-14 18:37:14.195  1271  1271 F DEBUG   :     #41 pc 00011a39  /data/app/com.xiaomi.dual-1/lib/arm/libva++.so (new_recvfrom+92)
05-14 18:37:14.195  1271  1271 F DEBUG   :     #42 pc 00011a39  /data/app/com.xiaomi.dual-1/lib/arm/libva++.so (new_recvfrom+92)
05-14 18:37:14.195  1271  1271 F DEBUG   :     #43 pc 00011a39  /data/app/com.xiaomi.dual-1/lib/arm/libva++.so (new_recvfrom+92)
05-14 18:37:14.196  1271  1271 F DEBUG   :     #44 pc 00011a39  /data/app/com.xiaomi.dual-1/lib/arm/libva++.so (new_recvfrom+92)
05-14 18:37:14.196  1271  1271 F DEBUG   :     #45 pc 00011a39  /data/app/com.xiaomi.dual-1/lib/arm/libva++.so (new_recvfrom+92)
05-14 18:37:14.196  1271  1271 F DEBUG   :     #46 pc 00011a39  /data/app/com.xiaomi.dual-1/lib/arm/libva++.so (new_recvfrom+92)
05-14 18:37:14.196  1271  1271 F DEBUG   :     #47 pc 00011a39  /data/app/com.xiaomi.dual-1/lib/arm/libva++.so (new_recvfrom+92)
05-14 18:37:14.196  1271  1271 F DEBUG   :     #48 pc 00011a39  /data/app/com.xiaomi.dual-1/lib/arm/libva++.so (new_recvfrom+92)
05-14 18:37:14.197  1271  1271 F DEBUG   :     #49 pc 00011a39  /data/app/com.xiaomi.dual-1/lib/arm/libva++.so (new_recvfrom+92)
05-14 18:37:14.197  1271  1271 F DEBUG   :     #50 pc 00011a39  /data/app/com.xiaomi.dual-1/lib/arm/libva++.so (new_recvfrom+92)
05-14 18:37:14.197  1271  1271 F DEBUG   :     #51 pc 00011a39  /data/app/com.xiaomi.dual-1/lib/arm/libva++.so (new_recvfrom+92)
05-14 18:37:14.197  1271  1271 F DEBUG   :     #52 pc 00011a39  /data/app/com.xiaomi.dual-1/lib/arm/libva++.so (new_recvfrom+92)
05-14 18:37:14.197  1271  1271 F DEBUG   :     #53 pc 00011a39  /data/app/com.xiaomi.dual-1/lib/arm/libva++.so (new_recvfrom+92)
05-14 18:37:14.197  1271  1271 F DEBUG   :     #54 pc 00011a39  /data/app/com.xiaomi.dual-1/lib/arm/libva++.so (new_recvfrom+92)
05-14 18:37:14.198  1271  1271 F DEBUG   :     #55 pc 00011a39  /data/app/com.xiaomi.dual-1/lib/arm/libva++.so (new_recvfrom+92)
05-14 18:37:14.198  1271  1271 F DEBUG   :     #56 pc 00011a39  /data/app/com.xiaomi.dual-1/lib/arm/libva++.so (new_recvfrom+92)
05-14 18:37:14.198  1271  1271 F DEBUG   :     #57 pc 00011a39  /data/app/com.xiaomi.dual-1/lib/arm/libva++.so (new_recvfrom+92)
05-14 18:37:14.198  1271  1271 F DEBUG   :     #58 pc 00011a39  /data/app/com.xiaomi.dual-1/lib/arm/libva++.so (new_recvfrom+92)
05-14 18:37:14.199  1271  1271 F DEBUG   :     #59 pc 00011a39  /data/app/com.xiaomi.dual-1/lib/arm/libva++.so (new_recvfrom+92)
05-14 18:37:14.199  1271  1271 F DEBUG   :     #60 pc 00011a39  /data/app/com.xiaomi.dual-1/lib/arm/libva++.so (new_recvfrom+92)
05-14 18:37:14.199  1271  1271 F DEBUG   :     #61 pc 00011a39  /data/app/com.xiaomi.dual-1/lib/arm/libva++.so (new_recvfrom+92)
05-14 18:37:14.200  1271  1271 F DEBUG   :     #62 pc 00011a39  /data/app/com.xiaomi.dual-1/lib/arm/libva++.so (new_recvfrom+92)
05-14 18:37:14.200  1271  1271 F DEBUG   :     #63 pc 00011a39  /data/app/com.xiaomi.dual-1/lib/arm/libva++.so (new_recvfrom+92)
05-14 18:37:14.230 32321 32321 D wpa_supplicant: wlan0: Control interface command 'SIGNAL_POLL'
05-14 18:37:14.232 32321 32321 D wpa_supplicant: CTRL-DEBUG: global_ctrl_sock-sendto: sock=11 sndbuf=163840 outq=0 send_len=49
05-14 18:37:14.681   374   500 I ThermalEngine: Sensor:batt_temp:303 mC
05-14 18:37:14.857  1271  1271 F DEBUG   : 
05-14 18:37:14.857  1271  1271 F DEBUG   : Tombstone written to: /data/tombstones/tombstone_01
05-14 18:37:14.857  1271  1271 E DEBUG   : AM write failed: Broken pipe
05-14 18:37:14.858  2119 24240 W ActivityManager:   Force finishing activity com.xiaomi.dual/com.lody.virtual.client.stub.StubActivity$C0
05-14 18:37:14.858  2119  2168 I BootReceiver: Copying /data/tombstones/tombstone_01 to DropBox (SYSTEM_TOMBSTONE)
05-14 18:37:14.859  3890  3956 I WtProcessController: Receive am_crash event for pid: 2119 pkg = com.xiaomi.dual:p0
05-14 18:37:14.859  3890  3956 W KloServer: Aborted broadcast does not supprt for: android
05-14 18:37:14.862  2119 24240 I Timeline: Timeline: App_transition_ready time:338654138
05-14 18:37:14.864  6131  6184 I octvm_klo: get event file: /data/tombstones/tombstone_01
05-14 18:37:14.864  6131  6184 I octvm_klo: klo lock
05-14 18:37:14.868  6131  6184 I octvm_klo: summary:[signal 11 (SIGSEGV), code 2 (SEGV_ACCERR), fault addr 0xbe724ff4
05-14 18:37:14.868  6131  6184 I octvm_klo: ]
05-14 18:37:14.868  6131  6184 I octvm_klo: summary: [/data/app/com.xiaomi.dual-1/lib/arm/libva++.so (log+5)]
05-14 18:37:14.868  6131  6184 I octvm_klo: start gathering logcat log...
05-14 18:37:14.869  1271  1271 I MIUINDBG_TOMB_PARSER: thread info pid: 24194, tid: 24194
05-14 18:37:14.870  1271  1271 I MIUINDBG_TOMB_PARSER: pid: 24194, tid: 24194, name: une.networktest  >>> legency.june.networktest <<<
05-14 18:37:14.870  1271  1271 I MIUINDBG_TOMB_PARSER: signal 11 (SIGSEGV), code 2 (SEGV_ACCERR)
05-14 18:37:14.870  1271  1271 I MIUINDBG_TOMB_PARSER: backtrace:
05-14 18:37:14.870  1271  1271 I MIUINDBG_TOMB_PARSER:     #00     #00 pc 0001153e  /data/app/com.xiaomi.dual-1/lib/arm/libva++.so (log+5)
05-14 18:37:14.870  1271  1271 I MIUINDBG_TOMB_PARSER:     #01     #01 pc 000119f3  /data/app/com.xiaomi.dual-1/lib/arm/libva++.so (new_recvfrom+22)
05-14 18:37:14.870  1271  1271 I MIUINDBG_TOMB_PARSER:     #02     #02 pc 00011a39  /data/app/com.xiaomi.dual-1/lib/arm/libva++.so (new_recvfrom+92)
05-14 18:37:14.870  1271  1271 I MIUINDBG_TOMB_PARSER:     #03     #03 pc 00011a39  /data/app/com.xiaomi.dual-1/lib/arm/libva++.so (new_recvfrom+92)
05-14 18:37:14.870  1271  1271 I MIUINDBG_TOMB_PARSER:     #04     #04 pc 00011a39  /data/app/com.xiaomi.dual-1/lib/arm/libva++.so (new_recvfrom+92)
05-14 18:37:14.870  1271  1271 I MIUINDBG_TOMB_PARSER:     #05     #05 pc 00011a39  /data/app/com.xiaomi.dual-1/lib/arm/libva++.so (new_recvfrom+92)
05-14 18:37:14.870  1271  1271 I MIUINDBG_TOMB_PARSER:     #06     #06 pc 00011a39  /data/app/com.xiaomi.dual-1/lib/arm/libva++.so (new_recvfrom+92)
05-14 18:37:14.870  1271  1271 I MIUINDBG_TOMB_PARSER:     #07     #07 pc 00011a39  /data/app/com.xiaomi.dual-1/lib/arm/libva++.so (new_recvfrom+92)
05-14 18:37:14.870  1271  1271 I MIUINDBG_TOMB_PARSER:     #08     #08 pc 00011a39  /data/app/com.xiaomi.dual-1/lib/arm/libva++.so (new_recvfrom+92)
05-14 18:37:14.870  1271  1271 I MIUINDBG_TOMB_PARSER:     #09     #09 pc 00011a39  /data/app/com.xiaomi.dual-1/lib/arm/libva++.so (new_recvfrom+92)
05-14 18:37:14.870  1271  1271 I MIUINDBG_TOMB_PARSER:     #10     #10 pc 00011a39  /data/app/com.xiaomi.dual-1/lib/arm/libva++.so (new_recvfrom+92)
05-14 18:37:14.870  1271  1271 I MIUINDBG_TOMB_PARSER:     #11     #11 pc 00011a39  /data/app/com.xiaomi.dual-1/lib/arm/libva++.so (new_recvfrom+92)
05-14 18:37:14.870  1271  1271 I MIUINDBG_TOMB_PARSER:     #12     #12 pc 00011a39  /data/app/com.xiaomi.dual-1/lib/arm/libva++.so (new_recvfrom+92)
05-14 18:37:14.870  1271  1271 I MIUINDBG_TOMB_PARSER:     #13     #13 pc 00011a39  /data/app/com.xiaomi.dual-1/lib/arm/libva++.so (new_recvfrom+92)
05-14 18:37:14.870  1271  1271 I MIUINDBG_TOMB_PARSER:     #14     #14 pc 00011a39  /data/app/com.xiaomi.dual-1/lib/arm/libva++.so (new_recvfrom+92)
05-14 18:37:14.870  1271  1271 I MIUINDBG_TOMB_PARSER:     #15     #15 pc 00011a39  /data/app/com.xiaomi.dual-1/lib/arm/libva++.so (new_recvfrom+92)
05-14 18:37:14.870  1271  1271 I MIUINDBG_TOMB_PARSER:     #16     #16 pc 00011a39  /data/app/com.xiaomi.dual-1/lib/arm/libva++.so (new_recvfrom+92)
05-14 18:37:14.870  1271  1271 I MIUINDBG_TOMB_PARSER:     #17     #17 pc 00011a39  /data/app/com.xiaomi.dual-1/lib/arm/libva++.so (new_recvfrom+92)
05-14 18:37:14.870  1271  1271 I MIUINDBG_TOMB_PARSER:     #18     #18 pc 00011a39  /data/app/com.xiaomi.dual-1/lib/arm/libva++.so (new_recvfrom+92)
05-14 18:37:14.870  1271  1271 I MIUINDBG_TOMB_PARSER:     #19     #19 pc 00011a39  /data/app/com.xiaomi.dual-1/lib/arm/libva++.so (new_recvfrom+92)
05-14 18:37:14.870  1271  1271 I MIUINDBG_TOMB_PARSER:     #20     #20 pc 00011a39  /data/app/com.xiaomi.dual-1/lib/arm/libva++.so (new_recvfrom+92)
05-14 18:37:14.870  1271  1271 I MIUINDBG_TOMB_PARSER:     #21     #21 pc 00011a39  /data/app/com.xiaomi.dual-1/lib/arm/libva++.so (new_recvfrom+92)
05-14 18:37:14.870  1271  1271 I MIUINDBG_TOMB_PARSER:     #22     #22 pc 00011a39  /data/app/com.xiaomi.dual-1/lib/arm/libva++.so (new_recvfrom+92)
05-14 18:37:14.870  1271  1271 I MIUINDBG_TOMB_PARSER:     #23     #23 pc 00011a39  /data/app/com.xiaomi.dual-1/lib/arm/libva++.so (new_recvfrom+92)
05-14 18:37:14.870  1271  1271 I MIUINDBG_TOMB_PARSER:     #24     #24 pc 00011a39  /data/app/com.xiaomi.dual-1/lib/arm/libva++.so (new_recvfrom+92)
05-14 18:37:14.870  1271  1271 I MIUINDBG_TOMB_PARSER:     #25     #25 pc 00011a39  /data/app/com.xiaomi.dual-1/lib/arm/libva++.so (new_recvfrom+92)
05-14 18:37:14.870  1271  1271 I MIUINDBG_TOMB_PARSER:     #26     #26 pc 00011a39  /data/app/com.xiaomi.dual-1/lib/arm/libva++.so (new_recvfrom+92)
05-14 18:37:14.871  1271  1271 I MIUINDBG_TOMB_PARSER:     #27     #27 pc 00011a39  /data/app/com.xiaomi.dual-1/lib/arm/libva++.so (new_recvfrom+92)
05-14 18:37:14.871  1271  1271 I MIUINDBG_TOMB_PARSER:     #28     #28 pc 00011a39  /data/app/com.xiaomi.dual-1/lib/arm/libva++.so (new_recvfrom+92)
05-14 18:37:14.871  1271  1271 I MIUINDBG_TOMB_PARSER:     #29     #29 pc 00011a39  /data/app/com.xiaomi.dual-1/lib/arm/libva++.so (new_recvfrom+92)
05-14 18:37:14.871  1271  1271 I MIUINDBG_TOMB_PARSER:     #30     #30 pc 00011a39  /data/app/com.xiaomi.dual-1/lib/arm/libva++.so (new_recvfrom+92)
05-14 18:37:14.871  1271  1271 I MIUINDBG_TOMB_PARSER:     #31     #31 pc 00011a39  /data/app/com.xiaomi.dual-1/lib/arm/libva++.so (new_recvfrom+92)
05-14 18:37:14.871  1271  1271 I MIUINDBG_TOMB_PARSER:     #32     #32 pc 00011a39  /data/app/com.xiaomi.dual-1/lib/arm/libva++.so (new_recvfrom+92)
05-14 18:37:14.871  1271  1271 I MIUINDBG_TOMB_PARSER:     #33     #33 pc 00011a39  /data/app/com.xiaomi.dual-1/lib/arm/libva++.so (new_recvfrom+92)
05-14 18:37:14.871  1271  1271 I MIUINDBG_TOMB_PARSER:     #34     #34 pc 00011a39  /data/app/com.xiaomi.dual-1/lib/arm/libva++.so (new_recvfrom+92)
05-14 18:37:14.871  1271  1271 I MIUINDBG_TOMB_PARSER:     #35     #35 pc 00011a39  /data/app/com.xiaomi.dual-1/lib/arm/libva++.so (new_recvfrom+92)
05-14 18:37:14.871  1271  1271 I MIUINDBG_TOMB_PARSER:     #36     #36 pc 00011a39  /data/app/com.xiaomi.dual-1/lib/arm/libva++.so (new_recvfrom+92)
05-14 18:37:14.871  1271  1271 I MIUINDBG_TOMB_PARSER:     #37     #37 pc 00011a39  /data/app/com.xiaomi.dual-1/lib/arm/libva++.so (new_recvfrom+92)
05-14 18:37:14.871  1271  1271 I MIUINDBG_TOMB_PARSER:     #38     #38 pc 00011a39  /data/app/com.xiaomi.dual-1/lib/arm/libva++.so (new_recvfrom+92)
05-14 18:37:14.871  1271  1271 I MIUINDBG_TOMB_PARSER:     #39     #39 pc 00011a39  /data/app/com.xiaomi.dual-1/lib/arm/libva++.so (new_recvfrom+92)
05-14 18:37:14.872  1271  1271 I MIUINDBG_TOMB_PARSER:     #40     #40 pc 00011a39  /data/app/com.xiaomi.dual-1/lib/arm/libva++.so (new_recvfrom+92)
05-14 18:37:14.872  1271  1271 I MIUINDBG_TOMB_PARSER:     #41     #41 pc 00011a39  /data/app/com.xiaomi.dual-1/lib/arm/libva++.so (new_recvfrom+92)
05-14 18:37:14.872  1271  1271 I MIUINDBG_TOMB_PARSER:     #42     #42 pc 00011a39  /data/app/com.xiaomi.dual-1/lib/arm/libva++.so (new_recvfrom+92)
05-14 18:37:14.872  1271  1271 I MIUINDBG_TOMB_PARSER:     #43     #43 pc 00011a39  /data/app/com.xiaomi.dual-1/lib/arm/libva++.so (new_recvfrom+92)
05-14 18:37:14.872  1271  1271 I MIUINDBG_TOMB_PARSER:     #44     #44 pc 00011a39  /data/app/com.xiaomi.dual-1/lib/arm/libva++.so (new_recvfrom+92)
05-14 18:37:14.872  1271  1271 I MIUINDBG_TOMB_PARSER:     #45     #45 pc 00011a39  /data/app/com.xiaomi.dual-1/lib/arm/libva++.so (new_recvfrom+92)
05-14 18:37:14.872  1271  1271 I MIUINDBG_TOMB_PARSER:     #46     #46 pc 00011a39  /data/app/com.xiaomi.dual-1/lib/arm/libva++.so (new_recvfrom+92)
05-14 18:37:14.872  1271  1271 I MIUINDBG_TOMB_PARSER:     #47     #47 pc 00011a39  /data/app/com.xiaomi.dual-1/lib/arm/libva++.so (new_recvfrom+92)
05-14 18:37:14.872  1271  1271 I MIUINDBG_TOMB_PARSER:     #48     #48 pc 00011a39  /data/app/com.xiaomi.dual-1/lib/arm/libva++.so (new_recvfrom+92)
05-14 18:37:14.872  1271  1271 I MIUINDBG_TOMB_PARSER:     #49     #49 pc 00011a39  /data/app/com.xiaomi.dual-1/lib/arm/libva++.so (new_recvfrom+92)
05-14 18:37:14.872  1271  1271 I MIUINDBG_TOMB_PARSER:     #50     #50 pc 00011a39  /data/app/com.xiaomi.dual-1/lib/arm/libva++.so (new_recvfrom+92)
05-14 18:37:14.872  1271  1271 I MIUINDBG_TOMB_PARSER:     #51     #51 pc 00011a39  /data/app/com.xiaomi.dual-1/lib/arm/libva++.so (new_recvfrom+92)
05-14 18:37:14.872  1271  1271 I MIUINDBG_TOMB_PARSER:     #52     #52 pc 00011a39  /data/app/com.xiaomi.dual-1/lib/arm/libva++.so (new_recvfrom+92)
05-14 18:37:14.872  1271  1271 I MIUINDBG_TOMB_PARSER:     #53     #53 pc 00011a39  /data/app/com.xiaomi.dual-1/lib/arm/libva++.so (new_recvfrom+92)
05-14 18:37:14.872  1271  1271 I MIUINDBG_TOMB_PARSER:     #54     #54 pc 00011a39  /data/app/com.xiaomi.dual-1/lib/arm/libva++.so (new_recvfrom+92)
05-14 18:37:14.872  1271  1271 I MIUINDBG_TOMB_PARSER:     #55     #55 pc 00011a39  /data/app/com.xiaomi.dual-1/lib/arm/libva++.so (new_recvfrom+92)
05-14 18:37:14.872  1271  1271 I MIUINDBG_TOMB_PARSER:     #56     #56 pc 00011a39  /data/app/com.xiaomi.dual-1/lib/arm/libva++.so (new_recvfrom+92)
05-14 18:37:14.872  1271  1271 I MIUINDBG_TOMB_PARSER:     #57     #57 pc 00011a39  /data/app/com.xiaomi.dual-1/lib/arm/libva++.so (new_recvfrom+92)
05-14 18:37:14.872  1271  1271 I MIUINDBG_TOMB_PARSER:     #58     #58 pc 00011a39  /data/app/com.xiaomi.dual-1/lib/arm/libva++.so (new_recvfrom+92)
05-14 18:37:14.872  1271  1271 I MIUINDBG_TOMB_PARSER:     #59     #59 pc 00011a39  /data/app/com.xiaomi.dual-1/lib/arm/libva++.so (new_recvfrom+92)
05-14 18:37:14.872  1271  1271 I MIUINDBG_TOMB_PARSER:     #60     #60 pc 00011a39  /data/app/com.xiaomi.dual-1/lib/arm/libva++.so (new_recvfrom+92)
05-14 18:37:14.872  1271  1271 I MIUINDBG_TOMB_PARSER:     #61     #61 pc 00011a39  /data/app/com.xiaomi.dual-1/lib/arm/libva++.so (new_recvfrom+92)
05-14 18:37:14.872  1271  1271 I MIUINDBG_TOMB_PARSER:     #62     #62 pc 00011a39  /data/app/com.xiaomi.dual-1/lib/arm/libva++.so (new_recvfrom+92)
05-14 18:37:14.872  1271  1271 I MIUINDBG_TOMB_PARSER:     #63     #63 pc 00011a39  /data/app/com.xiaomi.dual-1/lib/arm/libva++.so (new_recvfrom+92)
05-14 18:37:14.873 24194 24229 E VA++    : IOHOOK fd 32 read 
05-14 18:37:14.886  2119 24240 W CustomizeUtil: no getRealSize hack method
05-14 18:37:14.896  2119 24240 E ActivityManager: Invalid thumbnail dimensions: 0x0
05-14 18:37:14.906  2119  2222 V BoostFramework: BoostFramework() : mPerf = com.qualcomm.qti.Performance@ff10e68
05-14 18:37:14.906  2119  2222 V BoostFramework: BoostFramework() : mPerf = com.qualcomm.qti.Performance@8770281
05-14 18:37:14.929  2119 11707 D GraphicsStats: Buffer count: 9
05-14 18:37:14.946  2119  2147 I ActivityManager: Process com.xiaomi.dual:p0 (pid 24194) has died
05-14 18:37:14.946  2119  2147 D ActivityManager: cleanUpApplicationRecord -- 24194
05-14 18:37:14.961  2119  8942 I OpenGLRenderer: Initialized EGL, version 1.4
05-14 18:37:14.963  2119  2222 V UidProcStateHelper: process died:[24194,10266]
05-14 18:37:14.963  4063  5274 D PowerChecker.Notify: removeNotification, type = 0, uid = 10266, pkg = null
05-14 18:37:14.978  2119  2147 I Timeline: Timeline: App_transition_ready time:338654254
05-14 18:37:14.981  3675  3675 V PhoneStatusBarPolicy: updateManagedProfile mManagedProfileFocused: false mManagedProfileInQuietMode: false mKeyguardVisible: false mCurrentUserId:0 mCurrentProfileId:0 mSecondSpaceStatusIconVisible: true showIcon:false
05-14 18:37:14.994 24091 24114 W FlurryAgent: Flurry session resumed for context:io.virtualapp.home.HomeActivity@790ba3c
05-14 18:37:15.020  2119  5700 W System  : ClassLoader referenced unknown path: /system/framework/tcmclient.jar
05-14 18:37:15.032  2119 11613 D PerfShielderService: com.xiaomi.dual|com.xiaomi.dual/io.virtualapp.home.HomeActivity|127|338652387438433|63|3
05-14 18:37:15.032  4860 21473 D MiuiPerfServiceClient: interceptAndQueuing:24091|com.xiaomi.dual|127|63|unknown|null
05-14 18:37:15.036  2119  2272 I Timeline: Timeline: Activity_windows_visible id: ActivityRecord{1ea0c66 u0 com.xiaomi.dual/io.virtualapp.home.HomeActivity t2902} time:338654313
05-14 18:37:15.040  4063  5007 D PowerKeeper.Event: notifyForegroundCompomentChanged ComponentInfo{com.xiaomi.dual/io.virtualapp.home.HomeActivity}
05-14 18:37:15.041  4063  6199 D PowerStateMachine: eventMessage id:100 name:foreground
05-14 18:37:15.041  3890  3956 I WtProcessController: MOVE TO FOREGROUND: com.xiaomi.dual 10266
05-14 18:37:15.042  2119 10717 I SplashScreenServiceDelegate: None for com.xiaomi.dual
05-14 18:37:15.042  3890  3956 I StatusController: Last foreground:com.xiaomi.dual uid:10266 Current foreground:com.xiaomi.dual uid:10266
05-14 18:37:15.042  3890  3956 I WtProcessController: FOREGROUND INFO: name=com.xiaomi.dual uid=10266 pid=24091 TaskId:2904
05-14 18:37:15.043  4063  4503 D ProcessObserver: onScreenAppChanged, FgUid: 10266, FgPackageName: com.xiaomi.dual, foreground: true
05-14 18:37:15.043  4063  4503 D ProcessObserver: onScreenAppChanged, PreTaskUid: 1000, PreTaskPackageName: com.miui.securitycenter, foreground: true
05-14 18:37:15.069   330  2981 I miuiFirewall: miui firewall always allow android
05-14 18:37:15.093  2119  2129 I art     : Background partial concurrent mark sweep GC freed 10040(1085KB) AllocSpace objects, 29(1964KB) LOS objects, 33% free, 41MB/62MB, paused 3.353ms total 177.341ms
05-14 18:37:15.135  6131  6184 I octvm_klo: gethering logcat log done
05-14 18:37:15.135  6131  6184 I octvm_klo: klo unlock
05-14 18:37:15.174   348   348 I Zygote  : Process 24194 exited due to signal (11)
05-14 18:37:15.297  2119  2272 I Timeline: Timeline: App_transition_stopped time:338654574
05-14 18:37:15.311  2119  5700 W ErrorReport: Fail to sendHttpRequest
05-14 18:37:15.311  2119  5700 W ErrorReport: java.lang.IllegalArgumentException: HTTP entity may not be null
05-14 18:37:15.311  2119  5700 W ErrorReport: 	at org.apache.http.util.EntityUtils.toString(EntityUtils.java:115)
05-14 18:37:15.311  2119  5700 W ErrorReport: 	at org.apache.http.util.EntityUtils.toString(EntityUtils.java:151)
05-14 18:37:15.311  2119  5700 W ErrorReport: 	at miui.util.ErrorReport.c(SourceFile:396)
05-14 18:37:15.311  2119  5700 W ErrorReport: 	at miui.util.ErrorReport.sendReportRequest(SourceFile:353)
05-14 18:37:15.311  2119  5700 W ErrorReport: 	at miui.util.ErrorReport$1.a(SourceFile:369)
05-14 18:37:15.311  2119  5700 W ErrorReport: 	at miui.util.ErrorReport$1.doInBackground(SourceFile:366)
05-14 18:37:15.311  2119  5700 W ErrorReport: 	at android.os.AsyncTask$2.call(AsyncTask.java:295)
05-14 18:37:15.311  2119  5700 W ErrorReport: 	at java.util.concurrent.FutureTask.run(FutureTask.java:237)
05-14 18:37:15.311  2119  5700 W ErrorReport: 	at android.os.AsyncTask$SerialExecutor$1.run(AsyncTask.java:234)
05-14 18:37:15.311  2119  5700 W ErrorReport: 	at java.util.concurrent.ThreadPoolExecutor.runWorker(ThreadPoolExecutor.java:1113)
05-14 18:37:15.311  2119  5700 W ErrorReport: 	at java.util.concurrent.ThreadPoolExecutor$Worker.run(ThreadPoolExecutor.java:588)
05-14 18:37:15.311  2119  5700 W ErrorReport: 	at java.lang.Thread.run(Thread.java:818)
05-14 18:37:15.313  2119  5700 W ContextImpl: Calling a method in the system process without a qualified user: android.app.ContextImpl.bindService:1295 android.content.ContextWrapper.bindService:614 miui.os.DropBoxManager.cF:361 miui.os.DropBoxManager.a:350 miui.os.DropBoxManager.addText:314 
05-14 18:37:15.320  2119  2222 V UidProcStateHelper: process state changed:[14123,10098,6]
05-14 18:37:15.329  2119  2222 V UidProcStateHelper: process state changed:[14123,10098,10]
05-14 18:37:15.682   374   500 I ThermalEngine: Sensor:batt_temp:303 mC
05-14 18:37:15.985  2119  2221 I ActiveServicesInjector: Low priority start of: ServiceRecord{eeea1f8 u0 com.tencent.mm/.booter.NotifyReceiver$NotifyService}
05-14 18:37:16.684   374   500 I ThermalEngine: Sensor:batt_temp:303 mC
05-14 18:37:17.240 32321 32321 D wpa_supplicant: wlan0: Control interface command 'SIGNAL_POLL'
05-14 18:37:17.255 32321 32321 D wpa_supplicant: CTRL-DEBUG: global_ctrl_sock-sendto: sock=11 sndbuf=163840 outq=0 send_len=49
05-14 18:37:17.685   374   500 I ThermalEngine: Sensor:batt_temp:303 mC
05-14 18:37:18.686   374   500 I ThermalEngine: Sensor:batt_temp:303 mC
05-14 18:37:19.690   374   500 I ThermalEngine: Sensor:batt_temp:304 mC
05-14 18:37:19.789  2119  2222 I SplashScreenServiceDelegate: None for com.miui.bugreport
05-14 18:37:19.790  2119  2222 I ActivityManager: START u0 {act=miui.intent.action.FC_PREVIEW flg=0x10000000 cmp=com.miui.bugreport/.ui.MiuiFcPreviewActivity (has extras)} from uid 1000 on display 0
05-14 18:37:19.796  3890  3956 I WtProcessController: mCurTask:2905
05-14 18:37:19.805  2119  2222 W CustomizeUtil: no getRealSize hack method
05-14 18:37:19.808  2119  2222 E ActivityManager: Invalid thumbnail dimensions: 0x0
05-14 18:37:19.849  3890  3956 I WtProcessController: MOVE TO FOREGROUND: com.miui.bugreport 1000
05-14 18:37:19.849  3890  3956 I StatusController: Last foreground:com.xiaomi.dual uid:10266 Current foreground:com.miui.bugreport uid:1000
05-14 18:37:19.850  3890  3956 I WtProcessController: FOREGROUND INFO: name=com.miui.bugreport uid=1000 pid=23738 TaskId:2905
05-14 18:37:19.852  4063  5007 D PowerKeeper.Event: notifyForegroundCompomentChanged ComponentInfo{com.miui.bugreport/com.miui.bugreport.ui.MiuiFcPreviewActivity}
05-14 18:37:19.852  4063  4503 D ProcessObserver: onScreenAppChanged, FgUid: 1000, FgPackageName: com.miui.bugreport, foreground: true
05-14 18:37:19.852  4063  4503 D ProcessObserver: onScreenAppChanged, PreTaskUid: 10266, PreTaskPackageName: com.xiaomi.dual, foreground: true
05-14 18:37:19.852  4063  4503 D ProcessObserver: Uid: 1000 Foreground
05-14 18:37:19.852  4063  6199 D PowerStateMachine: eventMessage id:100 name:foreground
05-14 18:37:19.852  4063  5274 D PowerCheckerService: updateForFgUidChangedLocked, mScreenOn = true uid = 1000 foreground = true
05-14 18:37:19.854  2119  2222 W InputEventReceiver: Attempted to finish an input event but the input event receiver has already been disposed.
05-14 18:37:19.855  2119 11682 I Timeline: Timeline: App_transition_ready time:338659131
05-14 18:37:19.871  2119  2222 V UidProcStateHelper: process state changed:[23738,1000,2]
05-14 18:37:19.878  4063  5007 D PowerKeeper.Event: notifyCpuStatsUpdate
05-14 18:37:19.878  4063  4503 D ProcessObserver: onForegroundActivitiesChanged, pid: 23738 uid: 1000 foregroundActivities: true
05-14 18:37:19.886  4063  4583 D HideModeStateMachine: updateForForegroundUidChangedLocked: uid = 1000 foreground = true
05-14 18:37:19.888  2119  2272 I Timeline: Timeline: App_transition_ready time:338659164
05-14 18:37:19.893 23738 23738 V BoostFramework: BoostFramework() : mPerf = com.qualcomm.qti.Performance@4375c24
05-14 18:37:19.893 23738 23738 V BoostFramework: BoostFramework() : mPerf = com.qualcomm.qti.Performance@17d638d
05-14 18:37:19.898  4063  5274 D PowerChecker.BaStats: uid = 1000, uidForeground = true, lastBytes = 8276203, curBytes = 8295104, deltaBytes = 18901
05-14 18:37:19.903 23738 23738 D ActionBarView: Don't show immersion menu button for custom action bar
05-14 18:37:19.905  3675  3675 V PhoneStatusBarPolicy: updateManagedProfile mManagedProfileFocused: false mManagedProfileInQuietMode: false mKeyguardVisible: false mCurrentUserId:0 mCurrentProfileId:0 mSecondSpaceStatusIconVisible: true showIcon:false
05-14 18:37:19.896  5658  5658 W Binder:2119_14: type=1400 audit(0.0:551479): avc: denied { ioctl } for path="socket:[3462947]" dev="sockfs" ino=3462947 ioctlcmd=7704 scontext=u:r:system_server:s0 tcontext=u:r:system_server:s0 tclass=unix_stream_socket permissive=0
05-14 18:37:19.896  5658  5658 W Binder:2119_14: type=1400 audit(0.0:551480): avc: denied { ioctl } for path="socket:[3462947]" dev="sockfs" ino=3462947 ioctlcmd=7704 scontext=u:r:system_server:s0 tcontext=u:r:system_server:s0 tclass=unix_stream_socket permissive=0
05-14 18:37:19.940  4063  5007 I octvm_klo: KM_EVENT_LOGGER have allocated 3775 blocks.
05-14 18:37:19.956  5020  5020 W Binder:2119_12: type=1400 audit(0.0:551481): avc: denied { ioctl } for path="socket:[3461473]" dev="sockfs" ino=3461473 ioctlcmd=7704 scontext=u:r:system_server:s0 tcontext=u:r:system_server:s0 tclass=unix_stream_socket permissive=0
05-14 18:37:19.956  5020  5020 W Binder:2119_12: type=1400 audit(0.0:551482): avc: denied { ioctl } for path="socket:[3461473]" dev="sockfs" ino=3461473 ioctlcmd=7704 scontext=u:r:system_server:s0 tcontext=u:r:system_server:s0 tclass=unix_stream_socket permissive=0
05-14 18:37:19.971  2119  2272 I ActivityManager: Displayed com.miui.bugreport/.ui.MiuiFcPreviewActivity: +129ms (total +6s202ms)
05-14 18:37:19.984  2119  4976 I SplashScreenServiceDelegate: None for com.miui.bugreport
05-14 18:37:19.999  2119  2129 I art     : Background partial concurrent mark sweep GC freed 6949(819KB) AllocSpace objects, 13(680KB) LOS objects, 33% free, 40MB/61MB, paused 2.664ms total 174.003ms
05-14 18:37:20.260 32321 32321 D wpa_supplicant: wlan0: Control interface command 'SIGNAL_POLL'
05-14 18:37:20.262 32321 32321 D wpa_supplicant: CTRL-DEBUG: global_ctrl_sock-sendto: sock=11 sndbuf=163840 outq=0 send_len=49
05-14 18:37:20.482  2119  2272 I Timeline: Timeline: Activity_windows_visible id: ActivityRecord{283d561 u0 com.miui.bugreport/.ui.MiuiFcPreviewActivity t2905} time:338659758
05-14 18:37:20.488  2119  2222 V UidProcStateHelper: process state changed:[24091,10266,13]
05-14 18:37:20.488 24091 24114 W FlurryAgent: Flurry session paused for context:io.virtualapp.home.HomeActivity@790ba3c
05-14 18:37:20.489  2119  2272 I Timeline: Timeline: App_transition_stopped time:338659765
05-14 18:37:20.490   330  2983 E traffic : traffic monitor has been disabled or argment error.
05-14 18:37:20.509  4063  4503 D ProcessObserver: onForegroundActivitiesChanged, pid: 24091 uid: 10266 foregroundActivities: false
05-14 18:37:20.509  4063  4503 D ProcessObserver: Uid: 10266 Background
05-14 18:37:20.509  4063  5274 D PowerCheckerService: updateForFgUidChangedLocked, mScreenOn = true uid = 10266 foreground = false
05-14 18:37:20.509  4063  7640 D AppActiveChecker: updateDownloadStateForFgUidChangedLocked, mScreenOn = true uid = 10266 foreground = false
05-14 18:37:20.509  4063  4583 D HideModeStateMachine: updateForForegroundUidChangedLocked: uid = 10266 foreground = false
05-14 18:37:20.510  4063  4583 I HideModeStateMachine: Uid: 10266 State: inactive_level_1st |-> startRun
05-14 18:37:20.510  4063  4583 I HideModeStateMachine: Uid: 10266 State: inactive_level_1st Feature: appIdle |-> startRun
05-14 18:37:20.510  4063  7642 D DeviceIdleAppRuleChecker: updateStateForInteractiveUidChangedLocked: uid = 10266 foreground = false
05-14 18:37:20.510  4063  7660 D KillProcessAppRuleChecker: updateStateForInteractiveUidChangedLocked: uid = 10266 foreground = false
05-14 18:37:20.510  4063  7671 D ActiveStateController: updateStateForFgUidChangedLocked: uid = 10266 foreground = false
05-14 18:37:20.521  4063  5274 D PowerChecker.BaStats: uid = 10266, uidForeground = false, lastBytes = 866798, curBytes = 954430, deltaBytes = 87632
05-14 18:37:20.527  4063  7640 D AppActiveChecker: sendMessageDelayed: uid = 10266 delayMillis = 180000 elapsedRealtime = 622505195
05-14 18:37:20.527  4063  4583 I HideModeStateMachine: Uid: 10266 State: inactive_level_1st Feature: sensor |-> startRun
05-14 18:37:20.527  4063  4583 I HideModeStateMachine: Uid: 10266 State: inactive_level_1st Feature: location |-> startRun
05-14 18:37:20.527  4063  7671 D ActiveStateController: updateRuleForUidLocked, uid = 10266 property = 32
05-14 18:37:20.528  4063  7671 D PowerKeeperConfigureProvider: appActiveTable insert 1469
05-14 18:37:20.691   374   500 I ThermalEngine: Sensor:batt_temp:303 mC
05-14 18:37:21.692   374   500 I ThermalEngine: Sensor:batt_temp:303 mC
05-14 18:37:22.694   374   500 I ThermalEngine: Sensor:batt_temp:303 mC
05-14 18:37:23.267 32321 32321 D wpa_supplicant: wlan0: Control interface command 'SIGNAL_POLL'
05-14 18:37:23.280 32321 32321 D wpa_supplicant: CTRL-DEBUG: global_ctrl_sock-sendto: sock=11 sndbuf=163840 outq=0 send_len=49
05-14 18:37:23.644  2119  5149 E LocSvc_libulp: I/int ulp_msg_process_system_update(UlpSystemEvent): systemEvent:5 
05-14 18:37:23.644  2119  5149 E LocSvc_libulp: I/int ulp_msg_process_start_req(), at ulp state = 1
05-14 18:37:23.645  2119  4740 E LocSvc_api_v02: I/---> locClientSendReq line 2020 QMI_LOC_GET_BEST_AVAILABLE_POSITION_REQ_V02
05-14 18:37:23.649  2119  4852 E LocSvc_ApiV02: I/<--- void globalRespCb(locClientHandleType, uint32_t, locClientRespIndUnionType, void*) line 115 QMI_LOC_GET_BEST_AVAILABLE_POSITION_REQ_V02
05-14 18:37:23.649  2119  5149 E LocSvc_libulp: I/int ulp_brain_process_zpp_position_report(loc_sess_status, LocPosTechMask, UlpLocation*), report ZPP position to providers,report_position = 1
05-14 18:37:23.649  2119  4740 E IzatSvc_PassiveLocListener: E/Exiting with error virtual void izat_manager::IzatPassiveLocationListener::onLocationChanged(const izat_manager::IzatLocation*, izat_manager::IzatLocationStatus) line 113 "1"
05-14 18:37:23.695   374   500 I ThermalEngine: Sensor:batt_temp:303 mC
05-14 18:37:24.696   374   500 I ThermalEngine: Sensor:batt_temp:303 mC
05-14 18:37:25.698   374   500 I ThermalEngine: Sensor:batt_temp:303 mC
05-14 18:37:26.289 32321 32321 D wpa_supplicant: wlan0: Control interface command 'SIGNAL_POLL'
05-14 18:37:26.302 32321 32321 D wpa_supplicant: CTRL-DEBUG: global_ctrl_sock-sendto: sock=11 sndbuf=163840 outq=0 send_len=49
05-14 18:37:26.699   374   500 I ThermalEngine: Sensor:batt_temp:303 mC
05-14 18:37:27.700   374   500 I ThermalEngine: Sensor:batt_temp:303 mC
05-14 18:37:28.702   374   500 I ThermalEngine: Sensor:batt_temp:303 mC
05-14 18:37:29.313 32321 32321 D wpa_supplicant: wlan0: Control interface command 'SIGNAL_POLL'
05-14 18:37:29.329 32321 32321 D wpa_supplicant: CTRL-DEBUG: global_ctrl_sock-sendto: sock=11 sndbuf=163840 outq=0 send_len=49
05-14 18:37:29.703   374   500 I ThermalEngine: Sensor:batt_temp:303 mC
05-14 18:37:30.531 24091 24114 W FlurryAgent: Flurry session ended
05-14 18:37:30.704   374   500 I ThermalEngine: Sensor:batt_temp:303 mC
05-14 18:37:31.706   374   500 I ThermalEngine: Sensor:batt_temp:303 mC
05-14 18:37:32.334 32321 32321 D wpa_supplicant: wlan0: Control interface command 'SIGNAL_POLL'
05-14 18:37:32.348 32321 32321 D wpa_supplicant: CTRL-DEBUG: global_ctrl_sock-sendto: sock=11 sndbuf=163840 outq=0 send_len=49
05-14 18:37:32.707   374   500 I ThermalEngine: Sensor:batt_temp:304 mC
05-14 18:37:33.708   374   500 I ThermalEngine: Sensor:batt_temp:304 mC
05-14 18:37:34.710   374   500 I ThermalEngine: Sensor:batt_temp:304 mC
05-14 18:37:35.353 32321 32321 D wpa_supplicant: wlan0: Control interface command 'SIGNAL_POLL'
05-14 18:37:35.368 32321 32321 D wpa_supplicant: CTRL-DEBUG: global_ctrl_sock-sendto: sock=11 sndbuf=163840 outq=0 send_len=49
05-14 18:37:35.711   374   500 I ThermalEngine: Sensor:batt_temp:304 mC
05-14 18:37:36.712   374   500 I ThermalEngine: Sensor:batt_temp:304 mC
05-14 18:37:37.713   374   500 I ThermalEngine: Sensor:batt_temp:304 mC
05-14 18:37:38.377 32321 32321 D wpa_supplicant: wlan0: Control interface command 'SIGNAL_POLL'
05-14 18:37:38.393 32321 32321 D wpa_supplicant: CTRL-DEBUG: global_ctrl_sock-sendto: sock=11 sndbuf=163840 outq=0 send_len=49
05-14 18:37:38.715   374   500 I ThermalEngine: Sensor:batt_temp:304 mC
05-14 18:37:39.716   374   500 I ThermalEngine: Sensor:batt_temp:304 mC
05-14 18:37:40.717   374   500 I ThermalEngine: Sensor:batt_temp:304 mC
05-14 18:37:41.404 32321 32321 D wpa_supplicant: wlan0: Control interface command 'SIGNAL_POLL'
05-14 18:37:41.421 32321 32321 D wpa_supplicant: CTRL-DEBUG: global_ctrl_sock-sendto: sock=11 sndbuf=163840 outq=0 send_len=49
05-14 18:37:41.719   374   500 I ThermalEngine: Sensor:batt_temp:304 mC
05-14 18:37:42.720   374   500 I ThermalEngine: Sensor:batt_temp:304 mC
05-14 18:37:43.721   374   500 I ThermalEngine: Sensor:batt_temp:304 mC
05-14 18:37:44.426 32321 32321 D wpa_supplicant: wlan0: Control interface command 'SIGNAL_POLL'
05-14 18:37:44.441 32321 32321 D wpa_supplicant: CTRL-DEBUG: global_ctrl_sock-sendto: sock=11 sndbuf=163840 outq=0 send_len=49
05-14 18:37:44.722   374   500 I ThermalEngine: Sensor:batt_temp:304 mC
05-14 18:37:45.697 24091 24115 W FlurryAgent: Analytics report sent.
05-14 18:37:45.724   374   500 I ThermalEngine: Sensor:batt_temp:304 mC
05-14 18:37:46.725   374   500 I ThermalEngine: Sensor:batt_temp:304 mC
05-14 18:37:47.446 32321 32321 D wpa_supplicant: wlan0: Control interface command 'SIGNAL_POLL'
05-14 18:37:47.461 32321 32321 D wpa_supplicant: CTRL-DEBUG: global_ctrl_sock-sendto: sock=11 sndbuf=163840 outq=0 send_len=49
05-14 18:37:47.726   374   500 I ThermalEngine: Sensor:batt_temp:304 mC
05-14 18:37:48.728   374   500 I ThermalEngine: Sensor:batt_temp:304 mC
05-14 18:37:49.729   374   500 I ThermalEngine: Sensor:batt_temp:304 mC
05-14 18:37:50.467 32321 32321 D wpa_supplicant: wlan0: Control interface command 'SIGNAL_POLL'
05-14 18:37:50.484 32321 32321 D wpa_supplicant: CTRL-DEBUG: global_ctrl_sock-sendto: sock=11 sndbuf=163840 outq=0 send_len=49
05-14 18:37:50.730   374   500 I ThermalEngine: Sensor:batt_temp:304 mC
05-14 18:37:51.731   374   500 I ThermalEngine: Sensor:batt_temp:304 mC
05-14 18:37:52.733   374   500 I ThermalEngine: Sensor:batt_temp:304 mC
05-14 18:37:53.489 32321 32321 D wpa_supplicant: wlan0: Control interface command 'SIGNAL_POLL'
05-14 18:37:53.504 32321 32321 D wpa_supplicant: CTRL-DEBUG: global_ctrl_sock-sendto: sock=11 sndbuf=163840 outq=0 send_len=49
05-14 18:37:53.734   374   500 I ThermalEngine: Sensor:batt_temp:304 mC
05-14 18:37:54.735   374   500 I ThermalEngine: Sensor:batt_temp:304 mC
05-14 18:37:55.736   374   500 I ThermalEngine: Sensor:batt_temp:304 mC
05-14 18:37:56.509 32321 32321 D wpa_supplicant: wlan0: Control interface command 'SIGNAL_POLL'
05-14 18:37:56.524 32321 32321 D wpa_supplicant: CTRL-DEBUG: global_ctrl_sock-sendto: sock=11 sndbuf=163840 outq=0 send_len=49
05-14 18:37:56.738   374   500 I ThermalEngine: Sensor:batt_temp:304 mC
05-14 18:37:57.739   374   500 I ThermalEngine: Sensor:batt_temp:304 mC
05-14 18:37:58.740   374   500 I ThermalEngine: Sensor:batt_temp:304 mC
05-14 18:37:59.529 32321 32321 D wpa_supplicant: wlan0: Control interface command 'SIGNAL_POLL'
05-14 18:37:59.543 32321 32321 D wpa_supplicant: CTRL-DEBUG: global_ctrl_sock-sendto: sock=11 sndbuf=163840 outq=0 send_len=49
05-14 18:37:59.741   374   500 I ThermalEngine: Sensor:batt_temp:304 mC
05-14 18:38:00.003  3675  8313 I art     : Note: end time exceeds epoch: 
05-14 18:38:00.004  3675  8313 I art     : Note: end time exceeds epoch: 
05-14 18:38:00.004  3675  8313 I art     : Note: end time exceeds epoch: 
05-14 18:38:00.005  3675  8313 I art     : Note: end time exceeds epoch: 
05-14 18:38:00.047  4063  5007 D PowerKeeper.Event: notifyCpuStatsUpdate
05-14 18:38:00.742   374   500 I ThermalEngine: Sensor:batt_temp:304 mC
05-14 18:38:01.744   374   500 I ThermalEngine: Sensor:batt_temp:304 mC
05-14 18:38:02.553 32321 32321 D wpa_supplicant: wlan0: Control interface command 'SIGNAL_POLL'
05-14 18:38:02.555 32321 32321 D wpa_supplicant: CTRL-DEBUG: global_ctrl_sock-sendto: sock=11 sndbuf=163840 outq=0 send_len=49
05-14 18:38:02.745   374   500 I ThermalEngine: Sensor:batt_temp:304 mC
05-14 18:38:03.746   374   500 I ThermalEngine: Sensor:batt_temp:304 mC
05-14 18:38:04.748   374   500 I ThermalEngine: Sensor:batt_temp:304 mC
05-14 18:38:05.563 32321 32321 D wpa_supplicant: wlan0: Control interface command 'SIGNAL_POLL'
05-14 18:38:05.577 32321 32321 D wpa_supplicant: CTRL-DEBUG: global_ctrl_sock-sendto: sock=11 sndbuf=163840 outq=0 send_len=49
05-14 18:38:05.749   374   500 I ThermalEngine: Sensor:batt_temp:304 mC
05-14 18:38:06.750   374   500 I ThermalEngine: Sensor:batt_temp:304 mC
05-14 18:38:07.112   634   634 D charger_monitor: vchg_loop stable: 0, is_settled = 0,usb_target_ua = 500000, usbin_current_now = 500000,fastchg_sts = 0, num_attempts = 0
05-14 18:38:07.131  6131  6184 I octvm_klo: battery status event:[status,health,present,plugged,technology]:[5,2,1,2,Li-poly]
05-14 18:38:07.131  6131  6184 I octvm_klo: [1526294287]:USB charging ended with usb charger connected(last_charger_connected_time:1526293966)
05-14 18:38:07.134  3675  3675 D BatteryController: action=android.intent.action.BATTERY_CHANGED; mCharging=true
05-14 18:38:07.166  4063  5283 D ThermalManager$ThermalTempInfoHelper: thermal sensor0 type is tsens_tz_sensor0
05-14 18:38:07.172  3675  3675 D BatteryController: action=android.intent.action.BATTERY_CHANGED; mCharging=true
05-14 18:38:07.177  4063  5283 D ThermalManager$ThermalTempInfoHelper: thermal sensor1 type is tsens_tz_sensor1
05-14 18:38:07.178  4063  5274 D PowerCheckerService: onBatteryChanged, mBatteryLevel = 100, status = 5, level = 100, plug = 2
05-14 18:38:07.178  4063  5274 D PowerCheckerService: onBatteryChanged, mBatteryLevel = 100, status = 5, level = 100, plug = 2
05-14 18:38:07.178  4063  5007 D PowerKeeper.Event: notifyCpuStatsUpdate
05-14 18:38:07.180  3936  3936 I BatteryInfoReceiver: ACTION_BATTERY_CHANGED
05-14 18:38:07.181  3936  3936 I BatteryInfoReceiver: ACTION_BATTERY_CHANGED
05-14 18:38:07.182  4063  5283 D ThermalManager$ThermalTempInfoHelper: thermal sensor2 type is tsens_tz_sensor2
05-14 18:38:07.184  4063  5283 D ThermalManager$ThermalTempInfoHelper: thermal sensor3 type is tsens_tz_sensor3
05-14 18:38:07.189  4063  5283 D ThermalManager$ThermalTempInfoHelper: thermal sensor4 type is tsens_tz_sensor4
05-14 18:38:07.192  4063  5283 D ThermalManager$ThermalTempInfoHelper: thermal sensor5 type is tsens_tz_sensor5
05-14 18:38:07.194  4063  5283 D ThermalManager$ThermalTempInfoHelper: thermal sensor6 type is tsens_tz_sensor6
05-14 18:38:07.197  4063  5283 D ThermalManager$ThermalTempInfoHelper: thermal sensor7 type is tsens_tz_sensor7
05-14 18:38:07.198   634   634 D charger_monitor: vchg_loop stable: 0, is_settled = 0,usb_target_ua = 500000, usbin_current_now = 500000,fastchg_sts = 0, num_attempts = 0
05-14 18:38:07.201  4063  5283 D ThermalManager$ThermalTempInfoHelper: thermal sensor8 type is tsens_tz_sensor8
05-14 18:38:07.206  4063  5283 D ThermalManager$ThermalTempInfoHelper: thermal sensor9 type is tsens_tz_sensor9
05-14 18:38:07.209  4063  5283 D ThermalManager$ThermalTempInfoHelper: thermal sensor10 type is tsens_tz_sensor10
05-14 18:38:07.212   634   634 D charger_monitor: vchg_loop stable: 0, is_settled = 0,usb_target_ua = 500000, usbin_current_now = 500000,fastchg_sts = 0, num_attempts = 0
05-14 18:38:07.212  4063  5283 D ThermalManager$ThermalTempInfoHelper: thermal sensor11 type is pm8841_tz
05-14 18:38:07.215  3675  3675 D BatteryController: action=android.intent.action.BATTERY_CHANGED; mCharging=true
05-14 18:38:07.216  4063  5283 D ThermalManager$ThermalTempInfoHelper: thermal sensor12 type is pm8941_tz
05-14 18:38:07.217  4063  5274 D PowerCheckerService: onBatteryChanged, mBatteryLevel = 100, status = 5, level = 100, plug = 2
05-14 18:38:07.220  3936  3936 I BatteryInfoReceiver: ACTION_BATTERY_CHANGED
05-14 18:38:07.221  4063  5283 D ThermalManager$ThermalTempInfoHelper: thermal sensor13 type is pa_therm0
05-14 18:38:07.224  4063  5283 D ThermalManager$ThermalTempInfoHelper: thermal sensor14 type is pa_therm1
05-14 18:38:07.227  4063  5283 D ThermalManager$ThermalTempInfoHelper: thermal sensor15 type is emmc_therm
05-14 18:38:07.229  4063  5283 D ThermalManager$ThermalTempInfoHelper: thermal sensor16 type is msm_therm
05-14 18:38:07.232  3675  3675 D BatteryController: action=android.intent.action.BATTERY_CHANGED; mCharging=true
05-14 18:38:07.233  4063  5283 D ThermalManager$ThermalTempInfoHelper: thermal sensor0 type is tsens_tz_sensor0
05-14 18:38:07.234  4063  5274 D PowerCheckerService: onBatteryChanged, mBatteryLevel = 100, status = 5, level = 100, plug = 2
05-14 18:38:07.235  3936  3936 I BatteryInfoReceiver: ACTION_BATTERY_CHANGED
05-14 18:38:07.238  4063  5283 D ThermalManager$ThermalTempInfoHelper: thermal sensor1 type is tsens_tz_sensor1
05-14 18:38:07.242  3675  3675 D BatteryController: action=android.intent.action.BATTERY_CHANGED; mCharging=true
05-14 18:38:07.243  4063  5274 D PowerCheckerService: onBatteryChanged, mBatteryLevel = 100, status = 5, level = 100, plug = 2
05-14 18:38:07.245  3936  3936 I BatteryInfoReceiver: ACTION_BATTERY_CHANGED
05-14 18:38:07.245  4063  5283 D ThermalManager$ThermalTempInfoHelper: thermal sensor2 type is tsens_tz_sensor2
05-14 18:38:07.249  4063  5283 D ThermalManager$ThermalTempInfoHelper: thermal sensor3 type is tsens_tz_sensor3
05-14 18:38:07.251  4063  5283 D ThermalManager$ThermalTempInfoHelper: thermal sensor4 type is tsens_tz_sensor4
05-14 18:38:07.253  4063  5283 D ThermalManager$ThermalTempInfoHelper: thermal sensor5 type is tsens_tz_sensor5
05-14 18:38:07.256  4063  5283 D ThermalManager$ThermalTempInfoHelper: thermal sensor6 type is tsens_tz_sensor6
05-14 18:38:07.258  4063  5283 D ThermalManager$ThermalTempInfoHelper: thermal sensor7 type is tsens_tz_sensor7
05-14 18:38:07.260  4063  5283 D ThermalManager$ThermalTempInfoHelper: thermal sensor8 type is tsens_tz_sensor8
05-14 18:38:07.262  4063  5283 D ThermalManager$ThermalTempInfoHelper: thermal sensor9 type is tsens_tz_sensor9
05-14 18:38:07.265  4063  5283 D ThermalManager$ThermalTempInfoHelper: thermal sensor10 type is tsens_tz_sensor10
05-14 18:38:07.267  4063  5283 D ThermalManager$ThermalTempInfoHelper: thermal sensor11 type is pm8841_tz
05-14 18:38:07.269  4063  5283 D ThermalManager$ThermalTempInfoHelper: thermal sensor12 type is pm8941_tz
05-14 18:38:07.271  4063  5283 D ThermalManager$ThermalTempInfoHelper: thermal sensor13 type is pa_therm0
05-14 18:38:07.274  4063  5283 D ThermalManager$ThermalTempInfoHelper: thermal sensor14 type is pa_therm1
05-14 18:38:07.276  4063  5283 D ThermalManager$ThermalTempInfoHelper: thermal sensor15 type is emmc_therm
05-14 18:38:07.278  4063  5283 D ThermalManager$ThermalTempInfoHelper: thermal sensor16 type is msm_therm
05-14 18:38:07.282  4063  5283 D ThermalManager$ThermalTempInfoHelper: thermal sensor0 type is tsens_tz_sensor0
05-14 18:38:07.284  4063  5283 D ThermalManager$ThermalTempInfoHelper: thermal sensor1 type is tsens_tz_sensor1
05-14 18:38:07.286  4063  5283 D ThermalManager$ThermalTempInfoHelper: thermal sensor2 type is tsens_tz_sensor2
05-14 18:38:07.289  4063  5283 D ThermalManager$ThermalTempInfoHelper: thermal sensor3 type is tsens_tz_sensor3
05-14 18:38:07.291  4063  5283 D ThermalManager$ThermalTempInfoHelper: thermal sensor4 type is tsens_tz_sensor4
05-14 18:38:07.293  4063  5283 D ThermalManager$ThermalTempInfoHelper: thermal sensor5 type is tsens_tz_sensor5
05-14 18:38:07.295  4063  5283 D ThermalManager$ThermalTempInfoHelper: thermal sensor6 type is tsens_tz_sensor6
05-14 18:38:07.297  4063  5283 D ThermalManager$ThermalTempInfoHelper: thermal sensor7 type is tsens_tz_sensor7
05-14 18:38:07.300  4063  5283 D ThermalManager$ThermalTempInfoHelper: thermal sensor8 type is tsens_tz_sensor8
05-14 18:38:07.302  4063  5283 D ThermalManager$ThermalTempInfoHelper: thermal sensor9 type is tsens_tz_sensor9
05-14 18:38:07.304  4063  5283 D ThermalManager$ThermalTempInfoHelper: thermal sensor10 type is tsens_tz_sensor10
05-14 18:38:07.307  4063  5283 D ThermalManager$ThermalTempInfoHelper: thermal sensor11 type is pm8841_tz
05-14 18:38:07.309  4063  5283 D ThermalManager$ThermalTempInfoHelper: thermal sensor12 type is pm8941_tz
05-14 18:38:07.311  4063  5283 D ThermalManager$ThermalTempInfoHelper: thermal sensor13 type is pa_therm0
05-14 18:38:07.314  4063  5283 D ThermalManager$ThermalTempInfoHelper: thermal sensor14 type is pa_therm1
05-14 18:38:07.316  4063  5283 D ThermalManager$ThermalTempInfoHelper: thermal sensor15 type is emmc_therm
05-14 18:38:07.318  4063  5283 D ThermalManager$ThermalTempInfoHelper: thermal sensor16 type is msm_therm
05-14 18:38:07.322  4063  5283 D ThermalManager$ThermalTempInfoHelper: thermal sensor0 type is tsens_tz_sensor0
05-14 18:38:07.324  4063  5283 D ThermalManager$ThermalTempInfoHelper: thermal sensor1 type is tsens_tz_sensor1
05-14 18:38:07.327  4063  5283 D ThermalManager$ThermalTempInfoHelper: thermal sensor2 type is tsens_tz_sensor2
05-14 18:38:07.329  4063  5283 D ThermalManager$ThermalTempInfoHelper: thermal sensor3 type is tsens_tz_sensor3
05-14 18:38:07.332  4063  5283 D ThermalManager$ThermalTempInfoHelper: thermal sensor4 type is tsens_tz_sensor4
05-14 18:38:07.334  4063  5283 D ThermalManager$ThermalTempInfoHelper: thermal sensor5 type is tsens_tz_sensor5
05-14 18:38:07.337  4063  5283 D ThermalManager$ThermalTempInfoHelper: thermal sensor6 type is tsens_tz_sensor6
05-14 18:38:07.340  4063  5283 D ThermalManager$ThermalTempInfoHelper: thermal sensor7 type is tsens_tz_sensor7
05-14 18:38:07.343  4063  5283 D ThermalManager$ThermalTempInfoHelper: thermal sensor8 type is tsens_tz_sensor8
05-14 18:38:07.346  4063  5283 D ThermalManager$ThermalTempInfoHelper: thermal sensor9 type is tsens_tz_sensor9
05-14 18:38:07.349  4063  5283 D ThermalManager$ThermalTempInfoHelper: thermal sensor10 type is tsens_tz_sensor10
05-14 18:38:07.352  4063  5283 D ThermalManager$ThermalTempInfoHelper: thermal sensor11 type is pm8841_tz
05-14 18:38:07.355  4063  5283 D ThermalManager$ThermalTempInfoHelper: thermal sensor12 type is pm8941_tz
05-14 18:38:07.357  4063  5283 D ThermalManager$ThermalTempInfoHelper: thermal sensor13 type is pa_therm0
05-14 18:38:07.360  4063  5283 D ThermalManager$ThermalTempInfoHelper: thermal sensor14 type is pa_therm1
05-14 18:38:07.362  4063  5283 D ThermalManager$ThermalTempInfoHelper: thermal sensor15 type is emmc_therm
05-14 18:38:07.365  4063  5283 D ThermalManager$ThermalTempInfoHelper: thermal sensor16 type is msm_therm
05-14 18:38:07.368  4063  5283 D ThermalManager$ThermalTempInfoHelper: thermal sensor0 type is tsens_tz_sensor0
05-14 18:38:07.371  4063  5283 D ThermalManager$ThermalTempInfoHelper: thermal sensor1 type is tsens_tz_sensor1
05-14 18:38:07.373  4063  5283 D ThermalManager$ThermalTempInfoHelper: thermal sensor2 type is tsens_tz_sensor2
05-14 18:38:07.376  4063  5283 D ThermalManager$ThermalTempInfoHelper: thermal sensor3 type is tsens_tz_sensor3
05-14 18:38:07.378  4063  5283 D ThermalManager$ThermalTempInfoHelper: thermal sensor4 type is tsens_tz_sensor4
05-14 18:38:07.380  4063  5283 D ThermalManager$ThermalTempInfoHelper: thermal sensor5 type is tsens_tz_sensor5
05-14 18:38:07.383  4063  5283 D ThermalManager$ThermalTempInfoHelper: thermal sensor6 type is tsens_tz_sensor6
05-14 18:38:07.385  4063  5283 D ThermalManager$ThermalTempInfoHelper: thermal sensor7 type is tsens_tz_sensor7
05-14 18:38:07.387  4063  5283 D ThermalManager$ThermalTempInfoHelper: thermal sensor8 type is tsens_tz_sensor8
05-14 18:38:07.390  4063  5283 D ThermalManager$ThermalTempInfoHelper: thermal sensor9 type is tsens_tz_sensor9
05-14 18:38:07.392  4063  5283 D ThermalManager$ThermalTempInfoHelper: thermal sensor10 type is tsens_tz_sensor10
05-14 18:38:07.395  4063  5283 D ThermalManager$ThermalTempInfoHelper: thermal sensor11 type is pm8841_tz
05-14 18:38:07.397  4063  5283 D ThermalManager$ThermalTempInfoHelper: thermal sensor12 type is pm8941_tz
05-14 18:38:07.399  4063  5283 D ThermalManager$ThermalTempInfoHelper: thermal sensor13 type is pa_therm0
05-14 18:38:07.402  4063  5283 D ThermalManager$ThermalTempInfoHelper: thermal sensor14 type is pa_therm1
05-14 18:38:07.405  4063  5283 D ThermalManager$ThermalTempInfoHelper: thermal sensor15 type is emmc_therm
05-14 18:38:07.407  4063  5283 D ThermalManager$ThermalTempInfoHelper: thermal sensor16 type is msm_therm
05-14 18:38:07.411  4063  5283 D ThermalManager$ThermalTempInfoHelper: thermal sensor0 type is tsens_tz_sensor0
05-14 18:38:07.413  4063  5283 D ThermalManager$ThermalTempInfoHelper: thermal sensor1 type is tsens_tz_sensor1
05-14 18:38:07.416  4063  5283 D ThermalManager$ThermalTempInfoHelper: thermal sensor2 type is tsens_tz_sensor2
05-14 18:38:07.418  4063  5283 D ThermalManager$ThermalTempInfoHelper: thermal sensor3 type is tsens_tz_sensor3
05-14 18:38:07.421  4063  5283 D ThermalManager$ThermalTempInfoHelper: thermal sensor4 type is tsens_tz_sensor4
05-14 18:38:07.423  4063  5283 D ThermalManager$ThermalTempInfoHelper: thermal sensor5 type is tsens_tz_sensor5
05-14 18:38:07.426  4063  5283 D ThermalManager$ThermalTempInfoHelper: thermal sensor6 type is tsens_tz_sensor6
05-14 18:38:07.428  4063  5283 D ThermalManager$ThermalTempInfoHelper: thermal sensor7 type is tsens_tz_sensor7
05-14 18:38:07.431  4063  5283 D ThermalManager$ThermalTempInfoHelper: thermal sensor8 type is tsens_tz_sensor8
05-14 18:38:07.433  4063  5283 D ThermalManager$ThermalTempInfoHelper: thermal sensor9 type is tsens_tz_sensor9
05-14 18:38:07.436  4063  5283 D ThermalManager$ThermalTempInfoHelper: thermal sensor10 type is tsens_tz_sensor10
05-14 18:38:07.438  4063  5283 D ThermalManager$ThermalTempInfoHelper: thermal sensor11 type is pm8841_tz
05-14 18:38:07.441  4063  5283 D ThermalManager$ThermalTempInfoHelper: thermal sensor12 type is pm8941_tz
05-14 18:38:07.443  4063  5283 D ThermalManager$ThermalTempInfoHelper: thermal sensor13 type is pa_therm0
